Archive member included to satisfy reference by file (symbol)

I:/STM32CubeIDE_1.14.0/STM32CubeIDE/plugins/com.st.stm32cube.ide.mcu.externaltools.gnu-tools-for-stm32.12.3.rel1.win32_1.1.0.202410251130/tools/bin/../lib/gcc/arm-none-eabi/12.3.1/../../../../arm-none-eabi/lib/thumb/v7-m/nofp\libc_nano.a(libc_a-exit.o)
                              I:/STM32CubeIDE_1.14.0/STM32CubeIDE/plugins/com.st.stm32cube.ide.mcu.externaltools.gnu-tools-for-stm32.12.3.rel1.win32_1.1.0.202410251130/tools/bin/../lib/gcc/arm-none-eabi/12.3.1/../../../../arm-none-eabi/lib/thumb/v7-m/nofp/crt0.o (exit)
I:/STM32CubeIDE_1.14.0/STM32CubeIDE/plugins/com.st.stm32cube.ide.mcu.externaltools.gnu-tools-for-stm32.12.3.rel1.win32_1.1.0.202410251130/tools/bin/../lib/gcc/arm-none-eabi/12.3.1/../../../../arm-none-eabi/lib/thumb/v7-m/nofp\libc_nano.a(libc_a-findfp.o)
                              ./Middlewares/Third_Party/FreeRTOS/Source/tasks.o (__sf)
I:/STM32CubeIDE_1.14.0/STM32CubeIDE/plugins/com.st.stm32cube.ide.mcu.externaltools.gnu-tools-for-stm32.12.3.rel1.win32_1.1.0.202410251130/tools/bin/../lib/gcc/arm-none-eabi/12.3.1/../../../../arm-none-eabi/lib/thumb/v7-m/nofp\libc_nano.a(libc_a-fwalk.o)
                              I:/STM32CubeIDE_1.14.0/STM32CubeIDE/plugins/com.st.stm32cube.ide.mcu.externaltools.gnu-tools-for-stm32.12.3.rel1.win32_1.1.0.202410251130/tools/bin/../lib/gcc/arm-none-eabi/12.3.1/../../../../arm-none-eabi/lib/thumb/v7-m/nofp\libc_nano.a(libc_a-findfp.o) (_fwalk_sglue)
I:/STM32CubeIDE_1.14.0/STM32CubeIDE/plugins/com.st.stm32cube.ide.mcu.externaltools.gnu-tools-for-stm32.12.3.rel1.win32_1.1.0.202410251130/tools/bin/../lib/gcc/arm-none-eabi/12.3.1/../../../../arm-none-eabi/lib/thumb/v7-m/nofp\libc_nano.a(libc_a-sprintf.o)
                              ./UART_Output/UART_Output.o (sprintf)
I:/STM32CubeIDE_1.14.0/STM32CubeIDE/plugins/com.st.stm32cube.ide.mcu.externaltools.gnu-tools-for-stm32.12.3.rel1.win32_1.1.0.202410251130/tools/bin/../lib/gcc/arm-none-eabi/12.3.1/../../../../arm-none-eabi/lib/thumb/v7-m/nofp\libc_nano.a(libc_a-stdio.o)
                              I:/STM32CubeIDE_1.14.0/STM32CubeIDE/plugins/com.st.stm32cube.ide.mcu.externaltools.gnu-tools-for-stm32.12.3.rel1.win32_1.1.0.202410251130/tools/bin/../lib/gcc/arm-none-eabi/12.3.1/../../../../arm-none-eabi/lib/thumb/v7-m/nofp\libc_nano.a(libc_a-findfp.o) (__sread)
I:/STM32CubeIDE_1.14.0/STM32CubeIDE/plugins/com.st.stm32cube.ide.mcu.externaltools.gnu-tools-for-stm32.12.3.rel1.win32_1.1.0.202410251130/tools/bin/../lib/gcc/arm-none-eabi/12.3.1/../../../../arm-none-eabi/lib/thumb/v7-m/nofp\libc_nano.a(libc_a-memset.o)
                              I:/STM32CubeIDE_1.14.0/STM32CubeIDE/plugins/com.st.stm32cube.ide.mcu.externaltools.gnu-tools-for-stm32.12.3.rel1.win32_1.1.0.202410251130/tools/bin/../lib/gcc/arm-none-eabi/12.3.1/../../../../arm-none-eabi/lib/thumb/v7-m/nofp/crt0.o (memset)
I:/STM32CubeIDE_1.14.0/STM32CubeIDE/plugins/com.st.stm32cube.ide.mcu.externaltools.gnu-tools-for-stm32.12.3.rel1.win32_1.1.0.202410251130/tools/bin/../lib/gcc/arm-none-eabi/12.3.1/../../../../arm-none-eabi/lib/thumb/v7-m/nofp\libc_nano.a(libc_a-closer.o)
                              I:/STM32CubeIDE_1.14.0/STM32CubeIDE/plugins/com.st.stm32cube.ide.mcu.externaltools.gnu-tools-for-stm32.12.3.rel1.win32_1.1.0.202410251130/tools/bin/../lib/gcc/arm-none-eabi/12.3.1/../../../../arm-none-eabi/lib/thumb/v7-m/nofp\libc_nano.a(libc_a-stdio.o) (_close_r)
I:/STM32CubeIDE_1.14.0/STM32CubeIDE/plugins/com.st.stm32cube.ide.mcu.externaltools.gnu-tools-for-stm32.12.3.rel1.win32_1.1.0.202410251130/tools/bin/../lib/gcc/arm-none-eabi/12.3.1/../../../../arm-none-eabi/lib/thumb/v7-m/nofp\libc_nano.a(libc_a-reent.o)
                              ./Middlewares/Third_Party/FreeRTOS/Source/tasks.o (_reclaim_reent)
I:/STM32CubeIDE_1.14.0/STM32CubeIDE/plugins/com.st.stm32cube.ide.mcu.externaltools.gnu-tools-for-stm32.12.3.rel1.win32_1.1.0.202410251130/tools/bin/../lib/gcc/arm-none-eabi/12.3.1/../../../../arm-none-eabi/lib/thumb/v7-m/nofp\libc_nano.a(libc_a-impure.o)
                              ./Middlewares/Third_Party/FreeRTOS/Source/tasks.o (_impure_ptr)
I:/STM32CubeIDE_1.14.0/STM32CubeIDE/plugins/com.st.stm32cube.ide.mcu.externaltools.gnu-tools-for-stm32.12.3.rel1.win32_1.1.0.202410251130/tools/bin/../lib/gcc/arm-none-eabi/12.3.1/../../../../arm-none-eabi/lib/thumb/v7-m/nofp\libc_nano.a(libc_a-lseekr.o)
                              I:/STM32CubeIDE_1.14.0/STM32CubeIDE/plugins/com.st.stm32cube.ide.mcu.externaltools.gnu-tools-for-stm32.12.3.rel1.win32_1.1.0.202410251130/tools/bin/../lib/gcc/arm-none-eabi/12.3.1/../../../../arm-none-eabi/lib/thumb/v7-m/nofp\libc_nano.a(libc_a-stdio.o) (_lseek_r)
I:/STM32CubeIDE_1.14.0/STM32CubeIDE/plugins/com.st.stm32cube.ide.mcu.externaltools.gnu-tools-for-stm32.12.3.rel1.win32_1.1.0.202410251130/tools/bin/../lib/gcc/arm-none-eabi/12.3.1/../../../../arm-none-eabi/lib/thumb/v7-m/nofp\libc_nano.a(libc_a-readr.o)
[...]
Memory Configuration

Name             Origin             Length             Attributes
RAM              0x20000000         0x00005000         xrw
FLASH            0x08000000         0x00010000         xr
*default*        0x00000000         0xffffffff

Linker script and memory map

LOAD I:/STM32CubeIDE_1.14.0/STM32CubeIDE/plugins/com.st.stm32cube.ide.mcu.externaltools.gnu-tools-for-stm32.12.3.rel1.win32_1.1.0.202410251130/tools/bin/../lib/gcc/arm-none-eabi/12.3.1/thumb/v7-m/nofp/crti.o
LOAD I:/STM32CubeIDE_1.14.0/STM32CubeIDE/plugins/com.st.stm32cube.ide.mcu.externaltools.gnu-tools-for-stm32.12.3.rel1.win32_1.1.0.202410251130/tools/bin/../lib/gcc/arm-none-eabi/12.3.1/thumb/v7-m/nofp/crtbegin.o
LOAD I:/STM32CubeIDE_1.14.0/STM32CubeIDE/plugins/com.st.stm32cube.ide.mcu.externaltools.gnu-tools-for-stm32.12.3.rel1.win32_1.1.0.202410251130/tools/bin/../lib/gcc/arm-none-eabi/12.3.1/../../../../arm-none-eabi/lib/thumb/v7-m/nofp/crt0.o
LOAD ./ADC_LoadCell/ADC_LoadCell.o
LOAD ./ChaeburatorIT_Proc/ChaeburatorIT_Proc.o
LOAD ./Core/Src/freertos.o
LOAD ./Core/Src/main.o
LOAD ./Core/Src/stm32f1xx_hal_msp.o
LOAD ./Core/Src/stm32f1xx_it.o
LOAD ./Core/Src/syscalls.o
LOAD ./Core/Src/sysmem.o
LOAD ./Core/Src/system_stm32f1xx.o
LOAD ./Core/Startup/startup_stm32f103c8tx.o
LOAD ./Drivers/BrushedDC/BrushedDC.o
LOAD ./Drivers/STM32F1xx_HAL_Driver/Src/stm32f1xx_hal.o
LOAD ./Drivers/STM32F1xx_HAL_Driver/Src/stm32f1xx_hal_adc.o
LOAD ./Drivers/STM32F1xx_HAL_Driver/Src/stm32f1xx_hal_adc_ex.o
LOAD ./Drivers/STM32F1xx_HAL_Driver/Src/stm32f1xx_hal_cortex.o
LOAD ./Drivers/STM32F1xx_HAL_Driver/Src/stm32f1xx_hal_dma.o
LOAD ./Drivers/STM32F1xx_HAL_Driver/Src/stm32f1xx_hal_exti.o
LOAD ./Drivers/STM32F1xx_HAL_Driver/Src/stm32f1xx_hal_flash.o
LOAD ./Drivers/STM32F1xx_HAL_Driver/Src/stm32f1xx_hal_flash_ex.o
LOAD ./Drivers/STM32F1xx_HAL_Driver/Src/stm32f1xx_hal_gpio.o
LOAD ./Drivers/STM32F1xx_HAL_Driver/Src/stm32f1xx_hal_gpio_ex.o
LOAD ./Drivers/STM32F1xx_HAL_Driver/Src/stm32f1xx_hal_pwr.o
LOAD ./Drivers/STM32F1xx_HAL_Driver/Src/stm32f1xx_hal_rcc.o
LOAD ./Drivers/STM32F1xx_HAL_Driver/Src/stm32f1xx_hal_rcc_ex.o
LOAD ./Drivers/STM32F1xx_HAL_Driver/Src/stm32f1xx_hal_spi.o
LOAD ./Drivers/STM32F1xx_HAL_Driver/Src/stm32f1xx_hal_tim.o
LOAD ./Drivers/STM32F1xx_HAL_Driver/Src/stm32f1xx_hal_tim_ex.o
LOAD ./Drivers/STM32F1xx_HAL_Driver/Src/stm32f1xx_hal_uart.o
LOAD ./Drivers/Servo/Servo.o
LOAD ./Middlewares/Third_Party/FreeRTOS/Source/CMSIS_RTOS/cmsis_os.o
LOAD ./Middlewares/Third_Party/FreeRTOS/Source/croutine.o
LOAD ./Middlewares/Third_Party/FreeRTOS/Source/event_groups.o
LOAD ./Middlewares/Third_Party/FreeRTOS/Source/list.o
LOAD ./Middlewares/Third_Party/FreeRTOS/Source/queue.o
LOAD ./Middlewares/Third_Party/FreeRTOS/Source/stream_buffer.o
LOAD ./Middlewares/Third_Party/FreeRTOS/Source/tasks.o
LOAD ./Middlewares/Third_Party/FreeRTOS/Source/timers.o
LOAD ./Middlewares/Third_Party/FreeRTOS/Source/portable/GCC/ARM_CM3/port.o
LOAD ./Middlewares/Third_Party/FreeRTOS/Source/portable/MemMang/heap_4.o
LOAD ./SX12xxDrivers-V2.1.0/src/RxTx/DataProcess.o
LOAD ./SX12xxDrivers-V2.1.0/src/RxTx/LinkIndication.o
LOAD ./SX12xxDrivers-V2.1.0/src/radio/radio.o
LOAD ./SX12xxDrivers-V2.1.0/src/radio/spi.o
LOAD ./SX12xxDrivers-V2.1.0/src/radio/sx1276-Hal.o
LOAD ./SX12xxDrivers-V2.1.0/src/radio/sx1276-LoRaMisk.o
LOAD ./SX12xxDrivers-V2.1.0/src/radio/sx1276-Lora.o
LOAD ./SX12xxDrivers-V2.1.0/src/radio/sx1276.o
LOAD ./UART_Output/UART_Output.o
START GROUP
LOAD I:/STM32CubeIDE_1.14.0/STM32CubeIDE/plugins/com.st.stm32cube.ide.mcu.externaltools.gnu-tools-for-stm32.12.3.rel1.win32_1.1.0.202410251130/tools/bin/../lib/gcc/arm-none-eabi/12.3.1/../../../../arm-none-eabi/lib/thumb/v7-m/nofp\libc_nano.a
LOAD I:/STM32CubeIDE_1.14.0/STM32CubeIDE/plugins/com.st.stm32cube.ide.mcu.externaltools.gnu-tools-for-stm32.12.3.rel1.win32_1.1.0.202410251130/tools/bin/../lib/gcc/arm-none-eabi/12.3.1/../../../../arm-none-eabi/lib/thumb/v7-m/nofp\libm.a
END GROUP
START GROUP
LOAD I:/STM32CubeIDE_1.14.0/STM32CubeIDE/plugins/com.st.stm32cube.ide.mcu.externaltools.gnu-tools-for-stm32.12.3.rel1.win32_1.1.0.202410251130/tools/bin/../lib/gcc/arm-none-eabi/12.3.1/thumb/v7-m/nofp\libgcc.a
LOAD I:/STM32CubeIDE_1.14.0/STM32CubeIDE/plugins/com.st.stm32cube.ide.mcu.externaltools.gnu-tools-for-stm32.12.3.rel1.win32_1.1.0.202410251130/tools/bin/../lib/gcc/arm-none-eabi/12.3.1/../../../../arm-none-eabi/lib/thumb/v7-m/nofp\libc_nano.a
END GROUP
START GROUP
LOAD I:/STM32CubeIDE_1.14.0/STM32CubeIDE/plugins/com.st.stm32cube.ide.mcu.externaltools.gnu-tools-for-stm32.12.3.rel1.win32_1.1.0.202410251130/tools/bin/../lib/gcc/arm-none-eabi/12.3.1/thumb/v7-m/nofp\libgcc.a
LOAD I:/STM32CubeIDE_1.14.0/STM32CubeIDE/plugins/com.st.stm32cube.ide.mcu.externaltools.gnu-tools-for-stm32.12.3.rel1.win32_1.1.0.202410251130/tools/bin/../lib/gcc/arm-none-eabi/12.3.1/../../../../arm-none-eabi/lib/thumb/v7-m/nofp\libc_nano.a
LOAD I:/STM32CubeIDE_1.14.0/STM32CubeIDE/plugins/com.st.stm32cube.ide.mcu.externaltools.gnu-tools-for-stm32.12.3.rel1.win32_1.1.0.202410251130/tools/bin/../lib/gcc/arm-none-eabi/12.3.1/../../../../arm-none-eabi/lib/thumb/v7-m/nofp\libnosys.a
END GROUP
START GROUP
LOAD I:/STM32CubeIDE_1.14.0/STM32CubeIDE/plugins/com.st.stm32cube.ide.mcu.externaltools.gnu-tools-for-stm32.12.3.rel1.win32_1.1.0.202410251130/tools/bin/../lib/gcc/arm-none-eabi/12.3.1/thumb/v7-m/nofp\libgcc.a
LOAD I:/STM32CubeIDE_1.14.0/STM32CubeIDE/plugins/com.st.stm32cube.ide.mcu.externaltools.gnu-tools-for-stm32.12.3.rel1.win32_1.1.0.202410251130/tools/bin/../lib/gcc/arm-none-eabi/12.3.1/../../../../arm-none-eabi/lib/thumb/v7-m/nofp\libc_nano.a
LOAD I:/STM32CubeIDE_1.14.0/STM32CubeIDE/plugins/com.st.stm32cube.ide.mcu.externaltools.gnu-tools-for-stm32.12.3.rel1.win32_1.1.0.202410251130/tools/bin/../lib/gcc/arm-none-eabi/12.3.1/../../../../arm-none-eabi/lib/thumb/v7-m/nofp\libnosys.a
END GROUP
LOAD I:/STM32CubeIDE_1.14.0/STM32CubeIDE/plugins/com.st.stm32cube.ide.mcu.externaltools.gnu-tools-for-stm32.12.3.rel1.win32_1.1.0.202410251130/tools/bin/../lib/gcc/arm-none-eabi/12.3.1/thumb/v7-m/nofp/crtend.o
LOAD I:/STM32CubeIDE_1.14.0/STM32CubeIDE/plugins/com.st.stm32cube.ide.mcu.externaltools.gnu-tools-for-stm32.12.3.rel1.win32_1.1.0.202410251130/tools/bin/../lib/gcc/arm-none-eabi/12.3.1/thumb/v7-m/nofp/crtn.o
                0x20005000                        _estack = (ORIGIN (RAM) + LENGTH (RAM))
                0x00000200                        _Min_Heap_Size = 0x200
                0x00000400                        _Min_Stack_Size = 0x400

.isr_vector     0x08000000      0x10c
                0x08000000                        . = ALIGN (0x4)
 *(.isr_vector)
 .isr_vector    0x08000000      0x10c ./Core/Startup/startup_stm32f103c8tx.o
                0x08000000                g_pfnVectors
                0x0800010c                        . = ALIGN (0x4)

.text           0x08000110     0xa5e4
                0x08000110                        . = ALIGN (0x4)
 *(.text)
 .text          0x08000110       0x40 I:/STM32CubeIDE_1.14.0/STM32CubeIDE/plugins/com.st.stm32cube.ide.mcu.externaltools.gnu-tools-for-stm32.12.3.rel1.win32_1.1.0.202410251130/tools/bin/../lib/gcc/arm-none-eabi/12.3.1/thumb/v7-m/nofp/crtbegin.o
 .text          0x08000150      0x378 I:/STM32CubeIDE_1.14.0/STM32CubeIDE/plugins/com.st.stm32cube.ide.mcu.externaltools.gnu-tools-for-stm32.12.3.rel1.win32_1.1.0.202410251130/tools/bin/../lib/gcc/arm-none-eabi/12.3.1/thumb/v7-m/nofp\libgcc.a(_arm_addsubdf3.o)
                0x08000150                __aeabi_drsub
                0x08000158                __aeabi_dsub
                0x08000158                __subdf3
                0x0800015c                __aeabi_dadd
                0x0800015c                __adddf3
                0x080003d4                __floatunsidf
                0x080003d4                __aeabi_ui2d
                0x080003f4                __floatsidf
                0x080003f4                __aeabi_i2d
                0x08000418                __aeabi_f2d
                0x08000418                __extendsfdf2
                0x0800045c                __floatundidf
                0x0800045c                __aeabi_ul2d
                0x0800046c                __floatdidf
                0x0800046c                __aeabi_l2d
 .text          0x080004c8      0x424 I:/STM32CubeIDE_1.14.0/STM32CubeIDE/plugins/com.st.stm32cube.ide.mcu.externaltools.gnu-tools-for-stm32.12.3.rel1.win32_1.1.0.202410251130/tools/bin/../lib/gcc/arm-none-eabi/12.3.1/thumb/v7-m/nofp\libgcc.a(_arm_muldivdf3.o)
                0x080004c8                __aeabi_dmul
                0x080004c8                __muldf3
                0x0800071c                __divdf3
                0x0800071c                __aeabi_ddiv
 .text          0x080008ec      0x110 I:/STM32CubeIDE_1.14.0/STM32CubeIDE/plugins/com.st.stm32cube.ide.mcu.externaltools.gnu-tools-for-stm32.12.3.rel1.win32_1.1.0.202410251130/tools/bin/../lib/gcc/arm-none-eabi/12.3.1/thumb/v7-m/nofp\libgcc.a(_arm_cmpdf2.o)
                0x080008ec                __gtdf2
                0x080008ec                __gedf2
                0x080008f4                __ltdf2
                0x080008f4                __ledf2
                0x080008fc                __nedf2
                0x080008fc                __eqdf2
                0x080008fc                __cmpdf2
                0x08000978                __aeabi_cdrcmple
                0x08000988                __aeabi_cdcmpeq
                0x08000988                __aeabi_cdcmple
                0x08000998                __aeabi_dcmpeq
                0x080009ac                __aeabi_dcmplt
                0x080009c0                __aeabi_dcmple
                0x080009d4                __aeabi_dcmpge
                0x080009e8                __aeabi_dcmpgt
 .text          0x080009fc       0x50 I:/STM32CubeIDE_1.14.0/STM32CubeIDE/plugins/com.st.stm32cube.ide.mcu.externaltools.gnu-tools-for-stm32.12.3.rel1.win32_1.1.0.202410251130/tools/bin/../lib/gcc/arm-none-eabi/12.3.1/thumb/v7-m/nofp\libgcc.a(_arm_fixdfsi.o)
                0x080009fc                __aeabi_d2iz
                0x080009fc                __fixdfsi
 .text          0x08000a4c       0x40 I:/STM32CubeIDE_1.14.0/STM32CubeIDE/plugins/com.st.stm32cube.ide.mcu.externaltools.gnu-tools-for-stm32.12.3.rel1.win32_1.1.0.202410251130/tools/bin/../lib/gcc/arm-none-eabi/12.3.1/thumb/v7-m/nofp\libgcc.a(_arm_fixunsdfsi.o)
                0x08000a4c                __aeabi_d2uiz
                0x08000a4c                __fixunsdfsi
 .text          0x08000a8c      0x21c I:/STM32CubeIDE_1.14.0/STM32CubeIDE/plugins/com.st.stm32cube.ide.mcu.externaltools.gnu-tools-for-stm32.12.3.rel1.win32_1.1.0.202410251130/tools/bin/../lib/gcc/arm-none-eabi/12.3.1/thumb/v7-m/nofp\libgcc.a(_arm_addsubsf3.o)
                0x08000a8c                __aeabi_frsub
                0x08000a94                __subsf3
                0x08000a94                __aeabi_fsub
                0x08000a98                __aeabi_fadd
                0x08000a98                __addsf3
                0x08000bf8                __aeabi_ui2f
                0x08000bf8                __floatunsisf
                0x08000c00                __aeabi_i2f
                0x08000c00                __floatsisf
                0x08000c1c                __aeabi_ul2f
                0x08000c1c                __floatundisf
                0x08000c2c                __aeabi_l2f
                0x08000c2c                __floatdisf
 .text          0x08000ca8      0x2a0 I:/STM32CubeIDE_1.14.0/STM32CubeIDE/plugins/com.st.stm32cube.ide.mcu.externaltools.gnu-tools-for-stm32.12.3.rel1.win32_1.1.0.202410251130/tools/bin/../lib/gcc/arm-none-eabi/12.3.1/thumb/v7-m/nofp\libgcc.a(_arm_muldivsf3.o)
                0x08000ca8                __mulsf3
                0x08000ca8                __aeabi_fmul
                0x08000e10                __aeabi_fdiv
                0x08000e10                __divsf3
 .text          0x08000f48       0xec I:/STM32CubeIDE_1.14.0/STM32CubeIDE/plugins/com.st.stm32cube.ide.mcu.externaltools.gnu-tools-for-stm32.12.3.rel1.win32_1.1.0.202410251130/tools/bin/../lib/gcc/arm-none-eabi/12.3.1/thumb/v7-m/nofp\libgcc.a(_arm_cmpsf2.o)
                0x08000f48                __gesf2
                0x08000f48                __gtsf2
                0x08000f50                __lesf2
                0x08000f50                __ltsf2
                0x08000f58                __nesf2
                0x08000f58                __eqsf2
                0x08000f58                __cmpsf2
                0x08000fb8                __aeabi_cfrcmple
                0x08000fc0                __aeabi_cfcmpeq
                0x08000fc0                __aeabi_cfcmple
                0x08000fd0                __aeabi_fcmpeq
                0x08000fe4                __aeabi_fcmplt
                0x08000ff8                __aeabi_fcmple
                0x0800100c                __aeabi_fcmpge
                0x08001020                __aeabi_fcmpgt
 .text          0x08001034       0x4c I:/STM32CubeIDE_1.14.0/STM32CubeIDE/plugins/com.st.stm32cube.ide.mcu.externaltools.gnu-tools-for-stm32.12.3.rel1.win32_1.1.0.202410251130/tools/bin/../lib/gcc/arm-none-eabi/12.3.1/thumb/v7-m/nofp\libgcc.a(_arm_fixsfsi.o)
                0x08001034                __aeabi_f2iz
                0x08001034                __fixsfsi
 *(.text*)
 .text.StartMeasure
                0x08001080       0x1c ./ADC_LoadCell/ADC_LoadCell.o
                0x08001080                StartMeasure
 .text.VoltageCalc
                0x0800109c       0x68 ./ADC_LoadCell/ADC_LoadCell.o
                0x0800109c                VoltageCalc
 .text.HAL_ADC_ConvCpltCallback
                0x08001104       0x3c ./ADC_LoadCell/ADC_LoadCell.o
                0x08001104                HAL_ADC_ConvCpltCallback
 .text.HAL_GPIO_EXTI_Callback
                0x08001140       0x58 ./ChaeburatorIT_Proc/ChaeburatorIT_Proc.o
                0x08001140                HAL_GPIO_EXTI_Callback
 .text.CalcRxCommands
                0x08001198       0xc0 ./ChaeburatorIT_Proc/ChaeburatorIT_Proc.o
                0x08001198                CalcRxCommands
 .text.CheckRange
                0x08001258       0x40 ./ChaeburatorIT_Proc/ChaeburatorIT_Proc.o
                0x08001258                CheckRange
 .text.HAL_TIM_PeriodElapsedCallback
                0x08001298       0xcc ./ChaeburatorIT_Proc/ChaeburatorIT_Proc.o
                0x08001298                HAL_TIM_PeriodElapsedCallback
 .text.ZeroCommArr
                0x08001364       0x64 ./ChaeburatorIT_Proc/ChaeburatorIT_Proc.o
                0x08001364                ZeroCommArr
 .text.CheckBatVolt
                0x080013c8       0x40 ./ChaeburatorIT_Proc/ChaeburatorIT_Proc.o
                0x080013c8                CheckBatVolt
 .text.vApplicationGetIdleTaskMemory
                0x08001408       0x30 ./Core/Src/freertos.o
                0x08001408                vApplicationGetIdleTaskMemory
 .text.main     0x08001438      0x2a0 ./Core/Src/main.o
                0x08001438                main
 .text.SystemClock_Config
                0x080016d8       0xb6 ./Core/Src/main.o
                0x080016d8                SystemClock_Config
 *fill*         0x0800178e        0x2 
 .text.MX_ADC1_Init
                0x08001790       0x98 ./Core/Src/main.o
 .text.MX_SPI1_Init
                0x08001828       0x6c ./Core/Src/main.o
 .text.MX_TIM1_Init
                0x08001894       0xa4 ./Core/Src/main.o
 .text.MX_TIM2_Init
                0x08001938       0xf4 ./Core/Src/main.o
 .text.MX_TIM3_Init
                0x08001a2c       0xc8 ./Core/Src/main.o
 .text.MX_USART1_UART_Init
                0x08001af4       0x58 ./Core/Src/main.o
 .text.MX_DMA_Init
                0x08001b4c       0x4c ./Core/Src/main.o
 .text.MX_GPIO_Init
                0x08001b98      0x1a4 ./Core/Src/main.o
 .text.StartServo
                0x08001d3c       0xc4 ./Core/Src/main.o
                0x08001d3c                StartServo
 .text.StartServo2
                0x08001e00      0x108 ./Core/Src/main.o
                0x08001e00                StartServo2
 .text.StartEngineTest
                0x08001f08      0x1ac ./Core/Src/main.o
                0x08001f08                StartEngineTest
 .text.StartLoRaRx
                0x080020b4       0x38 ./Core/Src/main.o
                0x080020b4                StartLoRaRx
 .text.StartRxError
                0x080020ec       0x74 ./Core/Src/main.o
                0x080020ec                StartRxError
 .text.StartVoltMeas
                0x08002160       0xe4 ./Core/Src/main.o
                0x08002160                StartVoltMeas
 .text.StartLightSignal
                0x08002244       0x40 ./Core/Src/main.o
                0x08002244                StartLightSignal
 .text.StartSoundAlarm
                0x08002284       0x40 ./Core/Src/main.o
                0x08002284                StartSoundAlarm
 .text.StartControlTask
                0x080022c4       0x5c ./Core/Src/main.o
                0x080022c4                StartControlTask
 .text.Error_Handler
                0x08002320        0xc ./Core/Src/main.o
                0x08002320                Error_Handler
 .text.HAL_MspInit
                0x0800232c       0x70 ./Core/Src/stm32f1xx_hal_msp.o
                0x0800232c                HAL_MspInit
 .text.HAL_ADC_MspInit
                0x0800239c       0xd0 ./Core/Src/stm32f1xx_hal_msp.o
                0x0800239c                HAL_ADC_MspInit
 .text.HAL_SPI_MspInit
                0x0800246c       0xb4 ./Core/Src/stm32f1xx_hal_msp.o
                0x0800246c                HAL_SPI_MspInit
 .text.HAL_TIM_Base_MspInit
                0x08002520       0x4c ./Core/Src/stm32f1xx_hal_msp.o
                0x08002520                HAL_TIM_Base_MspInit
 .text.HAL_TIM_PWM_MspInit
                0x0800256c       0x60 ./Core/Src/stm32f1xx_hal_msp.o
                0x0800256c                HAL_TIM_PWM_MspInit
 .text.HAL_TIM_MspPostInit
                0x080025cc       0xa0 ./Core/Src/stm32f1xx_hal_msp.o
                0x080025cc                HAL_TIM_MspPostInit
 .text.HAL_UART_MspInit
                0x0800266c       0xfc ./Core/Src/stm32f1xx_hal_msp.o
                0x0800266c                HAL_UART_MspInit
 .text.NMI_Handler
                0x08002768        0x8 ./Core/Src/stm32f1xx_it.o
                0x08002768                NMI_Handler
 .text.HardFault_Handler
                0x08002770        0x8 ./Core/Src/stm32f1xx_it.o
                0x08002770                HardFault_Handler
 .text.MemManage_Handler
                0x08002778        0x8 ./Core/Src/stm32f1xx_it.o
                0x08002778                MemManage_Handler
 .text.BusFault_Handler
                0x08002780        0x8 ./Core/Src/stm32f1xx_it.o
                0x08002780                BusFault_Handler
 .text.UsageFault_Handler
                0x08002788        0x8 ./Core/Src/stm32f1xx_it.o
                0x08002788                UsageFault_Handler
 .text.DebugMon_Handler
                0x08002790        0xc ./Core/Src/stm32f1xx_it.o
                0x08002790                DebugMon_Handler
 .text.SysTick_Handler
                0x0800279c       0x1a ./Core/Src/stm32f1xx_it.o
                0x0800279c                SysTick_Handler
 *fill*         0x080027b6        0x2 
 .text.DMA1_Channel1_IRQHandler
                0x080027b8       0x14 ./Core/Src/stm32f1xx_it.o
                0x080027b8                DMA1_Channel1_IRQHandler
 .text.DMA1_Channel4_IRQHandler
                0x080027cc       0x14 ./Core/Src/stm32f1xx_it.o
                0x080027cc                DMA1_Channel4_IRQHandler
 .text.EXTI9_5_IRQHandler
                0x080027e0        0xe ./Core/Src/stm32f1xx_it.o
                0x080027e0                EXTI9_5_IRQHandler
 *fill*         0x080027ee        0x2 
 .text.TIM1_UP_IRQHandler
                0x080027f0       0x14 ./Core/Src/stm32f1xx_it.o
                0x080027f0                TIM1_UP_IRQHandler
 .text.USART1_IRQHandler
                0x08002804       0x14 ./Core/Src/stm32f1xx_it.o
                0x08002804                USART1_IRQHandler
 .text.SystemInit
                0x08002818        0xc ./Core/Src/system_stm32f1xx.o
                0x08002818                SystemInit
 .text.Reset_Handler
                0x08002824       0x48 ./Core/Startup/startup_stm32f103c8tx.o
                0x08002824                Reset_Handler
 .text.Default_Handler
                0x0800286c        0x2 ./Core/Startup/startup_stm32f103c8tx.o
                0x0800286c                RTC_Alarm_IRQHandler
                0x0800286c                EXTI2_IRQHandler
                0x0800286c                TIM1_CC_IRQHandler
                0x0800286c                PVD_IRQHandler
                0x0800286c                EXTI3_IRQHandler
                0x0800286c                EXTI0_IRQHandler
                0x0800286c                I2C2_EV_IRQHandler
                0x0800286c                ADC1_2_IRQHandler
                0x0800286c                SPI1_IRQHandler
                0x0800286c                TAMPER_IRQHandler
                0x0800286c                USART3_IRQHandler
                0x0800286c                RTC_IRQHandler
                0x0800286c                DMA1_Channel7_IRQHandler
                0x0800286c                CAN1_RX1_IRQHandler
                0x0800286c                TIM4_IRQHandler
                0x0800286c                I2C1_EV_IRQHandler
                0x0800286c                DMA1_Channel6_IRQHandler
                0x0800286c                TIM3_IRQHandler
                0x0800286c                RCC_IRQHandler
                0x0800286c                TIM1_TRG_COM_IRQHandler
                0x0800286c                Default_Handler
                0x0800286c                EXTI15_10_IRQHandler
                0x0800286c                SPI2_IRQHandler
                0x0800286c                DMA1_Channel5_IRQHandler
                0x0800286c                EXTI4_IRQHandler
                0x0800286c                USB_LP_CAN1_RX0_IRQHandler
                0x0800286c                USB_HP_CAN1_TX_IRQHandler
                0x0800286c                DMA1_Channel3_IRQHandler
                0x0800286c                WWDG_IRQHandler
                0x0800286c                TIM2_IRQHandler
                0x0800286c                TIM1_BRK_IRQHandler
                0x0800286c                EXTI1_IRQHandler
                0x0800286c                USART2_IRQHandler
                0x0800286c                I2C2_ER_IRQHandler
                0x0800286c                DMA1_Channel2_IRQHandler
                0x0800286c                CAN1_SCE_IRQHandler
                0x0800286c                FLASH_IRQHandler
                0x0800286c                I2C1_ER_IRQHandler
                0x0800286c                USBWakeUp_IRQHandler
 *fill*         0x0800286e        0x2 
 .text.Brushed2DC_Control
                0x08002870      0x198 ./Drivers/BrushedDC/BrushedDC.o
                0x08002870                Brushed2DC_Control
 .text.HAL_Init
                0x08002a08       0x2c ./Drivers/STM32F1xx_HAL_Driver/Src/stm32f1xx_hal.o
                0x08002a08                HAL_Init
 .text.HAL_InitTick
                0x08002a34       0x60 ./Drivers/STM32F1xx_HAL_Driver/Src/stm32f1xx_hal.o
                0x08002a34                HAL_InitTick
 .text.HAL_IncTick
                0x08002a94       0x24 ./Drivers/STM32F1xx_HAL_Driver/Src/stm32f1xx_hal.o
                0x08002a94                HAL_IncTick
 .text.HAL_GetTick
                0x08002ab8       0x14 ./Drivers/STM32F1xx_HAL_Driver/Src/stm32f1xx_hal.o
                0x08002ab8                HAL_GetTick
 .text.HAL_Delay
                0x08002acc       0x48 ./Drivers/STM32F1xx_HAL_Driver/Src/stm32f1xx_hal.o
                0x08002acc                HAL_Delay
 .text.HAL_ADC_Init
                0x08002b14      0x1b0 ./Drivers/STM32F1xx_HAL_Driver/Src/stm32f1xx_hal_adc.o
                0x08002b14                HAL_ADC_Init
 .text.HAL_ADC_Start_DMA
                0x08002cc4      0x1bc ./Drivers/STM32F1xx_HAL_Driver/Src/stm32f1xx_hal_adc.o
                0x08002cc4                HAL_ADC_Start_DMA
 .text.HAL_ADC_Stop_DMA
                0x08002e80       0x98 ./Drivers/STM32F1xx_HAL_Driver/Src/stm32f1xx_hal_adc.o
                0x08002e80                HAL_ADC_Stop_DMA
 .text.HAL_ADC_ConvHalfCpltCallback
                0x08002f18       0x12 ./Drivers/STM32F1xx_HAL_Driver/Src/stm32f1xx_hal_adc.o
                0x08002f18                HAL_ADC_ConvHalfCpltCallback
 .text.HAL_ADC_ErrorCallback
                0x08002f2a       0x12 ./Drivers/STM32F1xx_HAL_Driver/Src/stm32f1xx_hal_adc.o
                0x08002f2a                HAL_ADC_ErrorCallback
 .text.HAL_ADC_ConfigChannel
                0x08002f3c      0x1f0 ./Drivers/STM32F1xx_HAL_Driver/Src/stm32f1xx_hal_adc.o
                0x08002f3c                HAL_ADC_ConfigChannel
 .text.ADC_Enable
                0x0800312c       0xb4 ./Drivers/STM32F1xx_HAL_Driver/Src/stm32f1xx_hal_adc.o
                0x0800312c                ADC_Enable
 .text.ADC_ConversionStop_Disable
                0x080031e0       0x82 ./Drivers/STM32F1xx_HAL_Driver/Src/stm32f1xx_hal_adc.o
                0x080031e0                ADC_ConversionStop_Disable
 .text.ADC_DMAConvCplt
                0x08003262       0x7c ./Drivers/STM32F1xx_HAL_Driver/Src/stm32f1xx_hal_adc.o
                0x08003262                ADC_DMAConvCplt
 .text.ADC_DMAHalfConvCplt
                0x080032de       0x1c ./Drivers/STM32F1xx_HAL_Driver/Src/stm32f1xx_hal_adc.o
                0x080032de                ADC_DMAHalfConvCplt
 .text.ADC_DMAError
                0x080032fa       0x34 ./Drivers/STM32F1xx_HAL_Driver/Src/stm32f1xx_hal_adc.o
                0x080032fa                ADC_DMAError
 *fill*         0x0800332e        0x2 
 .text.HAL_ADCEx_Calibration_Start
                0x08003330      0x15c ./Drivers/STM32F1xx_HAL_Driver/Src/stm32f1xx_hal_adc_ex.o
                0x08003330                HAL_ADCEx_Calibration_Start
 .text.__NVIC_SetPriorityGrouping
                0x0800348c       0x48 ./Drivers/STM32F1xx_HAL_Driver/Src/stm32f1xx_hal_cortex.o
 .text.__NVIC_GetPriorityGrouping
                0x080034d4       0x1c ./Drivers/STM32F1xx_HAL_Driver/Src/stm32f1xx_hal_cortex.o
 .text.__NVIC_EnableIRQ
                0x080034f0       0x38 ./Drivers/STM32F1xx_HAL_Driver/Src/stm32f1xx_hal_cortex.o
 .text.__NVIC_SetPriority
                0x08003528       0x54 ./Drivers/STM32F1xx_HAL_Driver/Src/stm32f1xx_hal_cortex.o
 .text.NVIC_EncodePriority
                0x0800357c       0x64 ./Drivers/STM32F1xx_HAL_Driver/Src/stm32f1xx_hal_cortex.o
 .text.SysTick_Config
                0x080035e0       0x44 ./Drivers/STM32F1xx_HAL_Driver/Src/stm32f1xx_hal_cortex.o
 .text.HAL_NVIC_SetPriorityGrouping
                0x08003624       0x16 ./Drivers/STM32F1xx_HAL_Driver/Src/stm32f1xx_hal_cortex.o
                0x08003624                HAL_NVIC_SetPriorityGrouping
 .text.HAL_NVIC_SetPriority
                0x0800363a       0x38 ./Drivers/STM32F1xx_HAL_Driver/Src/stm32f1xx_hal_cortex.o
                0x0800363a                HAL_NVIC_SetPriority
 .text.HAL_NVIC_EnableIRQ
                0x08003672       0x1c ./Drivers/STM32F1xx_HAL_Driver/Src/stm32f1xx_hal_cortex.o
                0x08003672                HAL_NVIC_EnableIRQ
 .text.HAL_SYSTICK_Config
                0x0800368e       0x18 ./Drivers/STM32F1xx_HAL_Driver/Src/stm32f1xx_hal_cortex.o
                0x0800368e                HAL_SYSTICK_Config
 *fill*         0x080036a6        0x2 
 .text.HAL_DMA_Init
                0x080036a8       0xb4 ./Drivers/STM32F1xx_HAL_Driver/Src/stm32f1xx_hal_dma.o
                0x080036a8                HAL_DMA_Init
 .text.HAL_DMA_Start_IT
                0x0800375c       0xc0 ./Drivers/STM32F1xx_HAL_Driver/Src/stm32f1xx_hal_dma.o
                0x0800375c                HAL_DMA_Start_IT
 .text.HAL_DMA_Abort
                0x0800381c       0x76 ./Drivers/STM32F1xx_HAL_Driver/Src/stm32f1xx_hal_dma.o
                0x0800381c                HAL_DMA_Abort
 *fill*         0x08003892        0x2 
 .text.HAL_DMA_Abort_IT
                0x08003894       0xf0 ./Drivers/STM32F1xx_HAL_Driver/Src/stm32f1xx_hal_dma.o
                0x08003894                HAL_DMA_Abort_IT
 .text.HAL_DMA_IRQHandler
                0x08003984      0x20c ./Drivers/STM32F1xx_HAL_Driver/Src/stm32f1xx_hal_dma.o
                0x08003984                HAL_DMA_IRQHandler
 .text.DMA_SetConfig
                0x08003b90       0x5a ./Drivers/STM32F1xx_HAL_Driver/Src/stm32f1xx_hal_dma.o
 *fill*         0x08003bea        0x2 
 .text.HAL_GPIO_Init
                0x08003bec      0x308 ./Drivers/STM32F1xx_HAL_Driver/Src/stm32f1xx_hal_gpio.o
                0x08003bec                HAL_GPIO_Init
 .text.HAL_GPIO_WritePin
                0x08003ef4       0x30 ./Drivers/STM32F1xx_HAL_Driver/Src/stm32f1xx_hal_gpio.o
                0x08003ef4                HAL_GPIO_WritePin
 .text.HAL_GPIO_EXTI_IRQHandler
                0x08003f24       0x30 ./Drivers/STM32F1xx_HAL_Driver/Src/stm32f1xx_hal_gpio.o
                0x08003f24                HAL_GPIO_EXTI_IRQHandler
 .text.HAL_RCC_OscConfig
                0x08003f54      0x504 ./Drivers/STM32F1xx_HAL_Driver/Src/stm32f1xx_hal_rcc.o
                0x08003f54                HAL_RCC_OscConfig
 .text.HAL_RCC_ClockConfig
                0x08004458      0x1d4 ./Drivers/STM32F1xx_HAL_Driver/Src/stm32f1xx_hal_rcc.o
                0x08004458                HAL_RCC_ClockConfig
 .text.HAL_RCC_GetSysClockFreq
                0x0800462c       0xa8 ./Drivers/STM32F1xx_HAL_Driver/Src/stm32f1xx_hal_rcc.o
                0x0800462c                HAL_RCC_GetSysClockFreq
 .text.HAL_RCC_GetHCLKFreq
                0x080046d4       0x14 ./Drivers/STM32F1xx_HAL_Driver/Src/stm32f1xx_hal_rcc.o
                0x080046d4                HAL_RCC_GetHCLKFreq
 .text.HAL_RCC_GetPCLK1Freq
                0x080046e8       0x28 ./Drivers/STM32F1xx_HAL_Driver/Src/stm32f1xx_hal_rcc.o
                0x080046e8                HAL_RCC_GetPCLK1Freq
 .text.HAL_RCC_GetPCLK2Freq
                0x08004710       0x28 ./Drivers/STM32F1xx_HAL_Driver/Src/stm32f1xx_hal_rcc.o
                0x08004710                HAL_RCC_GetPCLK2Freq
 .text.RCC_Delay
                0x08004738       0x3c ./Drivers/STM32F1xx_HAL_Driver/Src/stm32f1xx_hal_rcc.o
 .text.HAL_RCCEx_PeriphCLKConfig
                0x08004774      0x16c ./Drivers/STM32F1xx_HAL_Driver/Src/stm32f1xx_hal_rcc_ex.o
                0x08004774                HAL_RCCEx_PeriphCLKConfig
 .text.HAL_RCCEx_GetPeriphCLKFreq
                0x080048e0      0x16c ./Drivers/STM32F1xx_HAL_Driver/Src/stm32f1xx_hal_rcc_ex.o
                0x080048e0                HAL_RCCEx_GetPeriphCLKFreq
 .text.HAL_SPI_Init
                0x08004a4c      0x108 ./Drivers/STM32F1xx_HAL_Driver/Src/stm32f1xx_hal_spi.o
                0x08004a4c                HAL_SPI_Init
 .text.HAL_SPI_Transmit
                0x08004b54      0x288 ./Drivers/STM32F1xx_HAL_Driver/Src/stm32f1xx_hal_spi.o
                0x08004b54                HAL_SPI_Transmit
 .text.HAL_SPI_Receive
                0x08004ddc      0x232 ./Drivers/STM32F1xx_HAL_Driver/Src/stm32f1xx_hal_spi.o
                0x08004ddc                HAL_SPI_Receive
 .text.HAL_SPI_TransmitReceive
                0x0800500e      0x352 ./Drivers/STM32F1xx_HAL_Driver/Src/stm32f1xx_hal_spi.o
                0x0800500e                HAL_SPI_TransmitReceive
 .text.SPI_WaitFlagStateUntilTimeout
                0x08005360      0x110 ./Drivers/STM32F1xx_HAL_Driver/Src/stm32f1xx_hal_spi.o
 .text.SPI_EndRxTransaction
                0x08005470       0xa4 ./Drivers/STM32F1xx_HAL_Driver/Src/stm32f1xx_hal_spi.o
 .text.SPI_EndRxTxTransaction
                0x08005514       0x62 ./Drivers/STM32F1xx_HAL_Driver/Src/stm32f1xx_hal_spi.o
 .text.HAL_TIM_Base_Init
                0x08005576       0x9e ./Drivers/STM32F1xx_HAL_Driver/Src/stm32f1xx_hal_tim.o
                0x08005576                HAL_TIM_Base_Init
 .text.HAL_TIM_Base_Start_IT
                0x08005614       0xa4 ./Drivers/STM32F1xx_HAL_Driver/Src/stm32f1xx_hal_tim.o
                0x08005614                HAL_TIM_Base_Start_IT
 .text.HAL_TIM_PWM_Init
                0x080056b8       0x9e ./Drivers/STM32F1xx_HAL_Driver/Src/stm32f1xx_hal_tim.o
                0x080056b8                HAL_TIM_PWM_Init
 *fill*         0x08005756        0x2 
 .text.HAL_TIM_PWM_Start
                0x08005758      0x144 ./Drivers/STM32F1xx_HAL_Driver/Src/stm32f1xx_hal_tim.o
                0x08005758                HAL_TIM_PWM_Start
 .text.HAL_TIM_PWM_Stop
                0x0800589c       0xc8 ./Drivers/STM32F1xx_HAL_Driver/Src/stm32f1xx_hal_tim.o
                0x0800589c                HAL_TIM_PWM_Stop
 .text.HAL_TIM_IRQHandler
                0x08005964      0x1e0 ./Drivers/STM32F1xx_HAL_Driver/Src/stm32f1xx_hal_tim.o
                0x08005964                HAL_TIM_IRQHandler
 .text.HAL_TIM_PWM_ConfigChannel
                0x08005b44      0x184 ./Drivers/STM32F1xx_HAL_Driver/Src/stm32f1xx_hal_tim.o
                0x08005b44                HAL_TIM_PWM_ConfigChannel
 .text.HAL_TIM_ConfigClockSource
                0x08005cc8      0x18e ./Drivers/STM32F1xx_HAL_Driver/Src/stm32f1xx_hal_tim.o
                0x08005cc8                HAL_TIM_ConfigClockSource
 .text.HAL_TIM_OC_DelayElapsedCallback
                0x08005e56       0x12 ./Drivers/STM32F1xx_HAL_Driver/Src/stm32f1xx_hal_tim.o
                0x08005e56                HAL_TIM_OC_DelayElapsedCallback
 .text.HAL_TIM_IC_CaptureCallback
                0x08005e68       0x12 ./Drivers/STM32F1xx_HAL_Driver/Src/stm32f1xx_hal_tim.o
                0x08005e68                HAL_TIM_IC_CaptureCallback
 .text.HAL_TIM_PWM_PulseFinishedCallback
                0x08005e7a       0x12 ./Drivers/STM32F1xx_HAL_Driver/Src/stm32f1xx_hal_tim.o
                0x08005e7a                HAL_TIM_PWM_PulseFinishedCallback
 .text.HAL_TIM_TriggerCallback
                0x08005e8c       0x12 ./Drivers/STM32F1xx_HAL_Driver/Src/stm32f1xx_hal_tim.o
                0x08005e8c                HAL_TIM_TriggerCallback
 *fill*         0x08005e9e        0x2 
 .text.TIM_Base_SetConfig
                0x08005ea0       0xdc ./Drivers/STM32F1xx_HAL_Driver/Src/stm32f1xx_hal_tim.o
                0x08005ea0                TIM_Base_SetConfig
 .text.TIM_OC1_SetConfig
                0x08005f7c       0xcc ./Drivers/STM32F1xx_HAL_Driver/Src/stm32f1xx_hal_tim.o
 .text.TIM_OC2_SetConfig
                0x08006048       0xd4 ./Drivers/STM32F1xx_HAL_Driver/Src/stm32f1xx_hal_tim.o
                0x08006048                TIM_OC2_SetConfig
 .text.TIM_OC3_SetConfig
                0x0800611c       0xd4 ./Drivers/STM32F1xx_HAL_Driver/Src/stm32f1xx_hal_tim.o
 .text.TIM_OC4_SetConfig
                0x080061f0       0x9c ./Drivers/STM32F1xx_HAL_Driver/Src/stm32f1xx_hal_tim.o
 .text.TIM_TI1_ConfigInputStage
                0x0800628c       0x5c ./Drivers/STM32F1xx_HAL_Driver/Src/stm32f1xx_hal_tim.o
 .text.TIM_TI2_ConfigInputStage
                0x080062e8       0x5e ./Drivers/STM32F1xx_HAL_Driver/Src/stm32f1xx_hal_tim.o
 .text.TIM_ITRx_SetConfig
                0x08006346       0x34 ./Drivers/STM32F1xx_HAL_Driver/Src/stm32f1xx_hal_tim.o
 .text.TIM_ETR_SetConfig
                0x0800637a       0x3e ./Drivers/STM32F1xx_HAL_Driver/Src/stm32f1xx_hal_tim.o
                0x0800637a                TIM_ETR_SetConfig
 .text.TIM_CCxChannelCmd
                0x080063b8       0x48 ./Drivers/STM32F1xx_HAL_Driver/Src/stm32f1xx_hal_tim.o
                0x080063b8                TIM_CCxChannelCmd
 .text.HAL_TIMEx_MasterConfigSynchronization
                0x08006400       0xbc ./Drivers/STM32F1xx_HAL_Driver/Src/stm32f1xx_hal_tim_ex.o
                0x08006400                HAL_TIMEx_MasterConfigSynchronization
 .text.HAL_TIMEx_CommutCallback
                0x080064bc       0x12 ./Drivers/STM32F1xx_HAL_Driver/Src/stm32f1xx_hal_tim_ex.o
                0x080064bc                HAL_TIMEx_CommutCallback
 .text.HAL_TIMEx_BreakCallback
                0x080064ce       0x12 ./Drivers/STM32F1xx_HAL_Driver/Src/stm32f1xx_hal_tim_ex.o
                0x080064ce                HAL_TIMEx_BreakCallback
 .text.HAL_UART_Init
                0x080064e0       0xa0 ./Drivers/STM32F1xx_HAL_Driver/Src/stm32f1xx_hal_uart.o
                0x080064e0                HAL_UART_Init
 .text.HAL_UART_IRQHandler
                0x08006580      0x524 ./Drivers/STM32F1xx_HAL_Driver/Src/stm32f1xx_hal_uart.o
                0x08006580                HAL_UART_IRQHandler
 .text.HAL_UART_RxCpltCallback
                0x08006aa4       0x12 ./Drivers/STM32F1xx_HAL_Driver/Src/stm32f1xx_hal_uart.o
                0x08006aa4                HAL_UART_RxCpltCallback
 .text.HAL_UART_ErrorCallback
                0x08006ab6       0x12 ./Drivers/STM32F1xx_HAL_Driver/Src/stm32f1xx_hal_uart.o
                0x08006ab6                HAL_UART_ErrorCallback
 .text.HAL_UARTEx_RxEventCallback
                0x08006ac8       0x16 ./Drivers/STM32F1xx_HAL_Driver/Src/stm32f1xx_hal_uart.o
                0x08006ac8                HAL_UARTEx_RxEventCallback
 .text.UART_EndRxTransfer
                0x08006ade       0xc4 ./Drivers/STM32F1xx_HAL_Driver/Src/stm32f1xx_hal_uart.o
 .text.UART_DMAAbortOnError
                0x08006ba2       0x28 ./Drivers/STM32F1xx_HAL_Driver/Src/stm32f1xx_hal_uart.o
 .text.UART_Transmit_IT
                0x08006bca       0x9e ./Drivers/STM32F1xx_HAL_Driver/Src/stm32f1xx_hal_uart.o
 .text.UART_EndTransmit_IT
                0x08006c68       0x30 ./Drivers/STM32F1xx_HAL_Driver/Src/stm32f1xx_hal_uart.o
 .text.UART_Receive_IT
                0x08006c98      0x17c ./Drivers/STM32F1xx_HAL_Driver/Src/stm32f1xx_hal_uart.o
 .text.UART_SetConfig
                0x08006e14      0x11c ./Drivers/STM32F1xx_HAL_Driver/Src/stm32f1xx_hal_uart.o
 .text.ServoStartInit
                0x08006f30       0x8c ./Drivers/Servo/Servo.o
                0x08006f30                ServoStartInit
 .text.SteeringWheel
                0x08006fbc       0xa0 ./Drivers/Servo/Servo.o
                0x08006fbc                SteeringWheel
 .text.makeFreeRtosPriority
                0x0800705c       0x2e ./Middlewares/Third_Party/FreeRTOS/Source/CMSIS_RTOS/cmsis_os.o
 .text.inHandlerMode
                0x0800708a       0x22 ./Middlewares/Third_Party/FreeRTOS/Source/CMSIS_RTOS/cmsis_os.o
 .text.osKernelStart
                0x080070ac        0xe ./Middlewares/Third_Party/FreeRTOS/Source/CMSIS_RTOS/cmsis_os.o
                0x080070ac                osKernelStart
 .text.osThreadCreate
                0x080070ba       0x98 ./Middlewares/Third_Party/FreeRTOS/Source/CMSIS_RTOS/cmsis_os.o
                0x080070ba                osThreadCreate
 .text.osDelay  0x08007152       0x28 ./Middlewares/Third_Party/FreeRTOS/Source/CMSIS_RTOS/cmsis_os.o
                0x08007152                osDelay
 .text.osSemaphoreCreate
                0x0800717a       0x64 ./Middlewares/Third_Party/FreeRTOS/Source/CMSIS_RTOS/cmsis_os.o
                0x0800717a                osSemaphoreCreate
 *fill*         0x080071de        0x2 
 .text.osSemaphoreWait
                0x080071e0       0x9c ./Middlewares/Third_Party/FreeRTOS/Source/CMSIS_RTOS/cmsis_os.o
                0x080071e0                osSemaphoreWait
 .text.vListInitialise
                0x0800727c       0x3e ./Middlewares/Third_Party/FreeRTOS/Source/list.o
                0x0800727c                vListInitialise
 .text.vListInitialiseItem
                0x080072ba       0x18 ./Middlewares/Third_Party/FreeRTOS/Source/list.o
                0x080072ba                vListInitialiseItem
 .text.vListInsertEnd
                0x080072d2       0x46 ./Middlewares/Third_Party/FreeRTOS/Source/list.o
                0x080072d2                vListInsertEnd
 .text.vListInsert
                0x08007318       0x70 ./Middlewares/Third_Party/FreeRTOS/Source/list.o
                0x08007318                vListInsert
 .text.uxListRemove
                0x08007388       0x52 ./Middlewares/Third_Party/FreeRTOS/Source/list.o
                0x08007388                uxListRemove
 *fill*         0x080073da        0x2 
 .text.xQueueGenericReset
                0x080073dc       0xd4 ./Middlewares/Third_Party/FreeRTOS/Source/queue.o
                0x080073dc                xQueueGenericReset
 .text.xQueueGenericCreateStatic
                0x080074b0       0xfa ./Middlewares/Third_Party/FreeRTOS/Source/queue.o
                0x080074b0                xQueueGenericCreateStatic
 .text.xQueueGenericCreate
                0x080075aa       0x76 ./Middlewares/Third_Party/FreeRTOS/Source/queue.o
                0x080075aa                xQueueGenericCreate
 .text.prvInitialiseNewQueue
                0x08007620       0x3e ./Middlewares/Third_Party/FreeRTOS/Source/queue.o
 *fill*         0x0800765e        0x2 
 .text.xQueueGenericSend
                0x08007660      0x204 ./Middlewares/Third_Party/FreeRTOS/Source/queue.o
                0x08007660                xQueueGenericSend
 .text.xQueueGiveFromISR
                0x08007864      0x120 ./Middlewares/Third_Party/FreeRTOS/Source/queue.o
                0x08007864                xQueueGiveFromISR
 .text.xQueueSemaphoreTake
                0x08007984      0x220 ./Middlewares/Third_Party/FreeRTOS/Source/queue.o
                0x08007984                xQueueSemaphoreTake
 .text.xQueueReceiveFromISR
                0x08007ba4      0x104 ./Middlewares/Third_Party/FreeRTOS/Source/queue.o
                0x08007ba4                xQueueReceiveFromISR
 .text.prvGetDisinheritPriorityAfterTimeout
                0x08007ca8       0x2e ./Middlewares/Third_Party/FreeRTOS/Source/queue.o
 .text.prvCopyDataToQueue
                0x08007cd6       0xd4 ./Middlewares/Third_Party/FreeRTOS/Source/queue.o
 .text.prvCopyDataFromQueue
                0x08007daa       0x4c ./Middlewares/Third_Party/FreeRTOS/Source/queue.o
 .text.prvUnlockQueue
                0x08007df6       0xa4 ./Middlewares/Third_Party/FreeRTOS/Source/queue.o
 .text.prvIsQueueEmpty
                0x08007e9a       0x2c ./Middlewares/Third_Party/FreeRTOS/Source/queue.o
 .text.prvIsQueueFull
                0x08007ec6       0x30 ./Middlewares/Third_Party/FreeRTOS/Source/queue.o
 .text.xTaskCreateStatic
                0x08007ef6       0xc0 ./Middlewares/Third_Party/FreeRTOS/Source/tasks.o
                0x08007ef6                xTaskCreateStatic
 .text.xTaskCreate
                0x08007fb6       0x8a ./Middlewares/Third_Party/FreeRTOS/Source/tasks.o
                0x08007fb6                xTaskCreate
 .text.prvInitialiseNewTask
                0x08008040      0x140 ./Middlewares/Third_Party/FreeRTOS/Source/tasks.o
 .text.prvAddNewTaskToReadyList
                0x08008180       0xd4 ./Middlewares/Third_Party/FreeRTOS/Source/tasks.o
 .text.vTaskDelay
                0x08008254       0x6c ./Middlewares/Third_Party/FreeRTOS/Source/tasks.o
                0x08008254                vTaskDelay
 .text.vTaskSuspend
                0x080082c0      0x128 ./Middlewares/Third_Party/FreeRTOS/Source/tasks.o
                0x080082c0                vTaskSuspend
 .text.prvTaskIsTaskSuspended
                0x080083e8       0x64 ./Middlewares/Third_Party/FreeRTOS/Source/tasks.o
 .text.vTaskResume
                0x0800844c       0xbc ./Middlewares/Third_Party/FreeRTOS/Source/tasks.o
                0x0800844c                vTaskResume
 .text.vTaskStartScheduler
                0x08008508       0xd4 ./Middlewares/Third_Party/FreeRTOS/Source/tasks.o
                0x08008508                vTaskStartScheduler
 .text.vTaskSuspendAll
                0x080085dc       0x1c ./Middlewares/Third_Party/FreeRTOS/Source/tasks.o
                0x080085dc                vTaskSuspendAll
 .text.xTaskResumeAll
                0x080085f8      0x13c ./Middlewares/Third_Party/FreeRTOS/Source/tasks.o
                0x080085f8                xTaskResumeAll
 .text.xTaskIncrementTick
                0x08008734      0x174 ./Middlewares/Third_Party/FreeRTOS/Source/tasks.o
                0x08008734                xTaskIncrementTick
 .text.vTaskSwitchContext
                0x080088a8       0xc4 ./Middlewares/Third_Party/FreeRTOS/Source/tasks.o
                0x080088a8                vTaskSwitchContext
 .text.vTaskPlaceOnEventList
                0x0800896c       0x4c ./Middlewares/Third_Party/FreeRTOS/Source/tasks.o
                0x0800896c                vTaskPlaceOnEventList
 .text.xTaskRemoveFromEventList
                0x080089b8       0xc8 ./Middlewares/Third_Party/FreeRTOS/Source/tasks.o
                0x080089b8                xTaskRemoveFromEventList
 .text.vTaskInternalSetTimeOutState
                0x08008a80       0x2c ./Middlewares/Third_Party/FreeRTOS/Source/tasks.o
                0x08008a80                vTaskInternalSetTimeOutState
 .text.xTaskCheckForTimeOut
                0x08008aac       0xc8 ./Middlewares/Third_Party/FreeRTOS/Source/tasks.o
                0x08008aac                xTaskCheckForTimeOut
 .text.vTaskMissedYield
                0x08008b74       0x18 ./Middlewares/Third_Party/FreeRTOS/Source/tasks.o
                0x08008b74                vTaskMissedYield
 .text.prvIdleTask
                0x08008b8c       0x30 ./Middlewares/Third_Party/FreeRTOS/Source/tasks.o
 .text.prvInitialiseTaskLists
                0x08008bbc       0x80 ./Middlewares/Third_Party/FreeRTOS/Source/tasks.o
 .text.prvCheckTasksWaitingTermination
                0x08008c3c       0x5c ./Middlewares/Third_Party/FreeRTOS/Source/tasks.o
 .text.prvDeleteTCB
                0x08008c98       0x6a ./Middlewares/Third_Party/FreeRTOS/Source/tasks.o
 *fill*         0x08008d02        0x2 
 .text.prvResetNextTaskUnblockTime
                0x08008d04       0x40 ./Middlewares/Third_Party/FreeRTOS/Source/tasks.o
 .text.xTaskGetSchedulerState
                0x08008d44       0x3c ./Middlewares/Third_Party/FreeRTOS/Source/tasks.o
                0x08008d44                xTaskGetSchedulerState
 .text.xTaskPriorityInherit
                0x08008d80       0xec ./Middlewares/Third_Party/FreeRTOS/Source/tasks.o
                0x08008d80                xTaskPriorityInherit
 .text.xTaskPriorityDisinherit
                0x08008e6c      0x110 ./Middlewares/Third_Party/FreeRTOS/Source/tasks.o
                0x08008e6c                xTaskPriorityDisinherit
 .text.vTaskPriorityDisinheritAfterTimeout
                0x08008f7c      0x120 ./Middlewares/Third_Party/FreeRTOS/Source/tasks.o
                0x08008f7c                vTaskPriorityDisinheritAfterTimeout
 .text.pvTaskIncrementMutexHeldCount
                0x0800909c       0x28 ./Middlewares/Third_Party/FreeRTOS/Source/tasks.o
                0x0800909c                pvTaskIncrementMutexHeldCount
 .text.prvAddCurrentTaskToDelayedList
                0x080090c4       0xcc ./Middlewares/Third_Party/FreeRTOS/Source/tasks.o
 .text.pxPortInitialiseStack
                0x08009190       0x58 ./Middlewares/Third_Party/FreeRTOS/Source/portable/GCC/ARM_CM3/port.o
                0x08009190                pxPortInitialiseStack
 .text.prvTaskExitError
                0x080091e8       0x58 ./Middlewares/Third_Party/FreeRTOS/Source/portable/GCC/ARM_CM3/port.o
 .text.SVC_Handler
                0x08009240       0x28 ./Middlewares/Third_Party/FreeRTOS/Source/portable/GCC/ARM_CM3/port.o
                0x08009240                SVC_Handler
 .text.prvPortStartFirstTask
                0x08009268       0x20 ./Middlewares/Third_Party/FreeRTOS/Source/portable/GCC/ARM_CM3/port.o
 .text.xPortStartScheduler
                0x08009288       0xe4 ./Middlewares/Third_Party/FreeRTOS/Source/portable/GCC/ARM_CM3/port.o
                0x08009288                xPortStartScheduler
 .text.vPortEnterCritical
                0x0800936c       0x60 ./Middlewares/Third_Party/FreeRTOS/Source/portable/GCC/ARM_CM3/port.o
                0x0800936c                vPortEnterCritical
 .text.vPortExitCritical
                0x080093cc       0x54 ./Middlewares/Third_Party/FreeRTOS/Source/portable/GCC/ARM_CM3/port.o
                0x080093cc                vPortExitCritical
 .text.PendSV_Handler
                0x08009420       0x48 ./Middlewares/Third_Party/FreeRTOS/Source/portable/GCC/ARM_CM3/port.o
                0x08009420                PendSV_Handler
 .text.xPortSysTickHandler
                0x08009468       0x44 ./Middlewares/Third_Party/FreeRTOS/Source/portable/GCC/ARM_CM3/port.o
                0x08009468                xPortSysTickHandler
 .text.vPortSetupTimerInterrupt
                0x080094ac       0x44 ./Middlewares/Third_Party/FreeRTOS/Source/portable/GCC/ARM_CM3/port.o
                0x080094ac                vPortSetupTimerInterrupt
 .text.vPortValidateInterruptPriority
                0x080094f0       0x80 ./Middlewares/Third_Party/FreeRTOS/Source/portable/GCC/ARM_CM3/port.o
                0x080094f0                vPortValidateInterruptPriority
 .text.pvPortMalloc
                0x08009570      0x19c ./Middlewares/Third_Party/FreeRTOS/Source/portable/MemMang/heap_4.o
                0x08009570                pvPortMalloc
 .text.vPortFree
                0x0800970c       0xc8 ./Middlewares/Third_Party/FreeRTOS/Source/portable/MemMang/heap_4.o
                0x0800970c                vPortFree
 .text.prvHeapInit
                0x080097d4       0xc4 ./Middlewares/Third_Party/FreeRTOS/Source/portable/MemMang/heap_4.o
 .text.prvInsertBlockIntoFreeList
                0x08009898       0xb0 ./Middlewares/Third_Party/FreeRTOS/Source/portable/MemMang/heap_4.o
 .text.InitRxContLoRa
                0x08009948       0x68 ./SX12xxDrivers-V2.1.0/src/RxTx/DataProcess.o
                0x08009948                InitRxContLoRa
 .text.StartRxContLoRa
                0x080099b0       0x44 ./SX12xxDrivers-V2.1.0/src/RxTx/DataProcess.o
                0x080099b0                StartRxContLoRa
 .text.RxContLoRaCmpl
                0x080099f4       0xc8 ./SX12xxDrivers-V2.1.0/src/RxTx/DataProcess.o
                0x080099f4                RxContLoRaCmpl
 .text.SpiInOut
                0x08009abc       0x2c ./SX12xxDrivers-V2.1.0/src/radio/spi.o
                0x08009abc                SpiInOut
 .text.SpiReceive
                0x08009ae8       0x2c ./SX12xxDrivers-V2.1.0/src/radio/spi.o
                0x08009ae8                SpiReceive
 .text.SX1276SetReset
                0x08009b14       0x34 ./SX12xxDrivers-V2.1.0/src/radio/sx1276-Hal.o
                0x08009b14                SX1276SetReset
 .text.SX1276Write
                0x08009b48       0x24 ./SX12xxDrivers-V2.1.0/src/radio/sx1276-Hal.o
                0x08009b48                SX1276Write
 .text.SX1276WriteBuffer
                0x08009b6c       0x54 ./SX12xxDrivers-V2.1.0/src/radio/sx1276-Hal.o
                0x08009b6c                SX1276WriteBuffer
 .text.SX1276ReadBuffer
                0x08009bc0       0x54 ./SX12xxDrivers-V2.1.0/src/radio/sx1276-Hal.o
                0x08009bc0                SX1276ReadBuffer
 .text.SX1276Read
                0x08009c14       0x20 ./SX12xxDrivers-V2.1.0/src/radio/sx1276-Hal.o
                0x08009c14                SX1276Read
 *fill*         0x08009c34        0x4 
 .text.SX1276LoRaSetRFFrequency
                0x08009c38       0x78 ./SX12xxDrivers-V2.1.0/src/radio/sx1276-LoRaMisk.o
                0x08009c38                SX1276LoRaSetRFFrequency
 .text.SX1276LoRaSetSpreadingFactor
                0x08009cb0       0x88 ./SX12xxDrivers-V2.1.0/src/radio/sx1276-LoRaMisk.o
                0x08009cb0                SX1276LoRaSetSpreadingFactor
 .text.SX1276LoRaSetNbTrigPeaks
                0x08009d38       0x58 ./SX12xxDrivers-V2.1.0/src/radio/sx1276-LoRaMisk.o
                0x08009d38                SX1276LoRaSetNbTrigPeaks
 .text.SX1276LoRaSetErrorCoding
                0x08009d90       0x5c ./SX12xxDrivers-V2.1.0/src/radio/sx1276-LoRaMisk.o
                0x08009d90                SX1276LoRaSetErrorCoding
 .text.SX1276LoRaSetPacketCrcOn
                0x08009dec       0x5c ./SX12xxDrivers-V2.1.0/src/radio/sx1276-LoRaMisk.o
                0x08009dec                SX1276LoRaSetPacketCrcOn
 .text.SX1276LoRaSetSignalBandwidth
                0x08009e48       0x5c ./SX12xxDrivers-V2.1.0/src/radio/sx1276-LoRaMisk.o
                0x08009e48                SX1276LoRaSetSignalBandwidth
 .text.SX1276LoRaSetImplicitHeaderOn
                0x08009ea4       0x5c ./SX12xxDrivers-V2.1.0/src/radio/sx1276-LoRaMisk.o
                0x08009ea4                SX1276LoRaSetImplicitHeaderOn
 .text.SX1276LoRaSetSymbTimeout
                0x08009f00       0x68 ./SX12xxDrivers-V2.1.0/src/radio/sx1276-LoRaMisk.o
                0x08009f00                SX1276LoRaSetSymbTimeout
 .text.SX1276LoRaSetPayloadLength
                0x08009f68       0x3c ./SX12xxDrivers-V2.1.0/src/radio/sx1276-LoRaMisk.o
                0x08009f68                SX1276LoRaSetPayloadLength
 .text.SX1276LoRaSetLowDatarateOptimize
                0x08009fa4       0x58 ./SX12xxDrivers-V2.1.0/src/radio/sx1276-LoRaMisk.o
                0x08009fa4                SX1276LoRaSetLowDatarateOptimize
 .text.SX1276LoRaSetPAOutput
                0x08009ffc       0x50 ./SX12xxDrivers-V2.1.0/src/radio/sx1276-LoRaMisk.o
                0x08009ffc                SX1276LoRaSetPAOutput
 .text.SX1276LoRaSetPa20dBm
                0x0800a04c       0x6c ./SX12xxDrivers-V2.1.0/src/radio/sx1276-LoRaMisk.o
                0x0800a04c                SX1276LoRaSetPa20dBm
 .text.SX1276LoRaSetRFPower
                0x0800a0b8      0x164 ./SX12xxDrivers-V2.1.0/src/radio/sx1276-LoRaMisk.o
                0x0800a0b8                SX1276LoRaSetRFPower
 .text.SX1276LoRaInit
                0x0800a21c       0xe4 ./SX12xxDrivers-V2.1.0/src/radio/sx1276-Lora.o
                0x0800a21c                SX1276LoRaInit
 .text.SX1276LoRaSetDefaults
                0x0800a300       0x1c ./SX12xxDrivers-V2.1.0/src/radio/sx1276-Lora.o
                0x0800a300                SX1276LoRaSetDefaults
 .text.SX1276Init
                0x0800a31c       0x34 ./SX12xxDrivers-V2.1.0/src/radio/sx1276.o
                0x0800a31c                SX1276Init
 .text.SX1276Reset
                0x0800a350       0x20 ./SX12xxDrivers-V2.1.0/src/radio/sx1276.o
                0x0800a350                SX1276Reset
 .text.SX1276SetLoRaOn
                0x0800a370       0xcc ./SX12xxDrivers-V2.1.0/src/radio/sx1276.o
                0x0800a370                SX1276SetLoRaOn
 .text.SX1276LoRaSetOpMode
                0x0800a43c       0x88 ./SX12xxDrivers-V2.1.0/src/radio/sx1276.o
                0x0800a43c                SX1276LoRaSetOpMode
 .text.HAL_UART_TxCpltCallback
                0x0800a4c4       0x4c ./UART_Output/UART_Output.o
                0x0800a4c4                HAL_UART_TxCpltCallback
 .text.memset   0x0800a510       0x10 I:/STM32CubeIDE_1.14.0/STM32CubeIDE/plugins/com.st.stm32cube.ide.mcu.externaltools.gnu-tools-for-stm32.12.3.rel1.win32_1.1.0.202410251130/tools/bin/../lib/gcc/arm-none-eabi/12.3.1/../../../../arm-none-eabi/lib/thumb/v7-m/nofp\libc_nano.a(libc_a-memset.o)
                0x0800a510                memset
 .text._reclaim_reent
                0x0800a520       0xac I:/STM32CubeIDE_1.14.0/STM32CubeIDE/plugins/com.st.stm32cube.ide.mcu.externaltools.gnu-tools-for-stm32.12.3.rel1.win32_1.1.0.202410251130/tools/bin/../lib/gcc/arm-none-eabi/12.3.1/../../../../arm-none-eabi/lib/thumb/v7-m/nofp\libc_nano.a(libc_a-reent.o)
                0x0800a520                _reclaim_reent
 .text.__libc_init_array
                0x0800a5cc       0x48 I:/STM32CubeIDE_1.14.0/STM32CubeIDE/plugins/com.st.stm32cube.ide.mcu.externaltools.gnu-tools-for-stm32.12.3.rel1.win32_1.1.0.202410251130/tools/bin/../lib/gcc/arm-none-eabi/12.3.1/../../../../arm-none-eabi/lib/thumb/v7-m/nofp\libc_nano.a(libc_a-init.o)
                0x0800a5cc                __libc_init_array
 .text.__retarget_lock_acquire_recursive
                0x0800a614        0x2 I:/STM32CubeIDE_1.14.0/STM32CubeIDE/plugins/com.st.stm32cube.ide.mcu.externaltools.gnu-tools-for-stm32.12.3.rel1.win32_1.1.0.202410251130/tools/bin/../lib/gcc/arm-none-eabi/12.3.1/../../../../arm-none-eabi/lib/thumb/v7-m/nofp\libc_nano.a(libc_a-lock.o)
                0x0800a614                __retarget_lock_acquire_recursive
 .text.__retarget_lock_release_recursive
                0x0800a616        0x2 I:/STM32CubeIDE_1.14.0/STM32CubeIDE/plugins/com.st.stm32cube.ide.mcu.externaltools.gnu-tools-for-stm32.12.3.rel1.win32_1.1.0.202410251130/tools/bin/../lib/gcc/arm-none-eabi/12.3.1/../../../../arm-none-eabi/lib/thumb/v7-m/nofp\libc_nano.a(libc_a-lock.o)
                0x0800a616                __retarget_lock_release_recursive
 .text.memcpy   0x0800a618       0x1c I:/STM32CubeIDE_1.14.0/STM32CubeIDE/plugins/com.st.stm32cube.ide.mcu.externaltools.gnu-tools-for-stm32.12.3.rel1.win32_1.1.0.202410251130/tools/bin/../lib/gcc/arm-none-eabi/12.3.1/../../../../arm-none-eabi/lib/thumb/v7-m/nofp\libc_nano.a(libc_a-memcpy-stub.o)
                0x0800a618                memcpy
 .text._free_r  0x0800a634       0x90 I:/STM32CubeIDE_1.14.0/STM32CubeIDE/plugins/com.st.stm32cube.ide.mcu.externaltools.gnu-tools-for-stm32.12.3.rel1.win32_1.1.0.202410251130/tools/bin/../lib/gcc/arm-none-eabi/12.3.1/../../../../arm-none-eabi/lib/thumb/v7-m/nofp\libc_nano.a(libc_a-freer.o)
                0x0800a634                _free_r
 .text.__malloc_lock
                0x0800a6c4        0xc I:/STM32CubeIDE_1.14.0/STM32CubeIDE/plugins/com.st.stm32cube.ide.mcu.externaltools.gnu-tools-for-stm32.12.3.rel1.win32_1.1.0.202410251130/tools/bin/../lib/gcc/arm-none-eabi/12.3.1/../../../../arm-none-eabi/lib/thumb/v7-m/nofp\libc_nano.a(libc_a-mlock.o)
                0x0800a6c4                __malloc_lock
 .text.__malloc_unlock
                0x0800a6d0        0xc I:/STM32CubeIDE_1.14.0/STM32CubeIDE/plugins/com.st.stm32cube.ide.mcu.externaltools.gnu-tools-for-stm32.12.3.rel1.win32_1.1.0.202410251130/tools/bin/../lib/gcc/arm-none-eabi/12.3.1/../../../../arm-none-eabi/lib/thumb/v7-m/nofp\libc_nano.a(libc_a-mlock.o)
                0x0800a6d0                __malloc_unlock
 *(.glue_7)
 .glue_7        0x0800a6dc        0x0 linker stubs
 *(.glue_7t)
 .glue_7t       0x0800a6dc        0x0 linker stubs
 *(.eh_frame)
 .eh_frame      0x0800a6dc        0x0 I:/STM32CubeIDE_1.14.0/STM32CubeIDE/plugins/com.st.stm32cube.ide.mcu.externaltools.gnu-tools-for-stm32.12.3.rel1.win32_1.1.0.202410251130/tools/bin/../lib/gcc/arm-none-eabi/12.3.1/thumb/v7-m/nofp/crtbegin.o
 *(.init)
 .init          0x0800a6dc        0x4 I:/STM32CubeIDE_1.14.0/STM32CubeIDE/plugins/com.st.stm32cube.ide.mcu.externaltools.gnu-tools-for-stm32.12.3.rel1.win32_1.1.0.202410251130/tools/bin/../lib/gcc/arm-none-eabi/12.3.1/thumb/v7-m/nofp/crti.o
                0x0800a6dc                _init
 .init          0x0800a6e0        0x8 I:/STM32CubeIDE_1.14.0/STM32CubeIDE/plugins/com.st.stm32cube.ide.mcu.externaltools.gnu-tools-for-stm32.12.3.rel1.win32_1.1.0.202410251130/tools/bin/../lib/gcc/arm-none-eabi/12.3.1/thumb/v7-m/nofp/crtn.o
 *(.fini)
 .fini          0x0800a6e8        0x4 I:/STM32CubeIDE_1.14.0/STM32CubeIDE/plugins/com.st.stm32cube.ide.mcu.externaltools.gnu-tools-for-stm32.12.3.rel1.win32_1.1.0.202410251130/tools/bin/../lib/gcc/arm-none-eabi/12.3.1/thumb/v7-m/nofp/crti.o
                0x0800a6e8                _fini
 .fini          0x0800a6ec        0x8 I:/STM32CubeIDE_1.14.0/STM32CubeIDE/plugins/com.st.stm32cube.ide.mcu.externaltools.gnu-tools-for-stm32.12.3.rel1.win32_1.1.0.202410251130/tools/bin/../lib/gcc/arm-none-eabi/12.3.1/thumb/v7-m/nofp/crtn.o
                0x0800a6f4                        . = ALIGN (0x4)
                0x0800a6f4                        _etext = .

.vfp11_veneer   0x0800a6f4        0x0
 .vfp11_veneer  0x0800a6f4        0x0 linker stubs

.v4_bx          0x0800a6f4        0x0
 .v4_bx         0x0800a6f4        0x0 linker stubs

.iplt           0x0800a6f4        0x0
 .iplt          0x0800a6f4        0x0 I:/STM32CubeIDE_1.14.0/STM32CubeIDE/plugins/com.st.stm32cube.ide.mcu.externaltools.gnu-tools-for-stm32.12.3.rel1.win32_1.1.0.202410251130/tools/bin/../lib/gcc/arm-none-eabi/12.3.1/thumb/v7-m/nofp/crtbegin.o

.rodata         0x0800a6f4      0x1a0
                0x0800a6f4                        . = ALIGN (0x4)
 *(.rodata)
 .rodata        0x0800a6f4      0x158 ./Core/Src/main.o
 .rodata        0x0800a84c        0x5 ./Middlewares/Third_Party/FreeRTOS/Source/tasks.o
 *(.rodata*)
 *fill*         0x0800a851        0x3 
 .rodata.AHBPrescTable
                0x0800a854       0x10 ./Core/Src/system_stm32f1xx.o
                0x0800a854                AHBPrescTable
 .rodata.APBPrescTable
                0x0800a864        0x8 ./Core/Src/system_stm32f1xx.o
                0x0800a864                APBPrescTable
 .rodata.aPLLMULFactorTable.1
                0x0800a86c       0x10 ./Drivers/STM32F1xx_HAL_Driver/Src/stm32f1xx_hal_rcc.o
 .rodata.aPredivFactorTable.0
                0x0800a87c        0x2 ./Drivers/STM32F1xx_HAL_Driver/Src/stm32f1xx_hal_rcc.o
 *fill*         0x0800a87e        0x2 
 .rodata.aPLLMULFactorTable.1
                0x0800a880       0x10 ./Drivers/STM32F1xx_HAL_Driver/Src/stm32f1xx_hal_rcc_ex.o
 .rodata.aPredivFactorTable.0
                0x0800a890        0x2 ./Drivers/STM32F1xx_HAL_Driver/Src/stm32f1xx_hal_rcc_ex.o
                0x0800a894                        . = ALIGN (0x4)
 *fill*         0x0800a892        0x2 

.ARM.extab      0x0800a894        0x0
                0x0800a894                        . = ALIGN (0x4)
 *(.ARM.extab* .gnu.linkonce.armextab.*)
                0x0800a894                        . = ALIGN (0x4)

.ARM            0x0800a894        0x0
                0x0800a894                        . = ALIGN (0x4)
                0x0800a894                        __exidx_start = .
 *(.ARM.exidx*)
                0x0800a894                        __exidx_end = .
                0x0800a894                        . = ALIGN (0x4)

.preinit_array  0x0800a894        0x0
                0x0800a894                        . = ALIGN (0x4)
                0x0800a894                        PROVIDE (__preinit_array_start = .)
 *(.preinit_array*)
                0x0800a894                        PROVIDE (__preinit_array_end = .)
                0x0800a894                        . = ALIGN (0x4)

.init_array     0x0800a894        0x4
                0x0800a894                        . = ALIGN (0x4)
                0x0800a894                        PROVIDE (__init_array_start = .)
 *(SORT_BY_NAME(.init_array.*))
 *(.init_array*)
 .init_array    0x0800a894        0x4 I:/STM32CubeIDE_1.14.0/STM32CubeIDE/plugins/com.st.stm32cube.ide.mcu.externaltools.gnu-tools-for-stm32.12.3.rel1.win32_1.1.0.202410251130/tools/bin/../lib/gcc/arm-none-eabi/12.3.1/thumb/v7-m/nofp/crtbegin.o
                0x0800a898                        PROVIDE (__init_array_end = .)
                0x0800a898                        . = ALIGN (0x4)

.fini_array     0x0800a898        0x4
                0x0800a898                        . = ALIGN (0x4)
                [!provide]                        PROVIDE (__fini_array_start = .)
 *(SORT_BY_NAME(.fini_array.*))
 *(.fini_array*)
 .fini_array    0x0800a898        0x4 I:/STM32CubeIDE_1.14.0/STM32CubeIDE/plugins/com.st.stm32cube.ide.mcu.externaltools.gnu-tools-for-stm32.12.3.rel1.win32_1.1.0.202410251130/tools/bin/../lib/gcc/arm-none-eabi/12.3.1/thumb/v7-m/nofp/crtbegin.o
                [!provide]                        PROVIDE (__fini_array_end = .)
                0x0800a89c                        . = ALIGN (0x4)
                0x0800a89c                        _sidata = LOADADDR (.data)

.rel.dyn        0x0800a89c        0x0
 .rel.iplt      0x0800a89c        0x0 I:/STM32CubeIDE_1.14.0/STM32CubeIDE/plugins/com.st.stm32cube.ide.mcu.externaltools.gnu-tools-for-stm32.12.3.rel1.win32_1.1.0.202410251130/tools/bin/../lib/gcc/arm-none-eabi/12.3.1/thumb/v7-m/nofp/crtbegin.o

.data           0x20000000       0x84 load address 0x0800a89c
                0x20000000                        . = ALIGN (0x4)
                0x20000000                        _sdata = .
 *(.data)
 *(.data*)
 .data.SystemCoreClock
                0x20000000        0x4 ./Core/Src/system_stm32f1xx.o
                0x20000000                SystemCoreClock
 .data.accelStep.1
                0x20000004        0x4 ./Drivers/BrushedDC/BrushedDC.o
 .data.uwTickPrio
                0x20000008        0x4 ./Drivers/STM32F1xx_HAL_Driver/Src/stm32f1xx_hal.o
                0x20000008                uwTickPrio
 .data.uwTickFreq
                0x2000000c        0x1 ./Drivers/STM32F1xx_HAL_Driver/Src/stm32f1xx_hal.o
                0x2000000c                uwTickFreq
 *fill*         0x2000000d        0x3 
 .data.uxCriticalNesting
                0x20000010        0x4 ./Middlewares/Third_Party/FreeRTOS/Source/portable/GCC/ARM_CM3/port.o
 .data.LoRaSettings
                0x20000014       0x1c ./SX12xxDrivers-V2.1.0/src/radio/sx1276-Lora.o
                0x20000014                LoRaSettings
 .data.opModePrev.1
                0x20000030        0x1 ./SX12xxDrivers-V2.1.0/src/radio/sx1276.o
 .data.antennaSwitchTxOnPrev.0
                0x20000031        0x1 ./SX12xxDrivers-V2.1.0/src/radio/sx1276.o
 *fill*         0x20000032        0x2 
 .data._impure_ptr
                0x20000034        0x4 I:/STM32CubeIDE_1.14.0/STM32CubeIDE/plugins/com.st.stm32cube.ide.mcu.externaltools.gnu-tools-for-stm32.12.3.rel1.win32_1.1.0.202410251130/tools/bin/../lib/gcc/arm-none-eabi/12.3.1/../../../../arm-none-eabi/lib/thumb/v7-m/nofp\libc_nano.a(libc_a-impure.o)
                0x20000034                _impure_ptr
 .data._impure_data
                0x20000038       0x4c I:/STM32CubeIDE_1.14.0/STM32CubeIDE/plugins/com.st.stm32cube.ide.mcu.externaltools.gnu-tools-for-stm32.12.3.rel1.win32_1.1.0.202410251130/tools/bin/../lib/gcc/arm-none-eabi/12.3.1/../../../../arm-none-eabi/lib/thumb/v7-m/nofp\libc_nano.a(libc_a-impure.o)
                0x20000038                _impure_data
 *(.RamFunc)
 *(.RamFunc*)
                0x20000084                        . = ALIGN (0x4)
                0x20000084                        _edata = .

.igot.plt       0x20000084        0x0 load address 0x0800a920
 .igot.plt      0x20000084        0x0 I:/STM32CubeIDE_1.14.0/STM32CubeIDE/plugins/com.st.stm32cube.ide.mcu.externaltools.gnu-tools-for-stm32.12.3.rel1.win32_1.1.0.202410251130/tools/bin/../lib/gcc/arm-none-eabi/12.3.1/thumb/v7-m/nofp/crtbegin.o
                0x20000084                        . = ALIGN (0x4)

.bss            0x20000084     0x3390 load address 0x0800a920
                0x20000084                        _sbss = .
                0x20000084                        __bss_start__ = _sbss
 *(.bss)
 .bss           0x20000084       0x1c I:/STM32CubeIDE_1.14.0/STM32CubeIDE/plugins/com.st.stm32cube.ide.mcu.externaltools.gnu-tools-for-stm32.12.3.rel1.win32_1.1.0.202410251130/tools/bin/../lib/gcc/arm-none-eabi/12.3.1/thumb/v7-m/nofp/crtbegin.o
 *(.bss*)
 .bss.AdcConvBuf
                0x200000a0       0x50 ./ADC_LoadCell/ADC_LoadCell.o
                0x200000a0                AdcConvBuf
 .bss.Acceleration
                0x200000f0        0x1 ./ChaeburatorIT_Proc/ChaeburatorIT_Proc.o
                0x200000f0                Acceleration
 .bss.SteerTurn
                0x200000f1        0x1 ./ChaeburatorIT_Proc/ChaeburatorIT_Proc.o
                0x200000f1                SteerTurn
 .bss.CamHorizont
                0x200000f2        0x1 ./ChaeburatorIT_Proc/ChaeburatorIT_Proc.o
                0x200000f2                CamHorizont
 .bss.CamVertical
                0x200000f3        0x1 ./ChaeburatorIT_Proc/ChaeburatorIT_Proc.o
                0x200000f3                CamVertical
 .bss.HeadLights
                0x200000f4        0x1 ./ChaeburatorIT_Proc/ChaeburatorIT_Proc.o
                0x200000f4                HeadLights
 .bss.Load1     0x200000f5        0x1 ./ChaeburatorIT_Proc/ChaeburatorIT_Proc.o
                0x200000f5                Load1
 .bss.Load2     0x200000f6        0x1 ./ChaeburatorIT_Proc/ChaeburatorIT_Proc.o
                0x200000f6                Load2
 .bss.CamHome   0x200000f7        0x1 ./ChaeburatorIT_Proc/ChaeburatorIT_Proc.o
                0x200000f7                CamHome
 .bss.PayLoadCRCError
                0x200000f8        0x4 ./ChaeburatorIT_Proc/ChaeburatorIT_Proc.o
                0x200000f8                PayLoadCRCError
 .bss.NumSuccessPack
                0x200000fc        0x4 ./ChaeburatorIT_Proc/ChaeburatorIT_Proc.o
                0x200000fc                NumSuccessPack
 .bss.OutputNumSuccessPack
                0x20000100        0x1 ./ChaeburatorIT_Proc/ChaeburatorIT_Proc.o
                0x20000100                OutputNumSuccessPack
 .bss.BatteryStatus
                0x20000101        0x1 ./ChaeburatorIT_Proc/ChaeburatorIT_Proc.o
                0x20000101                BatteryStatus
 *fill*         0x20000102        0x2 
 .bss.BufComArr1.0
                0x20000104        0x4 ./ChaeburatorIT_Proc/ChaeburatorIT_Proc.o
 .bss.xIdleTaskTCBBuffer
                0x20000108       0xa0 ./Core/Src/freertos.o
 .bss.xIdleStack
                0x200001a8      0x200 ./Core/Src/freertos.o
 .bss.hadc1     0x200003a8       0x30 ./Core/Src/main.o
                0x200003a8                hadc1
 .bss.hdma_adc1
                0x200003d8       0x44 ./Core/Src/main.o
                0x200003d8                hdma_adc1
 .bss.hspi1     0x2000041c       0x58 ./Core/Src/main.o
                0x2000041c                hspi1
 .bss.htim1     0x20000474       0x48 ./Core/Src/main.o
                0x20000474                htim1
 .bss.htim2     0x200004bc       0x48 ./Core/Src/main.o
                0x200004bc                htim2
 .bss.htim3     0x20000504       0x48 ./Core/Src/main.o
                0x20000504                htim3
 .bss.huart1    0x2000054c       0x48 ./Core/Src/main.o
                0x2000054c                huart1
 .bss.hdma_usart1_tx
                0x20000594       0x44 ./Core/Src/main.o
                0x20000594                hdma_usart1_tx
 .bss.ServoHandle
                0x200005d8        0x4 ./Core/Src/main.o
                0x200005d8                ServoHandle
 .bss.Servo2Handle
                0x200005dc        0x4 ./Core/Src/main.o
                0x200005dc                Servo2Handle
 .bss.EngineTestHandle
                0x200005e0        0x4 ./Core/Src/main.o
                0x200005e0                EngineTestHandle
 .bss.LoRaRxHandle
                0x200005e4        0x4 ./Core/Src/main.o
                0x200005e4                LoRaRxHandle
 .bss.RxErrorHandle
                0x200005e8        0x4 ./Core/Src/main.o
                0x200005e8                RxErrorHandle
 .bss.VoltMeasHandle
                0x200005ec        0x4 ./Core/Src/main.o
                0x200005ec                VoltMeasHandle
 .bss.LightSignalHandle
                0x200005f0        0x4 ./Core/Src/main.o
                0x200005f0                LightSignalHandle
 .bss.SoundAlarmHandle
                0x200005f4        0x4 ./Core/Src/main.o
                0x200005f4                SoundAlarmHandle
 .bss.ControlTaskHandle
                0x200005f8        0x4 ./Core/Src/main.o
                0x200005f8                ControlTaskHandle
 .bss.SemDMA_LoRaHandle
                0x200005fc        0x4 ./Core/Src/main.o
                0x200005fc                SemDMA_LoRaHandle
 .bss.SemDMA_UARTHandle
                0x20000600        0x4 ./Core/Src/main.o
                0x20000600                SemDMA_UARTHandle
 .bss.Sem_Time_RxErrHandle
                0x20000604        0x4 ./Core/Src/main.o
                0x20000604                Sem_Time_RxErrHandle
 .bss.SemDMA_VoltMeasHandle
                0x20000608        0x4 ./Core/Src/main.o
                0x20000608                SemDMA_VoltMeasHandle
 .bss.SemControlTaskHandle
                0x2000060c        0x4 ./Core/Src/main.o
                0x2000060c                SemControlTaskHandle
 .bss.uwTick    0x20000610        0x4 ./Drivers/STM32F1xx_HAL_Driver/Src/stm32f1xx_hal.o
                0x20000610                uwTick
 .bss.pxCurrentTCB
                0x20000614        0x4 ./Middlewares/Third_Party/FreeRTOS/Source/tasks.o
                0x20000614                pxCurrentTCB
 .bss.pxReadyTasksLists
                0x20000618       0x78 ./Middlewares/Third_Party/FreeRTOS/Source/tasks.o
 .bss.xDelayedTaskList1
                0x20000690       0x14 ./Middlewares/Third_Party/FreeRTOS/Source/tasks.o
 .bss.xDelayedTaskList2
                0x200006a4       0x14 ./Middlewares/Third_Party/FreeRTOS/Source/tasks.o
 .bss.pxDelayedTaskList
                0x200006b8        0x4 ./Middlewares/Third_Party/FreeRTOS/Source/tasks.o
 .bss.pxOverflowDelayedTaskList
                0x200006bc        0x4 ./Middlewares/Third_Party/FreeRTOS/Source/tasks.o
 .bss.xPendingReadyList
                0x200006c0       0x14 ./Middlewares/Third_Party/FreeRTOS/Source/tasks.o
 .bss.xTasksWaitingTermination
                0x200006d4       0x14 ./Middlewares/Third_Party/FreeRTOS/Source/tasks.o
 .bss.uxDeletedTasksWaitingCleanUp
                0x200006e8        0x4 ./Middlewares/Third_Party/FreeRTOS/Source/tasks.o
 .bss.xSuspendedTaskList
                0x200006ec       0x14 ./Middlewares/Third_Party/FreeRTOS/Source/tasks.o
 .bss.uxCurrentNumberOfTasks
                0x20000700        0x4 ./Middlewares/Third_Party/FreeRTOS/Source/tasks.o
 .bss.xTickCount
                0x20000704        0x4 ./Middlewares/Third_Party/FreeRTOS/Source/tasks.o
 .bss.uxTopReadyPriority
                0x20000708        0x4 ./Middlewares/Third_Party/FreeRTOS/Source/tasks.o
 .bss.xSchedulerRunning
                0x2000070c        0x4 ./Middlewares/Third_Party/FreeRTOS/Source/tasks.o
 .bss.xPendedTicks
                0x20000710        0x4 ./Middlewares/Third_Party/FreeRTOS/Source/tasks.o
 .bss.xYieldPending
                0x20000714        0x4 ./Middlewares/Third_Party/FreeRTOS/Source/tasks.o
 .bss.xNumOfOverflows
                0x20000718        0x4 ./Middlewares/Third_Party/FreeRTOS/Source/tasks.o
 .bss.uxTaskNumber
                0x2000071c        0x4 ./Middlewares/Third_Party/FreeRTOS/Source/tasks.o
 .bss.xNextTaskUnblockTime
                0x20000720        0x4 ./Middlewares/Third_Party/FreeRTOS/Source/tasks.o
 .bss.xIdleTaskHandle
                0x20000724        0x4 ./Middlewares/Third_Party/FreeRTOS/Source/tasks.o
 .bss.uxSchedulerSuspended
                0x20000728        0x4 ./Middlewares/Third_Party/FreeRTOS/Source/tasks.o
 .bss.ucMaxSysCallPriority
                0x2000072c        0x1 ./Middlewares/Third_Party/FreeRTOS/Source/portable/GCC/ARM_CM3/port.o
 *fill*         0x2000072d        0x3 
 .bss.ulMaxPRIGROUPValue
                0x20000730        0x4 ./Middlewares/Third_Party/FreeRTOS/Source/portable/GCC/ARM_CM3/port.o
 .bss.ucHeap    0x20000734     0x2af8 ./Middlewares/Third_Party/FreeRTOS/Source/portable/MemMang/heap_4.o
 .bss.xStart    0x2000322c        0x8 ./Middlewares/Third_Party/FreeRTOS/Source/portable/MemMang/heap_4.o
 .bss.pxEnd     0x20003234        0x4 ./Middlewares/Third_Party/FreeRTOS/Source/portable/MemMang/heap_4.o
 .bss.xFreeBytesRemaining
                0x20003238        0x4 ./Middlewares/Third_Party/FreeRTOS/Source/portable/MemMang/heap_4.o
 .bss.xMinimumEverFreeBytesRemaining
                0x2000323c        0x4 ./Middlewares/Third_Party/FreeRTOS/Source/portable/MemMang/heap_4.o
 .bss.xNumberOfSuccessfulAllocations
                0x20003240        0x4 ./Middlewares/Third_Party/FreeRTOS/Source/portable/MemMang/heap_4.o
 .bss.xNumberOfSuccessfulFrees
                0x20003244        0x4 ./Middlewares/Third_Party/FreeRTOS/Source/portable/MemMang/heap_4.o
 .bss.xBlockAllocatedBit
                0x20003248        0x4 ./Middlewares/Third_Party/FreeRTOS/Source/portable/MemMang/heap_4.o
 .bss.ComArr1   0x2000324c        0xc ./SX12xxDrivers-V2.1.0/src/RxTx/DataProcess.o
                0x2000324c                ComArr1
 .bss.SX1276LR  0x20003258        0x4 ./SX12xxDrivers-V2.1.0/src/radio/sx1276-Lora.o
                0x20003258                SX1276LR
 .bss.RFLRState
                0x2000325c        0x1 ./SX12xxDrivers-V2.1.0/src/radio/sx1276-Lora.o
 *fill*         0x2000325d        0x3 
 .bss.SX1276Regs
                0x20003260       0x70 ./SX12xxDrivers-V2.1.0/src/radio/sx1276.o
                0x20003260                SX1276Regs
 .bss.LoRaOn    0x200032d0        0x1 ./SX12xxDrivers-V2.1.0/src/radio/sx1276.o
 .bss.LoRaOnState
                0x200032d1        0x1 ./SX12xxDrivers-V2.1.0/src/radio/sx1276.o
 *fill*         0x200032d2        0x2 
 .bss.__sf      0x200032d4      0x138 I:/STM32CubeIDE_1.14.0/STM32CubeIDE/plugins/com.st.stm32cube.ide.mcu.externaltools.gnu-tools-for-stm32.12.3.rel1.win32_1.1.0.202410251130/tools/bin/../lib/gcc/arm-none-eabi/12.3.1/../../../../arm-none-eabi/lib/thumb/v7-m/nofp\libc_nano.a(libc_a-findfp.o)
                0x200032d4                __sf
 .bss.__lock___malloc_recursive_mutex
                0x2000340c        0x1 I:/STM32CubeIDE_1.14.0/STM32CubeIDE/plugins/com.st.stm32cube.ide.mcu.externaltools.gnu-tools-for-stm32.12.3.rel1.win32_1.1.0.202410251130/tools/bin/../lib/gcc/arm-none-eabi/12.3.1/../../../../arm-none-eabi/lib/thumb/v7-m/nofp\libc_nano.a(libc_a-lock.o)
                0x2000340c                __lock___malloc_recursive_mutex
 *fill*         0x2000340d        0x3 
 .bss.__malloc_free_list
                0x20003410        0x4 I:/STM32CubeIDE_1.14.0/STM32CubeIDE/plugins/com.st.stm32cube.ide.mcu.externaltools.gnu-tools-for-stm32.12.3.rel1.win32_1.1.0.202410251130/tools/bin/../lib/gcc/arm-none-eabi/12.3.1/../../../../arm-none-eabi/lib/thumb/v7-m/nofp\libc_nano.a(libc_a-mallocr.o)
                0x20003410                __malloc_free_list
 *(COMMON)
                0x20003414                        . = ALIGN (0x4)
                0x20003414                        _ebss = .
                0x20003414                        __bss_end__ = _ebss

._user_heap_stack
                0x20003414      0x604 load address 0x0800a920
                0x20003418                        . = ALIGN (0x8)
 *fill*         0x20003414        0x4 
                [!provide]                        PROVIDE (end = .)
                0x20003418                        PROVIDE (_end = .)
                0x20003618                        . = (. + _Min_Heap_Size)
 *fill*         0x20003418      0x200 
                0x20003a18                        . = (. + _Min_Stack_Size)
 *fill*         0x20003618      0x400 
                0x20003a18                        . = ALIGN (0x8)

/DISCARD/
 libc.a(*)
 libm.a(*)
 libgcc.a(*)

.ARM.attributes
                0x00000000       0x29
 *(.ARM.attributes)
 .ARM.attributes
                0x00000000       0x1d I:/STM32CubeIDE_1.14.0/STM32CubeIDE/plugins/com.st.stm32cube.ide.mcu.externaltools.gnu-tools-for-stm32.12.3.rel1.win32_1.1.0.202410251130/tools/bin/../lib/gcc/arm-none-eabi/12.3.1/thumb/v7-m/nofp/crti.o
 .ARM.attributes
                0x0000001d       0x2d I:/STM32CubeIDE_1.14.0/STM32CubeIDE/plugins/com.st.stm32cube.ide.mcu.externaltools.gnu-tools-for-stm32.12.3.rel1.win32_1.1.0.202410251130/tools/bin/../lib/gcc/arm-none-eabi/12.3.1/thumb/v7-m/nofp/crtbegin.o
 .ARM.attributes
                0x0000004a       0x2d ./ADC_LoadCell/ADC_LoadCell.o
 .ARM.attributes
                0x00000077       0x2d ./ChaeburatorIT_Proc/ChaeburatorIT_Proc.o
 .ARM.attributes
                0x000000a4       0x2d ./Core/Src/freertos.o
 .ARM.attributes
                0x000000d1       0x2d ./Core/Src/main.o
 .ARM.attributes
                0x000000fe       0x2d ./Core/Src/stm32f1xx_hal_msp.o
 .ARM.attributes
                0x0000012b       0x2d ./Core/Src/stm32f1xx_it.o
 .ARM.attributes
                0x00000158       0x2d ./Core/Src/system_stm32f1xx.o
 .ARM.attributes
                0x00000185       0x21 ./Core/Startup/startup_stm32f103c8tx.o
 .ARM.attributes
                0x000001a6       0x2d ./Drivers/BrushedDC/BrushedDC.o
 .ARM.attributes
                0x000001d3       0x2d ./Drivers/STM32F1xx_HAL_Driver/Src/stm32f1xx_hal.o
 .ARM.attributes
                0x00000200       0x2d ./Drivers/STM32F1xx_HAL_Driver/Src/stm32f1xx_hal_adc.o
 .ARM.attributes
                0x0000022d       0x2d ./Drivers/STM32F1xx_HAL_Driver/Src/stm32f1xx_hal_adc_ex.o
 .ARM.attributes
                0x0000025a       0x2d ./Drivers/STM32F1xx_HAL_Driver/Src/stm32f1xx_hal_cortex.o
 .ARM.attributes
                0x00000287       0x2d ./Drivers/STM32F1xx_HAL_Driver/Src/stm32f1xx_hal_dma.o
 .ARM.attributes
                0x000002b4       0x2d ./Drivers/STM32F1xx_HAL_Driver/Src/stm32f1xx_hal_gpio.o
 .ARM.attributes
                0x000002e1       0x2d ./Drivers/STM32F1xx_HAL_Driver/Src/stm32f1xx_hal_rcc.o
 .ARM.attributes
                0x0000030e       0x2d ./Drivers/STM32F1xx_HAL_Driver/Src/stm32f1xx_hal_rcc_ex.o
 .ARM.attributes
                0x0000033b       0x2d ./Drivers/STM32F1xx_HAL_Driver/Src/stm32f1xx_hal_spi.o
 .ARM.attributes
                0x00000368       0x2d ./Drivers/STM32F1xx_HAL_Driver/Src/stm32f1xx_hal_tim.o
 .ARM.attributes
                0x00000395       0x2d ./Drivers/STM32F1xx_HAL_Driver/Src/stm32f1xx_hal_tim_ex.o
 .ARM.attributes
                0x000003c2       0x2d ./Drivers/STM32F1xx_HAL_Driver/Src/stm32f1xx_hal_uart.o
 .ARM.attributes
                0x000003ef       0x2d ./Drivers/Servo/Servo.o
 .ARM.attributes
                0x0000041c       0x2d ./Middlewares/Third_Party/FreeRTOS/Source/CMSIS_RTOS/cmsis_os.o
 .ARM.attributes
                0x00000449       0x2d ./Middlewares/Third_Party/FreeRTOS/Source/list.o
 .ARM.attributes
                0x00000476       0x2d ./Middlewares/Third_Party/FreeRTOS/Source/queue.o
 .ARM.attributes
                0x000004a3       0x2d ./Middlewares/Third_Party/FreeRTOS/Source/tasks.o
 .ARM.attributes
                0x000004d0       0x2d ./Middlewares/Third_Party/FreeRTOS/Source/portable/GCC/ARM_CM3/port.o
 .ARM.attributes
                0x000004fd       0x2d ./Middlewares/Third_Party/FreeRTOS/Source/portable/MemMang/heap_4.o
 .ARM.attributes
                0x0000052a       0x2d ./SX12xxDrivers-V2.1.0/src/RxTx/DataProcess.o
 .ARM.attributes
                0x00000557       0x2d ./SX12xxDrivers-V2.1.0/src/radio/spi.o
 .ARM.attributes
                0x00000584       0x2d ./SX12xxDrivers-V2.1.0/src/radio/sx1276-Hal.o
 .ARM.attributes
                0x000005b1       0x2d ./SX12xxDrivers-V2.1.0/src/radio/sx1276-LoRaMisk.o
 .ARM.attributes
                0x000005de       0x2d ./SX12xxDrivers-V2.1.0/src/radio/sx1276-Lora.o
 .ARM.attributes
                0x0000060b       0x2d ./SX12xxDrivers-V2.1.0/src/radio/sx1276.o
 .ARM.attributes
                0x00000638       0x2d ./UART_Output/UART_Output.o
 .ARM.attributes
                0x00000665       0x2d I:/STM32CubeIDE_1.14.0/STM32CubeIDE/plugins/com.st.stm32cube.ide.mcu.externaltools.gnu-tools-for-stm32.12.3.rel1.win32_1.1.0.202410251130/tools/bin/../lib/gcc/arm-none-eabi/12.3.1/../../../../arm-none-eabi/lib/thumb/v7-m/nofp\libc_nano.a(libc_a-findfp.o)
 .ARM.attributes
                0x00000692       0x2d I:/STM32CubeIDE_1.14.0/STM32CubeIDE/plugins/com.st.stm32cube.ide.mcu.externaltools.gnu-tools-for-stm32.12.3.rel1.win32_1.1.0.202410251130/tools/bin/../lib/gcc/arm-none-eabi/12.3.1/../../../../arm-none-eabi/lib/thumb/v7-m/nofp\libc_nano.a(libc_a-memset.o)
 .ARM.attributes
                0x000006bf       0x2d I:/STM32CubeIDE_1.14.0/STM32CubeIDE/plugins/com.st.stm32cube.ide.mcu.externaltools.gnu-tools-for-stm32.12.3.rel1.win32_1.1.0.202410251130/tools/bin/../lib/gcc/arm-none-eabi/12.3.1/../../../../arm-none-eabi/lib/thumb/v7-m/nofp\libc_nano.a(libc_a-reent.o)
 .ARM.attributes
                0x000006ec       0x2d I:/STM32CubeIDE_1.14.0/STM32CubeIDE/plugins/com.st.stm32cube.ide.mcu.externaltools.gnu-tools-for-stm32.12.3.rel1.win32_1.1.0.202410251130/tools/bin/../lib/gcc/arm-none-eabi/12.3.1/../../../../arm-none-eabi/lib/thumb/v7-m/nofp\libc_nano.a(libc_a-impure.o)
 .ARM.attributes
                0x00000719       0x2d I:/STM32CubeIDE_1.14.0/STM32CubeIDE/plugins/com.st.stm32cube.ide.mcu.externaltools.gnu-tools-for-stm32.12.3.rel1.win32_1.1.0.202410251130/tools/bin/../lib/gcc/arm-none-eabi/12.3.1/../../../../arm-none-eabi/lib/thumb/v7-m/nofp\libc_nano.a(libc_a-init.o)
 .ARM.attributes
                0x00000746       0x2d I:/STM32CubeIDE_1.14.0/STM32CubeIDE/plugins/com.st.stm32cube.ide.mcu.externaltools.gnu-tools-for-stm32.12.3.rel1.win32_1.1.0.202410251130/tools/bin/../lib/gcc/arm-none-eabi/12.3.1/../../../../arm-none-eabi/lib/thumb/v7-m/nofp\libc_nano.a(libc_a-lock.o)
 .ARM.attributes
                0x00000773       0x2d I:/STM32CubeIDE_1.14.0/STM32CubeIDE/plugins/com.st.stm32cube.ide.mcu.externaltools.gnu-tools-for-stm32.12.3.rel1.win32_1.1.0.202410251130/tools/bin/../lib/gcc/arm-none-eabi/12.3.1/../../../../arm-none-eabi/lib/thumb/v7-m/nofp\libc_nano.a(libc_a-memcpy-stub.o)
 .ARM.attributes
                0x000007a0       0x2d I:/STM32CubeIDE_1.14.0/STM32CubeIDE/plugins/com.st.stm32cube.ide.mcu.externaltools.gnu-tools-for-stm32.12.3.rel1.win32_1.1.0.202410251130/tools/bin/../lib/gcc/arm-none-eabi/12.3.1/../../../../arm-none-eabi/lib/thumb/v7-m/nofp\libc_nano.a(libc_a-freer.o)
 .ARM.attributes
                0x000007cd       0x2d I:/STM32CubeIDE_1.14.0/STM32CubeIDE/plugins/com.st.stm32cube.ide.mcu.externaltools.gnu-tools-for-stm32.12.3.rel1.win32_1.1.0.202410251130/tools/bin/../lib/gcc/arm-none-eabi/12.3.1/../../../../arm-none-eabi/lib/thumb/v7-m/nofp\libc_nano.a(libc_a-mallocr.o)
 .ARM.attributes
                0x000007fa       0x2d I:/STM32CubeIDE_1.14.0/STM32CubeIDE/plugins/com.st.stm32cube.ide.mcu.externaltools.gnu-tools-for-stm32.12.3.rel1.win32_1.1.0.202410251130/tools/bin/../lib/gcc/arm-none-eabi/12.3.1/../../../../arm-none-eabi/lib/thumb/v7-m/nofp\libc_nano.a(libc_a-mlock.o)
 .ARM.attributes
                0x00000827       0x1d I:/STM32CubeIDE_1.14.0/STM32CubeIDE/plugins/com.st.stm32cube.ide.mcu.externaltools.gnu-tools-for-stm32.12.3.rel1.win32_1.1.0.202410251130/tools/bin/../lib/gcc/arm-none-eabi/12.3.1/thumb/v7-m/nofp\libgcc.a(_arm_addsubdf3.o)
 .ARM.attributes
                0x00000844       0x1d I:/STM32CubeIDE_1.14.0/STM32CubeIDE/plugins/com.st.stm32cube.ide.mcu.externaltools.gnu-tools-for-stm32.12.3.rel1.win32_1.1.0.202410251130/tools/bin/../lib/gcc/arm-none-eabi/12.3.1/thumb/v7-m/nofp\libgcc.a(_arm_muldivdf3.o)
 .ARM.attributes
                0x00000861       0x1d I:/STM32CubeIDE_1.14.0/STM32CubeIDE/plugins/com.st.stm32cube.ide.mcu.externaltools.gnu-tools-for-stm32.12.3.rel1.win32_1.1.0.202410251130/tools/bin/../lib/gcc/arm-none-eabi/12.3.1/thumb/v7-m/nofp\libgcc.a(_arm_cmpdf2.o)
 .ARM.attributes
                0x0000087e       0x1d I:/STM32CubeIDE_1.14.0/STM32CubeIDE/plugins/com.st.stm32cube.ide.mcu.externaltools.gnu-tools-for-stm32.12.3.rel1.win32_1.1.0.202410251130/tools/bin/../lib/gcc/arm-none-eabi/12.3.1/thumb/v7-m/nofp\libgcc.a(_arm_fixdfsi.o)
 .ARM.attributes
                0x0000089b       0x1d I:/STM32CubeIDE_1.14.0/STM32CubeIDE/plugins/com.st.stm32cube.ide.mcu.externaltools.gnu-tools-for-stm32.12.3.rel1.win32_1.1.0.202410251130/tools/bin/../lib/gcc/arm-none-eabi/12.3.1/thumb/v7-m/nofp\libgcc.a(_arm_fixunsdfsi.o)
 .ARM.attributes
                0x000008b8       0x1d I:/STM32CubeIDE_1.14.0/STM32CubeIDE/plugins/com.st.stm32cube.ide.mcu.externaltools.gnu-tools-for-stm32.12.3.rel1.win32_1.1.0.202410251130/tools/bin/../lib/gcc/arm-none-eabi/12.3.1/thumb/v7-m/nofp\libgcc.a(_arm_addsubsf3.o)
 .ARM.attributes
                0x000008d5       0x1d I:/STM32CubeIDE_1.14.0/STM32CubeIDE/plugins/com.st.stm32cube.ide.mcu.externaltools.gnu-tools-for-stm32.12.3.rel1.win32_1.1.0.202410251130/tools/bin/../lib/gcc/arm-none-eabi/12.3.1/thumb/v7-m/nofp\libgcc.a(_arm_muldivsf3.o)
 .ARM.attributes
                0x000008f2       0x1d I:/STM32CubeIDE_1.14.0/STM32CubeIDE/plugins/com.st.stm32cube.ide.mcu.externaltools.gnu-tools-for-stm32.12.3.rel1.win32_1.1.0.202410251130/tools/bin/../lib/gcc/arm-none-eabi/12.3.1/thumb/v7-m/nofp\libgcc.a(_arm_cmpsf2.o)
 .ARM.attributes
                0x0000090f       0x1d I:/STM32CubeIDE_1.14.0/STM32CubeIDE/plugins/com.st.stm32cube.ide.mcu.externaltools.gnu-tools-for-stm32.12.3.rel1.win32_1.1.0.202410251130/tools/bin/../lib/gcc/arm-none-eabi/12.3.1/thumb/v7-m/nofp\libgcc.a(_arm_fixsfsi.o)
 .ARM.attributes
                0x0000092c       0x1d I:/STM32CubeIDE_1.14.0/STM32CubeIDE/plugins/com.st.stm32cube.ide.mcu.externaltools.gnu-tools-for-stm32.12.3.rel1.win32_1.1.0.202410251130/tools/bin/../lib/gcc/arm-none-eabi/12.3.1/thumb/v7-m/nofp/crtn.o
OUTPUT(ChaeburatorTest.elf elf32-littlearm)
LOAD linker stubs
LOAD I:/STM32CubeIDE_1.14.0/STM32CubeIDE/plugins/com.st.stm32cube.ide.mcu.externaltools.gnu-tools-for-stm32.12.3.rel1.win32_1.1.0.202410251130/tools/bin/../lib/gcc/arm-none-eabi/12.3.1/../../../../arm-none-eabi/lib/thumb/v7-m/nofp\libc.a
LOAD I:/STM32CubeIDE_1.14.0/STM32CubeIDE/plugins/com.st.stm32cube.ide.mcu.externaltools.gnu-tools-for-stm32.12.3.rel1.win32_1.1.0.202410251130/tools/bin/../lib/gcc/arm-none-eabi/12.3.1/../../../../arm-none-eabi/lib/thumb/v7-m/nofp\libm.a
LOAD I:/STM32CubeIDE_1.14.0/STM32CubeIDE/plugins/com.st.stm32cube.ide.mcu.externaltools.gnu-tools-for-stm32.12.3.rel1.win32_1.1.0.202410251130/tools/bin/../lib/gcc/arm-none-eabi/12.3.1/thumb/v7-m/nofp\libgcc.a

.debug_info     0x00000000    0x1d4cc
 .debug_info    0x00000000      0x67a ./ADC_LoadCell/ADC_LoadCell.o
 .debug_info    0x0000067a      0xbe9 ./ChaeburatorIT_Proc/ChaeburatorIT_Proc.o
 .debug_info    0x00001263      0x920 ./Core/Src/freertos.o
 .debug_info    0x00001b83     0x2934 ./Core/Src/main.o
 .debug_info    0x000044b7     0x1459 ./Core/Src/stm32f1xx_hal_msp.o
 .debug_info    0x00005910      0x9c9 ./Core/Src/stm32f1xx_it.o
 .debug_info    0x000062d9      0x222 ./Core/Src/system_stm32f1xx.o
 .debug_info    0x000064fb       0x30 ./Core/Startup/startup_stm32f103c8tx.o
 .debug_info    0x0000652b      0x7f1 ./Drivers/BrushedDC/BrushedDC.o
 .debug_info    0x00006d1c      0x704 ./Drivers/STM32F1xx_HAL_Driver/Src/stm32f1xx_hal.o
 .debug_info    0x00007420      0xc50 ./Drivers/STM32F1xx_HAL_Driver/Src/stm32f1xx_hal_adc.o
 .debug_info    0x00008070      0xa10 ./Drivers/STM32F1xx_HAL_Driver/Src/stm32f1xx_hal_adc_ex.o
 .debug_info    0x00008a80      0xa87 ./Drivers/STM32F1xx_HAL_Driver/Src/stm32f1xx_hal_cortex.o
 .debug_info    0x00009507      0x6d2 ./Drivers/STM32F1xx_HAL_Driver/Src/stm32f1xx_hal_dma.o
 .debug_info    0x00009bd9      0x5ab ./Drivers/STM32F1xx_HAL_Driver/Src/stm32f1xx_hal_gpio.o
 .debug_info    0x0000a184      0x7d5 ./Drivers/STM32F1xx_HAL_Driver/Src/stm32f1xx_hal_rcc.o
 .debug_info    0x0000a959      0x3c0 ./Drivers/STM32F1xx_HAL_Driver/Src/stm32f1xx_hal_rcc_ex.o
 .debug_info    0x0000ad19     0x142d ./Drivers/STM32F1xx_HAL_Driver/Src/stm32f1xx_hal_spi.o
 .debug_info    0x0000c146     0x2959 ./Drivers/STM32F1xx_HAL_Driver/Src/stm32f1xx_hal_tim.o
 .debug_info    0x0000ea9f     0x149b ./Drivers/STM32F1xx_HAL_Driver/Src/stm32f1xx_hal_tim_ex.o
 .debug_info    0x0000ff3a     0x2eed ./Drivers/STM32F1xx_HAL_Driver/Src/stm32f1xx_hal_uart.o
 .debug_info    0x00012e27      0x6e2 ./Drivers/Servo/Servo.o
 .debug_info    0x00013509     0x21e2 ./Middlewares/Third_Party/FreeRTOS/Source/CMSIS_RTOS/cmsis_os.o
 .debug_info    0x000156eb      0x2af ./Middlewares/Third_Party/FreeRTOS/Source/list.o
 .debug_info    0x0001599a     0x17cd ./Middlewares/Third_Party/FreeRTOS/Source/queue.o
 .debug_info    0x00017167     0x239e ./Middlewares/Third_Party/FreeRTOS/Source/tasks.o
 .debug_info    0x00019505      0x494 ./Middlewares/Third_Party/FreeRTOS/Source/portable/GCC/ARM_CM3/port.o
 .debug_info    0x00019999      0x4d5 ./Middlewares/Third_Party/FreeRTOS/Source/portable/MemMang/heap_4.o
 .debug_info    0x00019e6e      0xce8 ./SX12xxDrivers-V2.1.0/src/RxTx/DataProcess.o
 .debug_info    0x0001ab56      0x647 ./SX12xxDrivers-V2.1.0/src/radio/spi.o
 .debug_info    0x0001b19d      0x350 ./SX12xxDrivers-V2.1.0/src/radio/sx1276-Hal.o
 .debug_info    0x0001b4ed      0x7c5 ./SX12xxDrivers-V2.1.0/src/radio/sx1276-LoRaMisk.o
 .debug_info    0x0001bcb2      0x805 ./SX12xxDrivers-V2.1.0/src/radio/sx1276-Lora.o
 .debug_info    0x0001c4b7      0x6f7 ./SX12xxDrivers-V2.1.0/src/radio/sx1276.o
 .debug_info    0x0001cbae      0x91e ./UART_Output/UART_Output.o

.debug_abbrev   0x00000000     0x4abf
 .debug_abbrev  0x00000000      0x1fc ./ADC_LoadCell/ADC_LoadCell.o
 .debug_abbrev  0x000001fc      0x26f ./ChaeburatorIT_Proc/ChaeburatorIT_Proc.o
 .debug_abbrev  0x0000046b      0x16f ./Core/Src/freertos.o
 .debug_abbrev  0x000005da      0x3b4 ./Core/Src/main.o
 .debug_abbrev  0x0000098e      0x27c ./Core/Src/stm32f1xx_hal_msp.o
 .debug_abbrev  0x00000c0a      0x1d7 ./Core/Src/stm32f1xx_it.o
 .debug_abbrev  0x00000de1      0x13f ./Core/Src/system_stm32f1xx.o
 .debug_abbrev  0x00000f20       0x24 ./Core/Startup/startup_stm32f103c8tx.o
 .debug_abbrev  0x00000f44      0x18f ./Drivers/BrushedDC/BrushedDC.o
 .debug_abbrev  0x000010d3      0x201 ./Drivers/STM32F1xx_HAL_Driver/Src/stm32f1xx_hal.o
 .debug_abbrev  0x000012d4      0x225 ./Drivers/STM32F1xx_HAL_Driver/Src/stm32f1xx_hal_adc.o