../Core/Src/main.c:79:5:main	8	static
../Core/Src/main.c:137:6:SystemClock_Config	88	static
../Core/Src/main.c:186:13:MX_ADC1_Init	24	static
../Core/Src/main.c:269:13:MX_I2C1_Init	8	static
../Core/Src/main.c:303:13:MX_I2C2_Init	8	static
../Core/Src/main.c:337:13:MX_RTC_Init	16	static
../Core/Src/main.c:395:13:MX_SPI2_Init	8	static
../Core/Src/main.c:431:13:MX_DMA_Init	16	static
../Core/Src/main.c:449:13:MX_GPIO_Init	40	static
../Core/Src/main.c:518:6:Error_Handler	4	static,ignoring_inline_asm
