../ChaeburatorIT_Proc/ChaeburatorIT_Proc.c:34:6:HAL_GPIO_EXTI_Callback	24	static,ignoring_inline_asm
../ChaeburatorIT_Proc/ChaeburatorIT_Proc.c:64:6:CalcRxCommands	8	static
../ChaeburatorIT_Proc/ChaeburatorIT_Proc.c:90:6:CheckRange	24	static
../ChaeburatorIT_Proc/ChaeburatorIT_Proc.c:111:6:HAL_TIM_PeriodElapsedCallback	24	static,ignoring_inline_asm
../ChaeburatorIT_Proc/ChaeburatorIT_Proc.c:144:6:ZeroCommArr	16	static
../ChaeburatorIT_Proc/ChaeburatorIT_Proc.c:158:9:CheckBatVolt	16	static
