../SX12xxDrivers-V2.1.0/src/RxTx/DataProcess.c:17:6:InitTxLoRa	8	static
../SX12xxDrivers-V2.1.0/src/RxTx/DataProcess.c:39:6:StartTxLoRa	8	static
../SX12xxDrivers-V2.1.0/src/RxTx/DataProcess.c:51:6:TxInterHandl	8	static
../SX12xxDrivers-V2.1.0/src/RxTx/DataProcess.c:59:6:InitRxContLoRa	8	static
../SX12xxDrivers-V2.1.0/src/RxTx/DataProcess.c:93:10:RxContLoRaCmpl	16	static
../SX12xxDrivers-V2.1.0/src/RxTx/DataProcess.c:151:6:TxArrWriteFiFo	16	static
../SX12xxDrivers-V2.1.0/src/RxTx/DataProcess.c:160:6:TxArrWriteKey	24	static
../SX12xxDrivers-V2.1.0/src/RxTx/DataProcess.c:171:6:TxArrWriteFiFoDMA	32	static
