../Core/Src/main.c:114:5:main	272	static
../Core/Src/main.c:248:6:SystemClock_Config	88	static
../Core/Src/main.c:295:13:MX_ADC1_Init	24	static
../Core/Src/main.c:350:13:MX_SPI1_Init	8	static
../Core/Src/main.c:388:13:MX_TIM1_Init	32	static
../Core/Src/main.c:434:13:MX_TIM2_Init	48	static
../Core/Src/main.c:491:13:MX_TIM3_Init	48	static
../Core/Src/main.c:544:13:MX_USART1_UART_Init	8	static
../Core/Src/main.c:575:13:MX_DMA_Init	16	static
../Core/Src/main.c:593:13:MX_GPIO_Init	40	static
../Core/Src/main.c:690:6:StartLoRaRx	24	static
../Core/Src/main.c:717:6:StartConsole	88	static
../Core/Src/main.c:739:6:StartMotor1_2	72	static
../Core/Src/main.c:781:6:StartUARTOut	16	static
../Core/Src/main.c:836:6:Servo_Cam_Steer	16	static
../Core/Src/main.c:861:6:StartMotor3	40	static
../Core/Src/main.c:890:6:StartVoltProtect	24	static
../Core/Src/main.c:948:6:StartLightSignal	24	static
../Core/Src/main.c:970:6:StartSoundAlarm	24	static
../Core/Src/main.c:992:6:StartDataProtect	32	static
../Core/Src/main.c:1044:6:Error_Handler	4	static,ignoring_inline_asm
