../Drivers/UART_Terminal/Console_Func.c:26:13:hello_command_handler	16	static
../Drivers/UART_Terminal/Console_Func.c:39:13:s_command_handler	64	static
../Drivers/UART_Terminal/Console_Func.c:88:13:M12_command_handler	24	static
../Drivers/UART_Terminal/Console_Func.c:111:13:Out_command_handler	16	static
../Drivers/UART_Terminal/UART_Terminal.c:21:6:StartUartRX	8	static
../Drivers/UART_Terminal/UART_Terminal.c:29:6:HAL_UART_RxCpltCallback	24	static
../Drivers/UART_Terminal/UART_Terminal.c:51:10:USART1_Receive	32	static
../Drivers/UART_Terminal/UART_Terminal.c:82:6:console_write_function	24	static
../Drivers/UART_Terminal/UART_Terminal.c:96:6:MyConsole_Setup	8	static
