Archive member included to satisfy reference by file (symbol)

I:/STM32CubeIDE_1.14.0/STM32CubeIDE/plugins/com.st.stm32cube.ide.mcu.externaltools.gnu-tools-for-stm32.12.3.rel1.win32_1.1.0.202410251130/tools/bin/../lib/gcc/arm-none-eabi/12.3.1/../../../../arm-none-eabi/lib/thumb/v7-m/nofp\libc_nano.a(libc_a-exit.o)
                              I:/STM32CubeIDE_1.14.0/STM32CubeIDE/plugins/com.st.stm32cube.ide.mcu.externaltools.gnu-tools-for-stm32.12.3.rel1.win32_1.1.0.202410251130/tools/bin/../lib/gcc/arm-none-eabi/12.3.1/../../../../arm-none-eabi/lib/thumb/v7-m/nofp/crt0.o (exit)
I:/STM32CubeIDE_1.14.0/STM32CubeIDE/plugins/com.st.stm32cube.ide.mcu.externaltools.gnu-tools-for-stm32.12.3.rel1.win32_1.1.0.202410251130/tools/bin/../lib/gcc/arm-none-eabi/12.3.1/../../../../arm-none-eabi/lib/thumb/v7-m/nofp\libc_nano.a(libc_a-findfp.o)
                              I:/STM32CubeIDE_1.14.0/STM32CubeIDE/plugins/com.st.stm32cube.ide.mcu.externaltools.gnu-tools-for-stm32.12.3.rel1.win32_1.1.0.202410251130/tools/bin/../lib/gcc/arm-none-eabi/12.3.1/../../../../arm-none-eabi/lib/thumb/v7-m/nofp\libc_nano.a(libc_a-exit.o) (__stdio_exit_handler)
I:/STM32CubeIDE_1.14.0/STM32CubeIDE/plugins/com.st.stm32cube.ide.mcu.externaltools.gnu-tools-for-stm32.12.3.rel1.win32_1.1.0.202410251130/tools/bin/../lib/gcc/arm-none-eabi/12.3.1/../../../../arm-none-eabi/lib/thumb/v7-m/nofp\libc_nano.a(libc_a-fwalk.o)
                              I:/STM32CubeIDE_1.14.0/STM32CubeIDE/plugins/com.st.stm32cube.ide.mcu.externaltools.gnu-tools-for-stm32.12.3.rel1.win32_1.1.0.202410251130/tools/bin/../lib/gcc/arm-none-eabi/12.3.1/../../../../arm-none-eabi/lib/thumb/v7-m/nofp\libc_nano.a(libc_a-findfp.o) (_fwalk_sglue)
I:/STM32CubeIDE_1.14.0/STM32CubeIDE/plugins/com.st.stm32cube.ide.mcu.externaltools.gnu-tools-for-stm32.12.3.rel1.win32_1.1.0.202410251130/tools/bin/../lib/gcc/arm-none-eabi/12.3.1/../../../../arm-none-eabi/lib/thumb/v7-m/nofp\libc_nano.a(libc_a-sprintf.o)
                              ./LoRa_MenuV2/LoRaMenuV2.o (sprintf)
I:/STM32CubeIDE_1.14.0/STM32CubeIDE/plugins/com.st.stm32cube.ide.mcu.externaltools.gnu-tools-for-stm32.12.3.rel1.win32_1.1.0.202410251130/tools/bin/../lib/gcc/arm-none-eabi/12.3.1/../../../../arm-none-eabi/lib/thumb/v7-m/nofp\libc_nano.a(libc_a-stdio.o)
                              I:/STM32CubeIDE_1.14.0/STM32CubeIDE/plugins/com.st.stm32cube.ide.mcu.externaltools.gnu-tools-for-stm32.12.3.rel1.win32_1.1.0.202410251130/tools/bin/../lib/gcc/arm-none-eabi/12.3.1/../../../../arm-none-eabi/lib/thumb/v7-m/nofp\libc_nano.a(libc_a-findfp.o) (__sread)
I:/STM32CubeIDE_1.14.0/STM32CubeIDE/plugins/com.st.stm32cube.ide.mcu.externaltools.gnu-tools-for-stm32.12.3.rel1.win32_1.1.0.202410251130/tools/bin/../lib/gcc/arm-none-eabi/12.3.1/../../../../arm-none-eabi/lib/thumb/v7-m/nofp\libc_nano.a(libc_a-vsnprintf.o)
                              ./display/Src/disp1color.o (vsnprintf)
I:/STM32CubeIDE_1.14.0/STM32CubeIDE/plugins/com.st.stm32cube.ide.mcu.externaltools.gnu-tools-for-stm32.12.3.rel1.win32_1.1.0.202410251130/tools/bin/../lib/gcc/arm-none-eabi/12.3.1/../../../../arm-none-eabi/lib/thumb/v7-m/nofp\libc_nano.a(libc_a-memset.o)
                              I:/STM32CubeIDE_1.14.0/STM32CubeIDE/plugins/com.st.stm32cube.ide.mcu.externaltools.gnu-tools-for-stm32.12.3.rel1.win32_1.1.0.202410251130/tools/bin/../lib/gcc/arm-none-eabi/12.3.1/../../../../arm-none-eabi/lib/thumb/v7-m/nofp/crt0.o (memset)
I:/STM32CubeIDE_1.14.0/STM32CubeIDE/plugins/com.st.stm32cube.ide.mcu.externaltools.gnu-tools-for-stm32.12.3.rel1.win32_1.1.0.202410251130/tools/bin/../lib/gcc/arm-none-eabi/12.3.1/../../../../arm-none-eabi/lib/thumb/v7-m/nofp\libc_nano.a(libc_a-closer.o)
                              I:/STM32CubeIDE_1.14.0/STM32CubeIDE/plugins/com.st.stm32cube.ide.mcu.externaltools.gnu-tools-for-stm32.12.3.rel1.win32_1.1.0.202410251130/tools/bin/../lib/gcc/arm-none-eabi/12.3.1/../../../../arm-none-eabi/lib/thumb/v7-m/nofp\libc_nano.a(libc_a-stdio.o) (_close_r)
I:/STM32CubeIDE_1.14.0/STM32CubeIDE/plugins/com.st.stm32cube.ide.mcu.externaltools.gnu-tools-for-stm32.12.3.rel1.win32_1.1.0.202410251130/tools/bin/../lib/gcc/arm-none-eabi/12.3.1/../../../../arm-none-eabi/lib/thumb/v7-m/nofp\libc_nano.a(libc_a-reent.o)
                              I:/STM32CubeIDE_1.14.0/STM32CubeIDE/plugins/com.st.stm32cube.ide.mcu.externaltools.gnu-tools-for-stm32.12.3.rel1.win32_1.1.0.202410251130/tools/bin/../lib/gcc/arm-none-eabi/12.3.1/../../../../arm-none-eabi/lib/thumb/v7-m/nofp\libc_nano.a(libc_a-closer.o) (errno)
I:/STM32CubeIDE_1.14.0/STM32CubeIDE/plugins/com.st.stm32cube.ide.mcu.externaltools.gnu-tools-for-stm32.12.3.rel1.win32_1.1.0.202410251130/tools/bin/../lib/gcc/arm-none-eabi/12.3.1/../../../../arm-none-eabi/lib/thumb/v7-m/nofp\libc_nano.a(libc_a-impure.o)
[...]
Memory Configuration

Name             Origin             Length             Attributes
RAM              0x20000000         0x00005000         xrw
FLASH            0x08000000         0x00010000         xr
*default*        0x00000000         0xffffffff

Linker script and memory map

LOAD I:/STM32CubeIDE_1.14.0/STM32CubeIDE/plugins/com.st.stm32cube.ide.mcu.externaltools.gnu-tools-for-stm32.12.3.rel1.win32_1.1.0.202410251130/tools/bin/../lib/gcc/arm-none-eabi/12.3.1/thumb/v7-m/nofp/crti.o
LOAD I:/STM32CubeIDE_1.14.0/STM32CubeIDE/plugins/com.st.stm32cube.ide.mcu.externaltools.gnu-tools-for-stm32.12.3.rel1.win32_1.1.0.202410251130/tools/bin/../lib/gcc/arm-none-eabi/12.3.1/thumb/v7-m/nofp/crtbegin.o
LOAD I:/STM32CubeIDE_1.14.0/STM32CubeIDE/plugins/com.st.stm32cube.ide.mcu.externaltools.gnu-tools-for-stm32.12.3.rel1.win32_1.1.0.202410251130/tools/bin/../lib/gcc/arm-none-eabi/12.3.1/../../../../arm-none-eabi/lib/thumb/v7-m/nofp/crt0.o
LOAD ./ADC_Stick/ADCStick.o
LOAD ./Core/Src/main.o
LOAD ./Core/Src/stm32f1xx_hal_msp.o
LOAD ./Core/Src/stm32f1xx_it.o
LOAD ./Core/Src/syscalls.o
LOAD ./Core/Src/sysmem.o
LOAD ./Core/Src/system_stm32f1xx.o
LOAD ./Core/Startup/startup_stm32f103c8tx.o
LOAD ./Drivers/STM32F1xx_HAL_Driver/Src/stm32f1xx_hal.o
LOAD ./Drivers/STM32F1xx_HAL_Driver/Src/stm32f1xx_hal_adc.o
LOAD ./Drivers/STM32F1xx_HAL_Driver/Src/stm32f1xx_hal_adc_ex.o
LOAD ./Drivers/STM32F1xx_HAL_Driver/Src/stm32f1xx_hal_cortex.o
LOAD ./Drivers/STM32F1xx_HAL_Driver/Src/stm32f1xx_hal_dma.o
LOAD ./Drivers/STM32F1xx_HAL_Driver/Src/stm32f1xx_hal_exti.o
LOAD ./Drivers/STM32F1xx_HAL_Driver/Src/stm32f1xx_hal_flash.o
LOAD ./Drivers/STM32F1xx_HAL_Driver/Src/stm32f1xx_hal_flash_ex.o
LOAD ./Drivers/STM32F1xx_HAL_Driver/Src/stm32f1xx_hal_gpio.o
LOAD ./Drivers/STM32F1xx_HAL_Driver/Src/stm32f1xx_hal_gpio_ex.o
LOAD ./Drivers/STM32F1xx_HAL_Driver/Src/stm32f1xx_hal_i2c.o
LOAD ./Drivers/STM32F1xx_HAL_Driver/Src/stm32f1xx_hal_pwr.o
LOAD ./Drivers/STM32F1xx_HAL_Driver/Src/stm32f1xx_hal_rcc.o
LOAD ./Drivers/STM32F1xx_HAL_Driver/Src/stm32f1xx_hal_rcc_ex.o
LOAD ./Drivers/STM32F1xx_HAL_Driver/Src/stm32f1xx_hal_rtc.o
LOAD ./Drivers/STM32F1xx_HAL_Driver/Src/stm32f1xx_hal_rtc_ex.o
LOAD ./Drivers/STM32F1xx_HAL_Driver/Src/stm32f1xx_hal_spi.o
LOAD ./IT_Process_0.2.1/PalenishIT_Proc.o
LOAD ./KeyPad/22keypadTCA8418.o
LOAD ./LoRa_MenuV2/LoRaMenuV2.o
LOAD ./ProgMem/ProgMem.o
LOAD ./SX12xxDrivers-V2.1.0/src/RxTx/DataProcess.o
LOAD ./SX12xxDrivers-V2.1.0/src/RxTx/LinkIndication.o
LOAD ./SX12xxDrivers-V2.1.0/src/radio/radio.o
LOAD ./SX12xxDrivers-V2.1.0/src/radio/spi.o
LOAD ./SX12xxDrivers-V2.1.0/src/radio/sx1276-Hal.o
LOAD ./SX12xxDrivers-V2.1.0/src/radio/sx1276-LoRaMisk.o
LOAD ./SX12xxDrivers-V2.1.0/src/radio/sx1276-Lora.o
LOAD ./SX12xxDrivers-V2.1.0/src/radio/sx1276.o
LOAD ./display/Src/disp1color.o
LOAD ./display/Src/f10x16f.o
LOAD ./display/Src/f6x8m.o
LOAD ./display/Src/font.o
LOAD ./display/Src/ssd1306.o
START GROUP
LOAD I:/STM32CubeIDE_1.14.0/STM32CubeIDE/plugins/com.st.stm32cube.ide.mcu.externaltools.gnu-tools-for-stm32.12.3.rel1.win32_1.1.0.202410251130/tools/bin/../lib/gcc/arm-none-eabi/12.3.1/../../../../arm-none-eabi/lib/thumb/v7-m/nofp\libc_nano.a
LOAD I:/STM32CubeIDE_1.14.0/STM32CubeIDE/plugins/com.st.stm32cube.ide.mcu.externaltools.gnu-tools-for-stm32.12.3.rel1.win32_1.1.0.202410251130/tools/bin/../lib/gcc/arm-none-eabi/12.3.1/../../../../arm-none-eabi/lib/thumb/v7-m/nofp\libm.a
END GROUP
START GROUP
LOAD I:/STM32CubeIDE_1.14.0/STM32CubeIDE/plugins/com.st.stm32cube.ide.mcu.externaltools.gnu-tools-for-stm32.12.3.rel1.win32_1.1.0.202410251130/tools/bin/../lib/gcc/arm-none-eabi/12.3.1/thumb/v7-m/nofp\libgcc.a
LOAD I:/STM32CubeIDE_1.14.0/STM32CubeIDE/plugins/com.st.stm32cube.ide.mcu.externaltools.gnu-tools-for-stm32.12.3.rel1.win32_1.1.0.202410251130/tools/bin/../lib/gcc/arm-none-eabi/12.3.1/../../../../arm-none-eabi/lib/thumb/v7-m/nofp\libc_nano.a
END GROUP
START GROUP
LOAD I:/STM32CubeIDE_1.14.0/STM32CubeIDE/plugins/com.st.stm32cube.ide.mcu.externaltools.gnu-tools-for-stm32.12.3.rel1.win32_1.1.0.202410251130/tools/bin/../lib/gcc/arm-none-eabi/12.3.1/thumb/v7-m/nofp\libgcc.a
LOAD I:/STM32CubeIDE_1.14.0/STM32CubeIDE/plugins/com.st.stm32cube.ide.mcu.externaltools.gnu-tools-for-stm32.12.3.rel1.win32_1.1.0.202410251130/tools/bin/../lib/gcc/arm-none-eabi/12.3.1/../../../../arm-none-eabi/lib/thumb/v7-m/nofp\libc_nano.a
LOAD I:/STM32CubeIDE_1.14.0/STM32CubeIDE/plugins/com.st.stm32cube.ide.mcu.externaltools.gnu-tools-for-stm32.12.3.rel1.win32_1.1.0.202410251130/tools/bin/../lib/gcc/arm-none-eabi/12.3.1/../../../../arm-none-eabi/lib/thumb/v7-m/nofp\libnosys.a
END GROUP
START GROUP
LOAD I:/STM32CubeIDE_1.14.0/STM32CubeIDE/plugins/com.st.stm32cube.ide.mcu.externaltools.gnu-tools-for-stm32.12.3.rel1.win32_1.1.0.202410251130/tools/bin/../lib/gcc/arm-none-eabi/12.3.1/thumb/v7-m/nofp\libgcc.a
LOAD I:/STM32CubeIDE_1.14.0/STM32CubeIDE/plugins/com.st.stm32cube.ide.mcu.externaltools.gnu-tools-for-stm32.12.3.rel1.win32_1.1.0.202410251130/tools/bin/../lib/gcc/arm-none-eabi/12.3.1/../../../../arm-none-eabi/lib/thumb/v7-m/nofp\libc_nano.a
LOAD I:/STM32CubeIDE_1.14.0/STM32CubeIDE/plugins/com.st.stm32cube.ide.mcu.externaltools.gnu-tools-for-stm32.12.3.rel1.win32_1.1.0.202410251130/tools/bin/../lib/gcc/arm-none-eabi/12.3.1/../../../../arm-none-eabi/lib/thumb/v7-m/nofp\libnosys.a
END GROUP
LOAD I:/STM32CubeIDE_1.14.0/STM32CubeIDE/plugins/com.st.stm32cube.ide.mcu.externaltools.gnu-tools-for-stm32.12.3.rel1.win32_1.1.0.202410251130/tools/bin/../lib/gcc/arm-none-eabi/12.3.1/thumb/v7-m/nofp/crtend.o
LOAD I:/STM32CubeIDE_1.14.0/STM32CubeIDE/plugins/com.st.stm32cube.ide.mcu.externaltools.gnu-tools-for-stm32.12.3.rel1.win32_1.1.0.202410251130/tools/bin/../lib/gcc/arm-none-eabi/12.3.1/thumb/v7-m/nofp/crtn.o
                0x20005000                        _estack = (ORIGIN (RAM) + LENGTH (RAM))
                0x00000200                        _Min_Heap_Size = 0x200
                0x00000400                        _Min_Stack_Size = 0x400

.isr_vector     0x08000000      0x10c
                0x08000000                        . = ALIGN (0x4)
 *(.isr_vector)
 .isr_vector    0x08000000      0x10c ./Core/Startup/startup_stm32f103c8tx.o
                0x08000000                g_pfnVectors
                0x0800010c                        . = ALIGN (0x4)

.text           0x08000110     0xb5ec
                0x08000110                        . = ALIGN (0x4)
 *(.text)
 .text          0x08000110       0x40 I:/STM32CubeIDE_1.14.0/STM32CubeIDE/plugins/com.st.stm32cube.ide.mcu.externaltools.gnu-tools-for-stm32.12.3.rel1.win32_1.1.0.202410251130/tools/bin/../lib/gcc/arm-none-eabi/12.3.1/thumb/v7-m/nofp/crtbegin.o
 .text          0x08000150      0x378 I:/STM32CubeIDE_1.14.0/STM32CubeIDE/plugins/com.st.stm32cube.ide.mcu.externaltools.gnu-tools-for-stm32.12.3.rel1.win32_1.1.0.202410251130/tools/bin/../lib/gcc/arm-none-eabi/12.3.1/thumb/v7-m/nofp\libgcc.a(_arm_addsubdf3.o)
                0x08000150                __aeabi_drsub
                0x08000158                __aeabi_dsub
                0x08000158                __subdf3
                0x0800015c                __aeabi_dadd
                0x0800015c                __adddf3
                0x080003d4                __floatunsidf
                0x080003d4                __aeabi_ui2d
                0x080003f4                __floatsidf
                0x080003f4                __aeabi_i2d
                0x08000418                __aeabi_f2d
                0x08000418                __extendsfdf2
                0x0800045c                __floatundidf
                0x0800045c                __aeabi_ul2d
                0x0800046c                __floatdidf
                0x0800046c                __aeabi_l2d
 .text          0x080004c8      0x424 I:/STM32CubeIDE_1.14.0/STM32CubeIDE/plugins/com.st.stm32cube.ide.mcu.externaltools.gnu-tools-for-stm32.12.3.rel1.win32_1.1.0.202410251130/tools/bin/../lib/gcc/arm-none-eabi/12.3.1/thumb/v7-m/nofp\libgcc.a(_arm_muldivdf3.o)
                0x080004c8                __aeabi_dmul
                0x080004c8                __muldf3
                0x0800071c                __divdf3
                0x0800071c                __aeabi_ddiv
 .text          0x080008ec       0x40 I:/STM32CubeIDE_1.14.0/STM32CubeIDE/plugins/com.st.stm32cube.ide.mcu.externaltools.gnu-tools-for-stm32.12.3.rel1.win32_1.1.0.202410251130/tools/bin/../lib/gcc/arm-none-eabi/12.3.1/thumb/v7-m/nofp\libgcc.a(_arm_fixunsdfsi.o)
                0x080008ec                __aeabi_d2uiz
                0x080008ec                __fixunsdfsi
 .text          0x0800092c      0x21c I:/STM32CubeIDE_1.14.0/STM32CubeIDE/plugins/com.st.stm32cube.ide.mcu.externaltools.gnu-tools-for-stm32.12.3.rel1.win32_1.1.0.202410251130/tools/bin/../lib/gcc/arm-none-eabi/12.3.1/thumb/v7-m/nofp\libgcc.a(_arm_addsubsf3.o)
                0x0800092c                __aeabi_frsub
                0x08000934                __subsf3
                0x08000934                __aeabi_fsub
                0x08000938                __aeabi_fadd
                0x08000938                __addsf3
                0x08000a98                __aeabi_ui2f
                0x08000a98                __floatunsisf
                0x08000aa0                __aeabi_i2f
                0x08000aa0                __floatsisf
                0x08000abc                __aeabi_ul2f
                0x08000abc                __floatundisf
                0x08000acc                __aeabi_l2f
                0x08000acc                __floatdisf
 .text          0x08000b48      0x2a0 I:/STM32CubeIDE_1.14.0/STM32CubeIDE/plugins/com.st.stm32cube.ide.mcu.externaltools.gnu-tools-for-stm32.12.3.rel1.win32_1.1.0.202410251130/tools/bin/../lib/gcc/arm-none-eabi/12.3.1/thumb/v7-m/nofp\libgcc.a(_arm_muldivsf3.o)
                0x08000b48                __mulsf3
                0x08000b48                __aeabi_fmul
                0x08000cb0                __aeabi_fdiv
                0x08000cb0                __divsf3
 .text          0x08000de8       0xec I:/STM32CubeIDE_1.14.0/STM32CubeIDE/plugins/com.st.stm32cube.ide.mcu.externaltools.gnu-tools-for-stm32.12.3.rel1.win32_1.1.0.202410251130/tools/bin/../lib/gcc/arm-none-eabi/12.3.1/thumb/v7-m/nofp\libgcc.a(_arm_cmpsf2.o)
                0x08000de8                __gesf2
                0x08000de8                __gtsf2
                0x08000df0                __lesf2
                0x08000df0                __ltsf2
                0x08000df8                __nesf2
                0x08000df8                __eqsf2
                0x08000df8                __cmpsf2
                0x08000e58                __aeabi_cfrcmple
                0x08000e60                __aeabi_cfcmpeq
                0x08000e60                __aeabi_cfcmple
                0x08000e70                __aeabi_fcmpeq
                0x08000e84                __aeabi_fcmplt
                0x08000e98                __aeabi_fcmple
                0x08000eac                __aeabi_fcmpge
                0x08000ec0                __aeabi_fcmpgt
 .text          0x08000ed4       0x4c I:/STM32CubeIDE_1.14.0/STM32CubeIDE/plugins/com.st.stm32cube.ide.mcu.externaltools.gnu-tools-for-stm32.12.3.rel1.win32_1.1.0.202410251130/tools/bin/../lib/gcc/arm-none-eabi/12.3.1/thumb/v7-m/nofp\libgcc.a(_arm_fixsfsi.o)
                0x08000ed4                __aeabi_f2iz
                0x08000ed4                __fixsfsi
 *(.text*)
 .text.InitADCStick
                0x08000f20       0x28 ./ADC_Stick/ADCStick.o
                0x08000f20                InitADCStick
 .text.StickCal
                0x08000f48       0x56 ./ADC_Stick/ADCStick.o
                0x08000f48                StickCal
 *fill*         0x08000f9e        0x2 
 .text.StickCalc
                0x08000fa0      0x114 ./ADC_Stick/ADCStick.o
                0x08000fa0                StickCalc
 .text.HAL_ADC_ConvCpltCallback
                0x080010b4       0x24 ./ADC_Stick/ADCStick.o
                0x080010b4                HAL_ADC_ConvCpltCallback
 .text.BufFormStick
                0x080010d8       0x70 ./ADC_Stick/ADCStick.o
                0x080010d8                BufFormStick
 .text.BufFormNumbConv
                0x08001148       0x2c ./ADC_Stick/ADCStick.o
                0x08001148                BufFormNumbConv
 .text.main     0x08001174       0x54 ./Core/Src/main.o
                0x08001174                main
 .text.SystemClock_Config
                0x080011c8       0xc0 ./Core/Src/main.o
                0x080011c8                SystemClock_Config
 .text.MX_ADC1_Init
                0x08001288       0xf0 ./Core/Src/main.o
 .text.MX_I2C1_Init
                0x08001378       0x5c ./Core/Src/main.o
 .text.MX_I2C2_Init
                0x080013d4       0x5c ./Core/Src/main.o
 .text.MX_RTC_Init
                0x08001430       0xa4 ./Core/Src/main.o
 .text.MX_SPI2_Init
                0x080014d4       0x6c ./Core/Src/main.o
 .text.MX_DMA_Init
                0x08001540       0x3c ./Core/Src/main.o
 .text.MX_GPIO_Init
                0x0800157c      0x14c ./Core/Src/main.o
 .text.Error_Handler
                0x080016c8        0xc ./Core/Src/main.o
                0x080016c8                Error_Handler
 .text.HAL_MspInit
                0x080016d4       0x84 ./Core/Src/stm32f1xx_hal_msp.o
                0x080016d4                HAL_MspInit
 .text.HAL_ADC_MspInit
                0x08001758       0xd0 ./Core/Src/stm32f1xx_hal_msp.o
                0x08001758                HAL_ADC_MspInit
 .text.HAL_I2C_MspInit
                0x08001828      0x108 ./Core/Src/stm32f1xx_hal_msp.o
                0x08001828                HAL_I2C_MspInit
 .text.HAL_RTC_MspInit
                0x08001930       0x58 ./Core/Src/stm32f1xx_hal_msp.o
                0x08001930                HAL_RTC_MspInit
 .text.HAL_SPI_MspInit
                0x08001988       0xa8 ./Core/Src/stm32f1xx_hal_msp.o
                0x08001988                HAL_SPI_MspInit
 .text.NMI_Handler
                0x08001a30        0x8 ./Core/Src/stm32f1xx_it.o
                0x08001a30                NMI_Handler
 .text.HardFault_Handler
                0x08001a38        0x8 ./Core/Src/stm32f1xx_it.o
                0x08001a38                HardFault_Handler
 .text.MemManage_Handler
                0x08001a40        0x8 ./Core/Src/stm32f1xx_it.o
                0x08001a40                MemManage_Handler
 .text.BusFault_Handler
                0x08001a48        0x8 ./Core/Src/stm32f1xx_it.o
                0x08001a48                BusFault_Handler
 .text.UsageFault_Handler
                0x08001a50        0x8 ./Core/Src/stm32f1xx_it.o
                0x08001a50                UsageFault_Handler
 .text.SVC_Handler
                0x08001a58        0xc ./Core/Src/stm32f1xx_it.o
                0x08001a58                SVC_Handler
 .text.DebugMon_Handler
                0x08001a64        0xc ./Core/Src/stm32f1xx_it.o
                0x08001a64                DebugMon_Handler
 .text.PendSV_Handler
                0x08001a70        0xc ./Core/Src/stm32f1xx_it.o
                0x08001a70                PendSV_Handler
 .text.SysTick_Handler
                0x08001a7c        0xc ./Core/Src/stm32f1xx_it.o
                0x08001a7c                SysTick_Handler
 .text.RTC_IRQHandler
                0x08001a88       0x14 ./Core/Src/stm32f1xx_it.o
                0x08001a88                RTC_IRQHandler
 .text.FLASH_IRQHandler
                0x08001a9c        0xc ./Core/Src/stm32f1xx_it.o
                0x08001a9c                FLASH_IRQHandler
 .text.RCC_IRQHandler
                0x08001aa8        0xc ./Core/Src/stm32f1xx_it.o
                0x08001aa8                RCC_IRQHandler
 .text.DMA1_Channel1_IRQHandler
                0x08001ab4       0x14 ./Core/Src/stm32f1xx_it.o
                0x08001ab4                DMA1_Channel1_IRQHandler
 .text.EXTI9_5_IRQHandler
                0x08001ac8       0x16 ./Core/Src/stm32f1xx_it.o
                0x08001ac8                EXTI9_5_IRQHandler
 *fill*         0x08001ade        0x2 
 .text.I2C1_EV_IRQHandler
                0x08001ae0       0x14 ./Core/Src/stm32f1xx_it.o
                0x08001ae0                I2C1_EV_IRQHandler
 .text.I2C1_ER_IRQHandler
                0x08001af4       0x14 ./Core/Src/stm32f1xx_it.o
                0x08001af4                I2C1_ER_IRQHandler
 .text.I2C2_EV_IRQHandler
                0x08001b08       0x14 ./Core/Src/stm32f1xx_it.o
                0x08001b08                I2C2_EV_IRQHandler
 .text.SPI2_IRQHandler
                0x08001b1c       0x14 ./Core/Src/stm32f1xx_it.o
                0x08001b1c                SPI2_IRQHandler
 .text._sbrk    0x08001b30       0x6c ./Core/Src/sysmem.o
                0x08001b30                _sbrk
 .text.SystemInit
                0x08001b9c        0xc ./Core/Src/system_stm32f1xx.o
                0x08001b9c                SystemInit
 .text.Reset_Handler
                0x08001ba8       0x48 ./Core/Startup/startup_stm32f103c8tx.o
                0x08001ba8                Reset_Handler
 .text.Default_Handler
                0x08001bf0        0x2 ./Core/Startup/startup_stm32f103c8tx.o
                0x08001bf0                RTC_Alarm_IRQHandler
                0x08001bf0                EXTI2_IRQHandler
                0x08001bf0                TIM1_CC_IRQHandler
                0x08001bf0                PVD_IRQHandler
                0x08001bf0                EXTI3_IRQHandler
                0x08001bf0                EXTI0_IRQHandler
                0x08001bf0                ADC1_2_IRQHandler
                0x08001bf0                SPI1_IRQHandler
                0x08001bf0                TAMPER_IRQHandler
                0x08001bf0                DMA1_Channel4_IRQHandler
                0x08001bf0                USART3_IRQHandler
                0x08001bf0                DMA1_Channel7_IRQHandler
                0x08001bf0                CAN1_RX1_IRQHandler
                0x08001bf0                TIM4_IRQHandler
                0x08001bf0                DMA1_Channel6_IRQHandler
                0x08001bf0                TIM3_IRQHandler
                0x08001bf0                TIM1_TRG_COM_IRQHandler
                0x08001bf0                Default_Handler
                0x08001bf0                EXTI15_10_IRQHandler
                0x08001bf0                DMA1_Channel5_IRQHandler
                0x08001bf0                EXTI4_IRQHandler
                0x08001bf0                USB_LP_CAN1_RX0_IRQHandler
                0x08001bf0                USB_HP_CAN1_TX_IRQHandler
                0x08001bf0                DMA1_Channel3_IRQHandler
                0x08001bf0                TIM1_UP_IRQHandler
                0x08001bf0                WWDG_IRQHandler
                0x08001bf0                TIM2_IRQHandler
                0x08001bf0                TIM1_BRK_IRQHandler
                0x08001bf0                EXTI1_IRQHandler
                0x08001bf0                USART2_IRQHandler
                0x08001bf0                I2C2_ER_IRQHandler
                0x08001bf0                DMA1_Channel2_IRQHandler
                0x08001bf0                CAN1_SCE_IRQHandler
                0x08001bf0                USART1_IRQHandler
                0x08001bf0                USBWakeUp_IRQHandler
 *fill*         0x08001bf2        0x2 
 .text.HAL_Init
                0x08001bf4       0x2c ./Drivers/STM32F1xx_HAL_Driver/Src/stm32f1xx_hal.o
                0x08001bf4                HAL_Init
 .text.HAL_InitTick
                0x08001c20       0x60 ./Drivers/STM32F1xx_HAL_Driver/Src/stm32f1xx_hal.o
                0x08001c20                HAL_InitTick
 .text.HAL_IncTick
                0x08001c80       0x24 ./Drivers/STM32F1xx_HAL_Driver/Src/stm32f1xx_hal.o
                0x08001c80                HAL_IncTick
 .text.HAL_GetTick
                0x08001ca4       0x14 ./Drivers/STM32F1xx_HAL_Driver/Src/stm32f1xx_hal.o
                0x08001ca4                HAL_GetTick
 .text.HAL_Delay
                0x08001cb8       0x48 ./Drivers/STM32F1xx_HAL_Driver/Src/stm32f1xx_hal.o
                0x08001cb8                HAL_Delay
 .text.HAL_ADC_Init
                0x08001d00      0x1b0 ./Drivers/STM32F1xx_HAL_Driver/Src/stm32f1xx_hal_adc.o
                0x08001d00                HAL_ADC_Init
 .text.HAL_ADC_Start_DMA
                0x08001eb0      0x1bc ./Drivers/STM32F1xx_HAL_Driver/Src/stm32f1xx_hal_adc.o
                0x08001eb0                HAL_ADC_Start_DMA
 .text.HAL_ADC_ConvHalfCpltCallback
                0x0800206c       0x12 ./Drivers/STM32F1xx_HAL_Driver/Src/stm32f1xx_hal_adc.o
                0x0800206c                HAL_ADC_ConvHalfCpltCallback
 .text.HAL_ADC_ErrorCallback
                0x0800207e       0x12 ./Drivers/STM32F1xx_HAL_Driver/Src/stm32f1xx_hal_adc.o
                0x0800207e                HAL_ADC_ErrorCallback
 .text.HAL_ADC_ConfigChannel
                0x08002090      0x1f0 ./Drivers/STM32F1xx_HAL_Driver/Src/stm32f1xx_hal_adc.o
                0x08002090                HAL_ADC_ConfigChannel
 .text.ADC_Enable
                0x08002280       0xb4 ./Drivers/STM32F1xx_HAL_Driver/Src/stm32f1xx_hal_adc.o
                0x08002280                ADC_Enable
 .text.ADC_ConversionStop_Disable
                0x08002334       0x82 ./Drivers/STM32F1xx_HAL_Driver/Src/stm32f1xx_hal_adc.o
                0x08002334                ADC_ConversionStop_Disable
 .text.ADC_DMAConvCplt
                0x080023b6       0x7c ./Drivers/STM32F1xx_HAL_Driver/Src/stm32f1xx_hal_adc.o
                0x080023b6                ADC_DMAConvCplt
 .text.ADC_DMAHalfConvCplt
                0x08002432       0x1c ./Drivers/STM32F1xx_HAL_Driver/Src/stm32f1xx_hal_adc.o
                0x08002432                ADC_DMAHalfConvCplt
 .text.ADC_DMAError
                0x0800244e       0x34 ./Drivers/STM32F1xx_HAL_Driver/Src/stm32f1xx_hal_adc.o
                0x0800244e                ADC_DMAError
 *fill*         0x08002482        0x2 
 .text.HAL_ADCEx_Calibration_Start
                0x08002484      0x15c ./Drivers/STM32F1xx_HAL_Driver/Src/stm32f1xx_hal_adc_ex.o
                0x08002484                HAL_ADCEx_Calibration_Start
 .text.__NVIC_SetPriorityGrouping
                0x080025e0       0x48 ./Drivers/STM32F1xx_HAL_Driver/Src/stm32f1xx_hal_cortex.o
 .text.__NVIC_GetPriorityGrouping
                0x08002628       0x1c ./Drivers/STM32F1xx_HAL_Driver/Src/stm32f1xx_hal_cortex.o
 .text.__NVIC_EnableIRQ
                0x08002644       0x38 ./Drivers/STM32F1xx_HAL_Driver/Src/stm32f1xx_hal_cortex.o
 .text.__NVIC_DisableIRQ
                0x0800267c       0x48 ./Drivers/STM32F1xx_HAL_Driver/Src/stm32f1xx_hal_cortex.o
 .text.__NVIC_SetPriority
                0x080026c4       0x54 ./Drivers/STM32F1xx_HAL_Driver/Src/stm32f1xx_hal_cortex.o
 .text.NVIC_EncodePriority
                0x08002718       0x64 ./Drivers/STM32F1xx_HAL_Driver/Src/stm32f1xx_hal_cortex.o
 .text.SysTick_Config
                0x0800277c       0x44 ./Drivers/STM32F1xx_HAL_Driver/Src/stm32f1xx_hal_cortex.o
 .text.HAL_NVIC_SetPriorityGrouping
                0x080027c0       0x16 ./Drivers/STM32F1xx_HAL_Driver/Src/stm32f1xx_hal_cortex.o
                0x080027c0                HAL_NVIC_SetPriorityGrouping
 .text.HAL_NVIC_SetPriority
                0x080027d6       0x38 ./Drivers/STM32F1xx_HAL_Driver/Src/stm32f1xx_hal_cortex.o
                0x080027d6                HAL_NVIC_SetPriority
 .text.HAL_NVIC_EnableIRQ
                0x0800280e       0x1c ./Drivers/STM32F1xx_HAL_Driver/Src/stm32f1xx_hal_cortex.o
                0x0800280e                HAL_NVIC_EnableIRQ
 .text.HAL_NVIC_DisableIRQ
                0x0800282a       0x1c ./Drivers/STM32F1xx_HAL_Driver/Src/stm32f1xx_hal_cortex.o
                0x0800282a                HAL_NVIC_DisableIRQ
 .text.HAL_SYSTICK_Config
                0x08002846       0x18 ./Drivers/STM32F1xx_HAL_Driver/Src/stm32f1xx_hal_cortex.o
                0x08002846                HAL_SYSTICK_Config
 *fill*         0x0800285e        0x2 
 .text.HAL_DMA_Init
                0x08002860       0xb4 ./Drivers/STM32F1xx_HAL_Driver/Src/stm32f1xx_hal_dma.o
                0x08002860                HAL_DMA_Init
 .text.HAL_DMA_Start_IT
                0x08002914       0xc0 ./Drivers/STM32F1xx_HAL_Driver/Src/stm32f1xx_hal_dma.o
                0x08002914                HAL_DMA_Start_IT
 .text.HAL_DMA_Abort_IT
                0x080029d4       0xf0 ./Drivers/STM32F1xx_HAL_Driver/Src/stm32f1xx_hal_dma.o
                0x080029d4                HAL_DMA_Abort_IT
 .text.HAL_DMA_IRQHandler
                0x08002ac4      0x20c ./Drivers/STM32F1xx_HAL_Driver/Src/stm32f1xx_hal_dma.o
                0x08002ac4                HAL_DMA_IRQHandler
 .text.HAL_DMA_GetState
                0x08002cd0       0x1a ./Drivers/STM32F1xx_HAL_Driver/Src/stm32f1xx_hal_dma.o
                0x08002cd0                HAL_DMA_GetState
 .text.DMA_SetConfig
                0x08002cea       0x5a ./Drivers/STM32F1xx_HAL_Driver/Src/stm32f1xx_hal_dma.o
 .text.HAL_FLASH_Program
                0x08002d44       0xe0 ./Drivers/STM32F1xx_HAL_Driver/Src/stm32f1xx_hal_flash.o
                0x08002d44                HAL_FLASH_Program
 .text.HAL_FLASH_IRQHandler
                0x08002e24      0x1c0 ./Drivers/STM32F1xx_HAL_Driver/Src/stm32f1xx_hal_flash.o
                0x08002e24                HAL_FLASH_IRQHandler
 .text.HAL_FLASH_EndOfOperationCallback
                0x08002fe4       0x12 ./Drivers/STM32F1xx_HAL_Driver/Src/stm32f1xx_hal_flash.o
                0x08002fe4                HAL_FLASH_EndOfOperationCallback
 .text.HAL_FLASH_OperationErrorCallback
                0x08002ff6       0x12 ./Drivers/STM32F1xx_HAL_Driver/Src/stm32f1xx_hal_flash.o
                0x08002ff6                HAL_FLASH_OperationErrorCallback
 .text.HAL_FLASH_Unlock
                0x08003008       0x4c ./Drivers/STM32F1xx_HAL_Driver/Src/stm32f1xx_hal_flash.o
                0x08003008                HAL_FLASH_Unlock
 .text.HAL_FLASH_Lock
                0x08003054       0x20 ./Drivers/STM32F1xx_HAL_Driver/Src/stm32f1xx_hal_flash.o
                0x08003054                HAL_FLASH_Lock
 .text.FLASH_Program_HalfWord
                0x08003074       0x38 ./Drivers/STM32F1xx_HAL_Driver/Src/stm32f1xx_hal_flash.o
 .text.FLASH_WaitForLastOperation
                0x080030ac       0x8c ./Drivers/STM32F1xx_HAL_Driver/Src/stm32f1xx_hal_flash.o
                0x080030ac                FLASH_WaitForLastOperation
 .text.FLASH_SetErrorCode
                0x08003138       0xa0 ./Drivers/STM32F1xx_HAL_Driver/Src/stm32f1xx_hal_flash.o
 .text.HAL_FLASHEx_Erase
                0x080031d8       0xd8 ./Drivers/STM32F1xx_HAL_Driver/Src/stm32f1xx_hal_flash_ex.o
                0x080031d8                HAL_FLASHEx_Erase
 .text.FLASH_MassErase
                0x080032b0       0x38 ./Drivers/STM32F1xx_HAL_Driver/Src/stm32f1xx_hal_flash_ex.o
 .text.FLASH_PageErase
                0x080032e8       0x40 ./Drivers/STM32F1xx_HAL_Driver/Src/stm32f1xx_hal_flash_ex.o
                0x080032e8                FLASH_PageErase
 .text.HAL_GPIO_Init
                0x08003328      0x308 ./Drivers/STM32F1xx_HAL_Driver/Src/stm32f1xx_hal_gpio.o
                0x08003328                HAL_GPIO_Init
 .text.HAL_GPIO_WritePin
                0x08003630       0x30 ./Drivers/STM32F1xx_HAL_Driver/Src/stm32f1xx_hal_gpio.o
                0x08003630                HAL_GPIO_WritePin
 .text.HAL_GPIO_EXTI_IRQHandler
                0x08003660       0x30 ./Drivers/STM32F1xx_HAL_Driver/Src/stm32f1xx_hal_gpio.o
                0x08003660                HAL_GPIO_EXTI_IRQHandler
 .text.HAL_I2C_Init
                0x08003690      0x288 ./Drivers/STM32F1xx_HAL_Driver/Src/stm32f1xx_hal_i2c.o
                0x08003690                HAL_I2C_Init
 .text.I2C_Flush_DR
                0x08003918       0x28 ./Drivers/STM32F1xx_HAL_Driver/Src/stm32f1xx_hal_i2c.o
 .text.HAL_I2C_Master_Transmit
                0x08003940      0x1fc ./Drivers/STM32F1xx_HAL_Driver/Src/stm32f1xx_hal_i2c.o
                0x08003940                HAL_I2C_Master_Transmit
 .text.HAL_I2C_Master_Receive
                0x08003b3c      0x4d8 ./Drivers/STM32F1xx_HAL_Driver/Src/stm32f1xx_hal_i2c.o
                0x08003b3c                HAL_I2C_Master_Receive
 .text.HAL_I2C_Master_Transmit_IT
                0x08004014      0x140 ./Drivers/STM32F1xx_HAL_Driver/Src/stm32f1xx_hal_i2c.o
                0x08004014                HAL_I2C_Master_Transmit_IT
 .text.HAL_I2C_EV_IRQHandler
                0x08004154      0x2a6 ./Drivers/STM32F1xx_HAL_Driver/Src/stm32f1xx_hal_i2c.o
                0x08004154                HAL_I2C_EV_IRQHandler
 .text.HAL_I2C_ER_IRQHandler
                0x080043fa      0x14e ./Drivers/STM32F1xx_HAL_Driver/Src/stm32f1xx_hal_i2c.o
                0x080043fa                HAL_I2C_ER_IRQHandler
 .text.HAL_I2C_MasterRxCpltCallback
                0x08004548       0x12 ./Drivers/STM32F1xx_HAL_Driver/Src/stm32f1xx_hal_i2c.o
                0x08004548                HAL_I2C_MasterRxCpltCallback
 .text.HAL_I2C_SlaveTxCpltCallback
                0x0800455a       0x12 ./Drivers/STM32F1xx_HAL_Driver/Src/stm32f1xx_hal_i2c.o
                0x0800455a                HAL_I2C_SlaveTxCpltCallback
 .text.HAL_I2C_SlaveRxCpltCallback
                0x0800456c       0x12 ./Drivers/STM32F1xx_HAL_Driver/Src/stm32f1xx_hal_i2c.o
                0x0800456c                HAL_I2C_SlaveRxCpltCallback
 .text.HAL_I2C_AddrCallback
                0x0800457e       0x1a ./Drivers/STM32F1xx_HAL_Driver/Src/stm32f1xx_hal_i2c.o
                0x0800457e                HAL_I2C_AddrCallback
 .text.HAL_I2C_ListenCpltCallback
                0x08004598       0x12 ./Drivers/STM32F1xx_HAL_Driver/Src/stm32f1xx_hal_i2c.o
                0x08004598                HAL_I2C_ListenCpltCallback
 .text.HAL_I2C_MemTxCpltCallback
                0x080045aa       0x12 ./Drivers/STM32F1xx_HAL_Driver/Src/stm32f1xx_hal_i2c.o
                0x080045aa                HAL_I2C_MemTxCpltCallback
 .text.HAL_I2C_MemRxCpltCallback
                0x080045bc       0x12 ./Drivers/STM32F1xx_HAL_Driver/Src/stm32f1xx_hal_i2c.o
                0x080045bc                HAL_I2C_MemRxCpltCallback
 .text.HAL_I2C_ErrorCallback
                0x080045ce       0x12 ./Drivers/STM32F1xx_HAL_Driver/Src/stm32f1xx_hal_i2c.o
                0x080045ce                HAL_I2C_ErrorCallback
 .text.HAL_I2C_AbortCpltCallback
                0x080045e0       0x12 ./Drivers/STM32F1xx_HAL_Driver/Src/stm32f1xx_hal_i2c.o
                0x080045e0                HAL_I2C_AbortCpltCallback
 .text.HAL_I2C_GetState
                0x080045f2       0x1a ./Drivers/STM32F1xx_HAL_Driver/Src/stm32f1xx_hal_i2c.o
                0x080045f2                HAL_I2C_GetState
 .text.I2C_MasterTransmit_TXE
                0x0800460c      0x138 ./Drivers/STM32F1xx_HAL_Driver/Src/stm32f1xx_hal_i2c.o
 .text.I2C_MasterTransmit_BTF
                0x08004744       0xec ./Drivers/STM32F1xx_HAL_Driver/Src/stm32f1xx_hal_i2c.o
 .text.I2C_MemoryTransmit_TXE_BTF
                0x08004830      0x130 ./Drivers/STM32F1xx_HAL_Driver/Src/stm32f1xx_hal_i2c.o
 .text.I2C_MasterReceive_RXNE
                0x08004960      0x190 ./Drivers/STM32F1xx_HAL_Driver/Src/stm32f1xx_hal_i2c.o
 .text.I2C_MasterReceive_BTF
                0x08004af0      0x1e2 ./Drivers/STM32F1xx_HAL_Driver/Src/stm32f1xx_hal_i2c.o
 .text.I2C_Master_SB
                0x08004cd2      0x10a ./Drivers/STM32F1xx_HAL_Driver/Src/stm32f1xx_hal_i2c.o
 .text.I2C_Master_ADD10
                0x08004ddc       0x52 ./Drivers/STM32F1xx_HAL_Driver/Src/stm32f1xx_hal_i2c.o
 .text.I2C_Master_ADDR
                0x08004e2e      0x336 ./Drivers/STM32F1xx_HAL_Driver/Src/stm32f1xx_hal_i2c.o
 .text.I2C_SlaveTransmit_TXE
                0x08005164       0x7a ./Drivers/STM32F1xx_HAL_Driver/Src/stm32f1xx_hal_i2c.o
 .text.I2C_SlaveTransmit_BTF
                0x080051de       0x40 ./Drivers/STM32F1xx_HAL_Driver/Src/stm32f1xx_hal_i2c.o
 .text.I2C_SlaveReceive_RXNE
                0x0800521e       0x7c ./Drivers/STM32F1xx_HAL_Driver/Src/stm32f1xx_hal_i2c.o
 .text.I2C_SlaveReceive_BTF
                0x0800529a       0x42 ./Drivers/STM32F1xx_HAL_Driver/Src/stm32f1xx_hal_i2c.o
 .text.I2C_Slave_ADDR
                0x080052dc       0x90 ./Drivers/STM32F1xx_HAL_Driver/Src/stm32f1xx_hal_i2c.o
 .text.I2C_Slave_STOPF
                0x0800536c      0x260 ./Drivers/STM32F1xx_HAL_Driver/Src/stm32f1xx_hal_i2c.o
 .text.I2C_Slave_AF
                0x080055cc       0xe8 ./Drivers/STM32F1xx_HAL_Driver/Src/stm32f1xx_hal_i2c.o
 .text.I2C_ITError
                0x080056b4      0x264 ./Drivers/STM32F1xx_HAL_Driver/Src/stm32f1xx_hal_i2c.o
 .text.I2C_MasterRequestWrite
                0x08005918      0x104 ./Drivers/STM32F1xx_HAL_Driver/Src/stm32f1xx_hal_i2c.o
 .text.I2C_MasterRequestRead
                0x08005a1c      0x19c ./Drivers/STM32F1xx_HAL_Driver/Src/stm32f1xx_hal_i2c.o
 .text.I2C_DMAAbort
                0x08005bb8      0x150 ./Drivers/STM32F1xx_HAL_Driver/Src/stm32f1xx_hal_i2c.o
 .text.I2C_WaitOnFlagUntilTimeout
                0x08005d08       0xf4 ./Drivers/STM32F1xx_HAL_Driver/Src/stm32f1xx_hal_i2c.o
 .text.I2C_WaitOnMasterAddressFlagUntilTimeout
                0x08005dfc      0x140 ./Drivers/STM32F1xx_HAL_Driver/Src/stm32f1xx_hal_i2c.o
 .text.I2C_WaitOnTXEFlagUntilTimeout
                0x08005f3c       0x90 ./Drivers/STM32F1xx_HAL_Driver/Src/stm32f1xx_hal_i2c.o
 .text.I2C_WaitOnBTFFlagUntilTimeout
                0x08005fcc       0x90 ./Drivers/STM32F1xx_HAL_Driver/Src/stm32f1xx_hal_i2c.o
 .text.I2C_WaitOnSTOPRequestThroughIT
                0x0800605c       0x64 ./Drivers/STM32F1xx_HAL_Driver/Src/stm32f1xx_hal_i2c.o
 .text.I2C_WaitOnRXNEFlagUntilTimeout
                0x080060c0       0xba ./Drivers/STM32F1xx_HAL_Driver/Src/stm32f1xx_hal_i2c.o
 .text.I2C_IsAcknowledgeFailed
                0x0800617a       0x5c ./Drivers/STM32F1xx_HAL_Driver/Src/stm32f1xx_hal_i2c.o
 .text.I2C_ConvertOtherXferOptions
                0x080061d6       0x34 ./Drivers/STM32F1xx_HAL_Driver/Src/stm32f1xx_hal_i2c.o
 *fill*         0x0800620a        0x2 
 .text.HAL_PWR_EnableBkUpAccess
                0x0800620c       0x18 ./Drivers/STM32F1xx_HAL_Driver/Src/stm32f1xx_hal_pwr.o
                0x0800620c                HAL_PWR_EnableBkUpAccess
 .text.HAL_RCC_OscConfig
                0x08006224      0x504 ./Drivers/STM32F1xx_HAL_Driver/Src/stm32f1xx_hal_rcc.o
                0x08006224                HAL_RCC_OscConfig
 .text.HAL_RCC_ClockConfig
                0x08006728      0x1d4 ./Drivers/STM32F1xx_HAL_Driver/Src/stm32f1xx_hal_rcc.o
                0x08006728                HAL_RCC_ClockConfig
 .text.HAL_RCC_GetSysClockFreq
                0x080068fc       0xa8 ./Drivers/STM32F1xx_HAL_Driver/Src/stm32f1xx_hal_rcc.o
                0x080068fc                HAL_RCC_GetSysClockFreq
 .text.HAL_RCC_GetHCLKFreq
                0x080069a4       0x14 ./Drivers/STM32F1xx_HAL_Driver/Src/stm32f1xx_hal_rcc.o
                0x080069a4                HAL_RCC_GetHCLKFreq
 .text.HAL_RCC_GetPCLK1Freq
                0x080069b8       0x28 ./Drivers/STM32F1xx_HAL_Driver/Src/stm32f1xx_hal_rcc.o
                0x080069b8                HAL_RCC_GetPCLK1Freq
 .text.HAL_RCC_GetPCLK2Freq
                0x080069e0       0x28 ./Drivers/STM32F1xx_HAL_Driver/Src/stm32f1xx_hal_rcc.o
                0x080069e0                HAL_RCC_GetPCLK2Freq
 .text.RCC_Delay
                0x08006a08       0x3c ./Drivers/STM32F1xx_HAL_Driver/Src/stm32f1xx_hal_rcc.o
 .text.HAL_RCCEx_PeriphCLKConfig
                0x08006a44      0x16c ./Drivers/STM32F1xx_HAL_Driver/Src/stm32f1xx_hal_rcc_ex.o
                0x08006a44                HAL_RCCEx_PeriphCLKConfig
 .text.HAL_RCCEx_GetPeriphCLKFreq
                0x08006bb0      0x16c ./Drivers/STM32F1xx_HAL_Driver/Src/stm32f1xx_hal_rcc_ex.o
                0x08006bb0                HAL_RCCEx_GetPeriphCLKFreq
 .text.HAL_RTC_Init
                0x08006d1c      0x118 ./Drivers/STM32F1xx_HAL_Driver/Src/stm32f1xx_hal_rtc.o
                0x08006d1c                HAL_RTC_Init
 .text.HAL_RTC_SetTime
                0x08006e34      0x12e ./Drivers/STM32F1xx_HAL_Driver/Src/stm32f1xx_hal_rtc.o
                0x08006e34                HAL_RTC_SetTime
 *fill*         0x08006f62        0x2 
 .text.HAL_RTC_SetDate
                0x08006f64      0x16c ./Drivers/STM32F1xx_HAL_Driver/Src/stm32f1xx_hal_rtc.o
                0x08006f64                HAL_RTC_SetDate
 .text.HAL_RTC_WaitForSynchro
                0x080070d0       0x5a ./Drivers/STM32F1xx_HAL_Driver/Src/stm32f1xx_hal_rtc.o
                0x080070d0                HAL_RTC_WaitForSynchro
 .text.RTC_ReadTimeCounter
                0x0800712a       0x60 ./Drivers/STM32F1xx_HAL_Driver/Src/stm32f1xx_hal_rtc.o
 .text.RTC_WriteTimeCounter
                0x0800718a       0x4e ./Drivers/STM32F1xx_HAL_Driver/Src/stm32f1xx_hal_rtc.o
 .text.RTC_ReadAlarmCounter
                0x080071d8       0x32 ./Drivers/STM32F1xx_HAL_Driver/Src/stm32f1xx_hal_rtc.o
 .text.RTC_WriteAlarmCounter
                0x0800720a       0x4e ./Drivers/STM32F1xx_HAL_Driver/Src/stm32f1xx_hal_rtc.o
 .text.RTC_EnterInitMode
                0x08007258       0x50 ./Drivers/STM32F1xx_HAL_Driver/Src/stm32f1xx_hal_rtc.o
 .text.RTC_ExitInitMode
                0x080072a8       0x50 ./Drivers/STM32F1xx_HAL_Driver/Src/stm32f1xx_hal_rtc.o
 .text.RTC_Bcd2ToByte
                0x080072f8       0x3a ./Drivers/STM32F1xx_HAL_Driver/Src/stm32f1xx_hal_rtc.o
 *fill*         0x08007332        0x2 
 .text.RTC_WeekDayNum
                0x08007334       0xf0 ./Drivers/STM32F1xx_HAL_Driver/Src/stm32f1xx_hal_rtc.o
 .text.HAL_RTCEx_RTCIRQHandler
                0x08007424       0x6e ./Drivers/STM32F1xx_HAL_Driver/Src/stm32f1xx_hal_rtc_ex.o
                0x08007424                HAL_RTCEx_RTCIRQHandler
 .text.HAL_RTCEx_RTCEventErrorCallback
                0x08007492       0x12 ./Drivers/STM32F1xx_HAL_Driver/Src/stm32f1xx_hal_rtc_ex.o
                0x08007492                HAL_RTCEx_RTCEventErrorCallback
 .text.HAL_SPI_Init
                0x080074a4      0x108 ./Drivers/STM32F1xx_HAL_Driver/Src/stm32f1xx_hal_spi.o
                0x080074a4                HAL_SPI_Init
 .text.HAL_SPI_Transmit
                0x080075ac      0x288 ./Drivers/STM32F1xx_HAL_Driver/Src/stm32f1xx_hal_spi.o
                0x080075ac                HAL_SPI_Transmit
 .text.HAL_SPI_Receive
                0x08007834      0x232 ./Drivers/STM32F1xx_HAL_Driver/Src/stm32f1xx_hal_spi.o
                0x08007834                HAL_SPI_Receive
 .text.HAL_SPI_TransmitReceive
                0x08007a66      0x352 ./Drivers/STM32F1xx_HAL_Driver/Src/stm32f1xx_hal_spi.o
                0x08007a66                HAL_SPI_TransmitReceive
 .text.HAL_SPI_IRQHandler
                0x08007db8      0x1bc ./Drivers/STM32F1xx_HAL_Driver/Src/stm32f1xx_hal_spi.o
                0x08007db8                HAL_SPI_IRQHandler
 .text.HAL_SPI_ErrorCallback
                0x08007f74       0x12 ./Drivers/STM32F1xx_HAL_Driver/Src/stm32f1xx_hal_spi.o
                0x08007f74                HAL_SPI_ErrorCallback
 .text.SPI_DMAAbortOnError
                0x08007f86       0x28 ./Drivers/STM32F1xx_HAL_Driver/Src/stm32f1xx_hal_spi.o
 *fill*         0x08007fae        0x2 
 .text.SPI_WaitFlagStateUntilTimeout
                0x08007fb0      0x110 ./Drivers/STM32F1xx_HAL_Driver/Src/stm32f1xx_hal_spi.o
 .text.SPI_EndRxTransaction
                0x080080c0       0xa4 ./Drivers/STM32F1xx_HAL_Driver/Src/stm32f1xx_hal_spi.o
 .text.SPI_EndRxTxTransaction
                0x08008164       0x62 ./Drivers/STM32F1xx_HAL_Driver/Src/stm32f1xx_hal_spi.o
 *fill*         0x080081c6        0x2 
 .text.IT_GPIO_Handl
                0x080081c8       0x70 ./IT_Process_0.2.1/PalenishIT_Proc.o
                0x080081c8                IT_GPIO_Handl
 .text.HAL_GPIO_EXTI_Callback
                0x08008238       0x1a ./IT_Process_0.2.1/PalenishIT_Proc.o
                0x08008238                HAL_GPIO_EXTI_Callback
 .text.PressHandl
                0x08008252       0x66 ./IT_Process_0.2.1/PalenishIT_Proc.o
                0x08008252                PressHandl
 .text.PressContrKeys
                0x080082b8      0x238 ./IT_Process_0.2.1/PalenishIT_Proc.o
                0x080082b8                PressContrKeys
 .text.NewPressState
                0x080084f0      0x348 ./IT_Process_0.2.1/PalenishIT_Proc.o
                0x080084f0                NewPressState
 .text.MenuHandl
                0x08008838       0xa8 ./IT_Process_0.2.1/PalenishIT_Proc.o
                0x08008838                MenuHandl
 .text.HAL_RTCEx_RTCEventCallback
                0x080088e0       0x2c ./IT_Process_0.2.1/PalenishIT_Proc.o
                0x080088e0                HAL_RTCEx_RTCEventCallback
 .text.NumPacSec
                0x0800890c       0x2c ./IT_Process_0.2.1/PalenishIT_Proc.o
                0x0800890c                NumPacSec
 .text.FormArrComm
                0x08008938      0x1a4 ./IT_Process_0.2.1/PalenishIT_Proc.o
                0x08008938                FormArrComm
 .text.LoRaInitTx
                0x08008adc       0x1e ./IT_Process_0.2.1/PalenishIT_Proc.o
                0x08008adc                LoRaInitTx
 *fill*         0x08008afa        0x2 
 .text.CalcCalVal
                0x08008afc      0x160 ./IT_Process_0.2.1/PalenishIT_Proc.o
                0x08008afc                CalcCalVal
 .text.CalibrStartInit
                0x08008c5c       0x44 ./IT_Process_0.2.1/PalenishIT_Proc.o
                0x08008c5c                CalibrStartInit
 .text.PrintCalibMaxMin
                0x08008ca0       0xd0 ./IT_Process_0.2.1/PalenishIT_Proc.o
                0x08008ca0                PrintCalibMaxMin
 .text.CheckCalcVal
                0x08008d70       0x78 ./IT_Process_0.2.1/PalenishIT_Proc.o
                0x08008d70                CheckCalcVal
 .text.MatrixConfig8418
                0x08008de8       0xa0 ./KeyPad/22keypadTCA8418.o
                0x08008de8                MatrixConfig8418
 .text.ReadFIFO
                0x08008e88      0x11c ./KeyPad/22keypadTCA8418.o
                0x08008e88                ReadFIFO
 .text.LoRaMenuInit
                0x08008fa4       0x70 ./LoRa_MenuV2/LoRaMenuV2.o
                0x08008fa4                LoRaMenuInit
 .text.printFreqMenu
                0x08009014      0x23c ./LoRa_MenuV2/LoRaMenuV2.o
                0x08009014                printFreqMenu
 .text.printPowerMenu
                0x08009250      0x13c ./LoRa_MenuV2/LoRaMenuV2.o
                0x08009250                printPowerMenu
 .text.printSignalBw
                0x0800938c      0x138 ./LoRa_MenuV2/LoRaMenuV2.o
                0x0800938c                printSignalBw
 .text.printSfMenu
                0x080094c4      0x150 ./LoRa_MenuV2/LoRaMenuV2.o
                0x080094c4                printSfMenu
 .text.printErrCod
                0x08009614      0x128 ./LoRa_MenuV2/LoRaMenuV2.o
                0x08009614                printErrCod
 .text.LoRaParamCalc
                0x0800973c       0x48 ./LoRa_MenuV2/LoRaMenuV2.o
                0x0800973c                LoRaParamCalc
 .text.checkParamRf
                0x08009784       0xcc ./LoRa_MenuV2/LoRaMenuV2.o
                0x08009784                checkParamRf
 .text.read_config_from_flash
                0x08009850       0x30 ./ProgMem/ProgMem.o
                0x08009850                read_config_from_flash
 .text.write_config_to_flash
                0x08009880       0xc0 ./ProgMem/ProgMem.o
                0x08009880                write_config_to_flash
 .text.StartInitCalValues
                0x08009940       0x90 ./ProgMem/ProgMem.o
                0x08009940                StartInitCalValues
 .text.ClearProgMem
                0x080099d0       0x70 ./ProgMem/ProgMem.o
                0x080099d0                ClearProgMem
 .text.InitTxLoRa
                0x08009a40       0x68 ./SX12xxDrivers-V2.1.0/src/RxTx/DataProcess.o
                0x08009a40                InitTxLoRa
 .text.StartTxLoRa
                0x08009aa8       0x48 ./SX12xxDrivers-V2.1.0/src/RxTx/DataProcess.o
                0x08009aa8                StartTxLoRa
 .text.TxInterHandl
                0x08009af0       0x16 ./SX12xxDrivers-V2.1.0/src/RxTx/DataProcess.o
                0x08009af0                TxInterHandl
 .text.TxArrWriteFiFo
                0x08009b06       0x2e ./SX12xxDrivers-V2.1.0/src/RxTx/DataProcess.o
                0x08009b06                TxArrWriteFiFo
 .text.SpiInOut
                0x08009b34       0x2c ./SX12xxDrivers-V2.1.0/src/radio/spi.o
                0x08009b34                SpiInOut
 .text.SpiReceive
                0x08009b60       0x2c ./SX12xxDrivers-V2.1.0/src/radio/spi.o
                0x08009b60                SpiReceive
 .text.SX1276SetReset
                0x08009b8c       0x38 ./SX12xxDrivers-V2.1.0/src/radio/sx1276-Hal.o
                0x08009b8c                SX1276SetReset
 .text.SX1276Write
                0x08009bc4       0x24 ./SX12xxDrivers-V2.1.0/src/radio/sx1276-Hal.o
                0x08009bc4                SX1276Write
 .text.SX1276WriteBuffer
                0x08009be8       0x54 ./SX12xxDrivers-V2.1.0/src/radio/sx1276-Hal.o
                0x08009be8                SX1276WriteBuffer
 .text.SX1276ReadBuffer
                0x08009c3c       0x54 ./SX12xxDrivers-V2.1.0/src/radio/sx1276-Hal.o
                0x08009c3c                SX1276ReadBuffer
 .text.SX1276Read
                0x08009c90       0x20 ./SX12xxDrivers-V2.1.0/src/radio/sx1276-Hal.o
                0x08009c90                SX1276Read
 .text.SX1276LoRaSetRFFrequency
                0x08009cb0       0x78 ./SX12xxDrivers-V2.1.0/src/radio/sx1276-LoRaMisk.o
                0x08009cb0                SX1276LoRaSetRFFrequency
 .text.SX1276LoRaSetSpreadingFactor
                0x08009d28       0x88 ./SX12xxDrivers-V2.1.0/src/radio/sx1276-LoRaMisk.o
                0x08009d28                SX1276LoRaSetSpreadingFactor
 .text.SX1276LoRaSetNbTrigPeaks
                0x08009db0       0x58 ./SX12xxDrivers-V2.1.0/src/radio/sx1276-LoRaMisk.o
                0x08009db0                SX1276LoRaSetNbTrigPeaks
 .text.SX1276LoRaSetErrorCoding
                0x08009e08       0x5c ./SX12xxDrivers-V2.1.0/src/radio/sx1276-LoRaMisk.o
                0x08009e08                SX1276LoRaSetErrorCoding
 .text.SX1276LoRaSetPacketCrcOn
                0x08009e64       0x5c ./SX12xxDrivers-V2.1.0/src/radio/sx1276-LoRaMisk.o
                0x08009e64                SX1276LoRaSetPacketCrcOn
 .text.SX1276LoRaSetSignalBandwidth
                0x08009ec0       0x5c ./SX12xxDrivers-V2.1.0/src/radio/sx1276-LoRaMisk.o
                0x08009ec0                SX1276LoRaSetSignalBandwidth
 .text.SX1276LoRaSetImplicitHeaderOn
                0x08009f1c       0x5c ./SX12xxDrivers-V2.1.0/src/radio/sx1276-LoRaMisk.o
                0x08009f1c                SX1276LoRaSetImplicitHeaderOn
 .text.SX1276LoRaSetSymbTimeout
                0x08009f78       0x68 ./SX12xxDrivers-V2.1.0/src/radio/sx1276-LoRaMisk.o
                0x08009f78                SX1276LoRaSetSymbTimeout
 .text.SX1276LoRaSetPayloadLength
                0x08009fe0       0x3c ./SX12xxDrivers-V2.1.0/src/radio/sx1276-LoRaMisk.o
                0x08009fe0                SX1276LoRaSetPayloadLength
 .text.SX1276LoRaSetLowDatarateOptimize
                0x0800a01c       0x58 ./SX12xxDrivers-V2.1.0/src/radio/sx1276-LoRaMisk.o
                0x0800a01c                SX1276LoRaSetLowDatarateOptimize
 .text.SX1276LoRaSetPAOutput
                0x0800a074       0x50 ./SX12xxDrivers-V2.1.0/src/radio/sx1276-LoRaMisk.o
                0x0800a074                SX1276LoRaSetPAOutput
 .text.SX1276LoRaSetPa20dBm
                0x0800a0c4       0x6c ./SX12xxDrivers-V2.1.0/src/radio/sx1276-LoRaMisk.o
                0x0800a0c4                SX1276LoRaSetPa20dBm
 .text.SX1276LoRaSetRFPower
                0x0800a130      0x164 ./SX12xxDrivers-V2.1.0/src/radio/sx1276-LoRaMisk.o
                0x0800a130                SX1276LoRaSetRFPower
 .text.SX1276LoRaInit
                0x0800a294       0xe4 ./SX12xxDrivers-V2.1.0/src/radio/sx1276-Lora.o
                0x0800a294                SX1276LoRaInit
 .text.SX1276LoRaSetDefaults
                0x0800a378       0x1c ./SX12xxDrivers-V2.1.0/src/radio/sx1276-Lora.o
                0x0800a378                SX1276LoRaSetDefaults
 .text.SX1276Init
                0x0800a394       0x34 ./SX12xxDrivers-V2.1.0/src/radio/sx1276.o
                0x0800a394                SX1276Init
 .text.SX1276Reset
                0x0800a3c8       0x20 ./SX12xxDrivers-V2.1.0/src/radio/sx1276.o
                0x0800a3c8                SX1276Reset
 .text.SX1276SetLoRaOn
                0x0800a3e8       0xcc ./SX12xxDrivers-V2.1.0/src/radio/sx1276.o
                0x0800a3e8                SX1276SetLoRaOn
 .text.SX1276LoRaSetOpMode
                0x0800a4b4       0x88 ./SX12xxDrivers-V2.1.0/src/radio/sx1276.o
                0x0800a4b4                SX1276LoRaSetOpMode
 .text.disp1color_Init
                0x0800a53c       0x38 ./display/Src/disp1color.o
                0x0800a53c                disp1color_Init
 .text.disp1color_FillScreenbuff
                0x0800a574       0x40 ./display/Src/disp1color.o
                0x0800a574                disp1color_FillScreenbuff
 .text.disp1color_printf
                0x0800a5b4       0x4a ./display/Src/disp1color.o
                0x0800a5b4                disp1color_printf
 .text.disp1color_DrawString
                0x0800a5fe       0x9e ./display/Src/disp1color.o
                0x0800a5fe                disp1color_DrawString
 .text.disp1color_DrawString_Invert
                0x0800a69c       0x9e ./display/Src/disp1color.o
                0x0800a69c                disp1color_DrawString_Invert
 .text.disp1color_DrawChar
                0x0800a73a      0x21a ./display/Src/disp1color.o
                0x0800a73a                disp1color_DrawChar
 .text.disp1color_DrawPixel
                0x0800a954       0xa0 ./display/Src/disp1color.o
                0x0800a954                disp1color_DrawPixel
 .text.disp1color_DrawPixel_Invert
                0x0800a9f4       0xac ./display/Src/disp1color.o
                0x0800a9f4                disp1color_DrawPixel_Invert
 .text.disp1color_UpdateFromBuff
                0x0800aaa0       0x18 ./display/Src/disp1color.o
                0x0800aaa0                disp1color_UpdateFromBuff
 .text.HAL_I2C_MasterTxCpltCallback
                0x0800aab8       0xb8 ./display/Src/disp1color.o
                0x0800aab8                HAL_I2C_MasterTxCpltCallback
 .text.f10x16f_GetCharTable
                0x0800ab70       0x28 ./display/Src/f10x16f.o
                0x0800ab70                f10x16f_GetCharTable
 .text.f6x8m_GetCharTable
                0x0800ab98       0x28 ./display/Src/f6x8m.o
                0x0800ab98                f6x8m_GetCharTable
 .text.font_GetFontStruct
                0x0800abc0       0x2c ./display/Src/font.o
                0x0800abc0                font_GetFontStruct
 .text.font_GetCharWidth
                0x0800abec       0x16 ./display/Src/font.o
                0x0800abec                font_GetCharWidth
 .text.font_GetCharHeight
                0x0800ac02       0x1c ./display/Src/font.o
                0x0800ac02                font_GetCharHeight
 *fill*         0x0800ac1e        0x2 
 .text.SSD1306_Init
                0x0800ac20       0x24 ./display/Src/ssd1306.o
                0x0800ac20                SSD1306_Init
 .text.SSD1306_DisplayFullUpdate
                0x0800ac44       0x3c ./display/Src/ssd1306.o
                0x0800ac44                SSD1306_DisplayFullUpdate
 .text.SSD1306_SendCOM
                0x0800ac80       0x54 ./display/Src/ssd1306.o
                0x0800ac80                SSD1306_SendCOM
 .text.SendData
                0x0800acd4       0x3c ./display/Src/ssd1306.o
                0x0800acd4                SendData
 .text.sprintf  0x0800ad10       0x40 I:/STM32CubeIDE_1.14.0/STM32CubeIDE/plugins/com.st.stm32cube.ide.mcu.externaltools.gnu-tools-for-stm32.12.3.rel1.win32_1.1.0.202410251130/tools/bin/../lib/gcc/arm-none-eabi/12.3.1/../../../../arm-none-eabi/lib/thumb/v7-m/nofp\libc_nano.a(libc_a-sprintf.o)
                0x0800ad10                siprintf
                0x0800ad10                sprintf
 .text._vsnprintf_r
                0x0800ad50       0x56 I:/STM32CubeIDE_1.14.0/STM32CubeIDE/plugins/com.st.stm32cube.ide.mcu.externaltools.gnu-tools-for-stm32.12.3.rel1.win32_1.1.0.202410251130/tools/bin/../lib/gcc/arm-none-eabi/12.3.1/../../../../arm-none-eabi/lib/thumb/v7-m/nofp\libc_nano.a(libc_a-vsnprintf.o)
                0x0800ad50                _vsniprintf_r
                0x0800ad50                _vsnprintf_r
 *fill*         0x0800ada6        0x2 
 .text.vsnprintf
                0x0800ada8       0x1c I:/STM32CubeIDE_1.14.0/STM32CubeIDE/plugins/com.st.stm32cube.ide.mcu.externaltools.gnu-tools-for-stm32.12.3.rel1.win32_1.1.0.202410251130/tools/bin/../lib/gcc/arm-none-eabi/12.3.1/../../../../arm-none-eabi/lib/thumb/v7-m/nofp\libc_nano.a(libc_a-vsnprintf.o)
                0x0800ada8                vsniprintf
                0x0800ada8                vsnprintf
 .text.memset   0x0800adc4       0x10 I:/STM32CubeIDE_1.14.0/STM32CubeIDE/plugins/com.st.stm32cube.ide.mcu.externaltools.gnu-tools-for-stm32.12.3.rel1.win32_1.1.0.202410251130/tools/bin/../lib/gcc/arm-none-eabi/12.3.1/../../../../arm-none-eabi/lib/thumb/v7-m/nofp\libc_nano.a(libc_a-memset.o)
                0x0800adc4                memset
 .text.__errno  0x0800add4        0xc I:/STM32CubeIDE_1.14.0/STM32CubeIDE/plugins/com.st.stm32cube.ide.mcu.externaltools.gnu-tools-for-stm32.12.3.rel1.win32_1.1.0.202410251130/tools/bin/../lib/gcc/arm-none-eabi/12.3.1/../../../../arm-none-eabi/lib/thumb/v7-m/nofp\libc_nano.a(libc_a-errno.o)
                0x0800add4                __errno
 .text.__libc_init_array
                0x0800ade0       0x48 I:/STM32CubeIDE_1.14.0/STM32CubeIDE/plugins/com.st.stm32cube.ide.mcu.externaltools.gnu-tools-for-stm32.12.3.rel1.win32_1.1.0.202410251130/tools/bin/../lib/gcc/arm-none-eabi/12.3.1/../../../../arm-none-eabi/lib/thumb/v7-m/nofp\libc_nano.a(libc_a-init.o)
                0x0800ade0                __libc_init_array
 .text.__retarget_lock_acquire_recursive
                0x0800ae28        0x2 I:/STM32CubeIDE_1.14.0/STM32CubeIDE/plugins/com.st.stm32cube.ide.mcu.externaltools.gnu-tools-for-stm32.12.3.rel1.win32_1.1.0.202410251130/tools/bin/../lib/gcc/arm-none-eabi/12.3.1/../../../../arm-none-eabi/lib/thumb/v7-m/nofp\libc_nano.a(libc_a-lock.o)
                0x0800ae28                __retarget_lock_acquire_recursive
 .text.__retarget_lock_release_recursive
                0x0800ae2a        0x2 I:/STM32CubeIDE_1.14.0/STM32CubeIDE/plugins/com.st.stm32cube.ide.mcu.externaltools.gnu-tools-for-stm32.12.3.rel1.win32_1.1.0.202410251130/tools/bin/../lib/gcc/arm-none-eabi/12.3.1/../../../../arm-none-eabi/lib/thumb/v7-m/nofp\libc_nano.a(libc_a-lock.o)
                0x0800ae2a                __retarget_lock_release_recursive
 .text._free_r  0x0800ae2c       0x90 I:/STM32CubeIDE_1.14.0/STM32CubeIDE/plugins/com.st.stm32cube.ide.mcu.externaltools.gnu-tools-for-stm32.12.3.rel1.win32_1.1.0.202410251130/tools/bin/../lib/gcc/arm-none-eabi/12.3.1/../../../../arm-none-eabi/lib/thumb/v7-m/nofp\libc_nano.a(libc_a-freer.o)
                0x0800ae2c                _free_r
 .text.sbrk_aligned
                0x0800aebc       0x44 I:/STM32CubeIDE_1.14.0/STM32CubeIDE/plugins/com.st.stm32cube.ide.mcu.externaltools.gnu-tools-for-stm32.12.3.rel1.win32_1.1.0.202410251130/tools/bin/../lib/gcc/arm-none-eabi/12.3.1/../../../../arm-none-eabi/lib/thumb/v7-m/nofp\libc_nano.a(libc_a-mallocr.o)
 .text._malloc_r
                0x0800af00      0x100 I:/STM32CubeIDE_1.14.0/STM32CubeIDE/plugins/com.st.stm32cube.ide.mcu.externaltools.gnu-tools-for-stm32.12.3.rel1.win32_1.1.0.202410251130/tools/bin/../lib/gcc/arm-none-eabi/12.3.1/../../../../arm-none-eabi/lib/thumb/v7-m/nofp\libc_nano.a(libc_a-mallocr.o)
                0x0800af00                _malloc_r
 .text.__malloc_lock
                0x0800b000        0xc I:/STM32CubeIDE_1.14.0/STM32CubeIDE/plugins/com.st.stm32cube.ide.mcu.externaltools.gnu-tools-for-stm32.12.3.rel1.win32_1.1.0.202410251130/tools/bin/../lib/gcc/arm-none-eabi/12.3.1/../../../../arm-none-eabi/lib/thumb/v7-m/nofp\libc_nano.a(libc_a-mlock.o)
                0x0800b000                __malloc_lock
 .text.__malloc_unlock
                0x0800b00c        0xc I:/STM32CubeIDE_1.14.0/STM32CubeIDE/plugins/com.st.stm32cube.ide.mcu.externaltools.gnu-tools-for-stm32.12.3.rel1.win32_1.1.0.202410251130/tools/bin/../lib/gcc/arm-none-eabi/12.3.1/../../../../arm-none-eabi/lib/thumb/v7-m/nofp\libc_nano.a(libc_a-mlock.o)
                0x0800b00c                __malloc_unlock
 .text.__ssputs_r
                0x0800b018       0xb6 I:/STM32CubeIDE_1.14.0/STM32CubeIDE/plugins/com.st.stm32cube.ide.mcu.externaltools.gnu-tools-for-stm32.12.3.rel1.win32_1.1.0.202410251130/tools/bin/../lib/gcc/arm-none-eabi/12.3.1/../../../../arm-none-eabi/lib/thumb/v7-m/nofp\libc_nano.a(libc_a-nano-svfprintf.o)
                0x0800b018                __ssputs_r
 *fill*         0x0800b0ce        0x2 
 .text._svfprintf_r
                0x0800b0d0      0x1f8 I:/STM32CubeIDE_1.14.0/STM32CubeIDE/plugins/com.st.stm32cube.ide.mcu.externaltools.gnu-tools-for-stm32.12.3.rel1.win32_1.1.0.202410251130/tools/bin/../lib/gcc/arm-none-eabi/12.3.1/../../../../arm-none-eabi/lib/thumb/v7-m/nofp\libc_nano.a(libc_a-nano-svfprintf.o)
                0x0800b0d0                _svfiprintf_r
                0x0800b0d0                _svfprintf_r
 .text._printf_common
                0x0800b2c8       0xe4 I:/STM32CubeIDE_1.14.0/STM32CubeIDE/plugins/com.st.stm32cube.ide.mcu.externaltools.gnu-tools-for-stm32.12.3.rel1.win32_1.1.0.202410251130/tools/bin/../lib/gcc/arm-none-eabi/12.3.1/../../../../arm-none-eabi/lib/thumb/v7-m/nofp\libc_nano.a(libc_a-nano-vfprintf_i.o)
                0x0800b2c8                _printf_common
 .text._printf_i
                0x0800b3ac      0x240 I:/STM32CubeIDE_1.14.0/STM32CubeIDE/plugins/com.st.stm32cube.ide.mcu.externaltools.gnu-tools-for-stm32.12.3.rel1.win32_1.1.0.202410251130/tools/bin/../lib/gcc/arm-none-eabi/12.3.1/../../../../arm-none-eabi/lib/thumb/v7-m/nofp\libc_nano.a(libc_a-nano-vfprintf_i.o)
                0x0800b3ac                _printf_i
 .text.memmove  0x0800b5ec       0x34 I:/STM32CubeIDE_1.14.0/STM32CubeIDE/plugins/com.st.stm32cube.ide.mcu.externaltools.gnu-tools-for-stm32.12.3.rel1.win32_1.1.0.202410251130/tools/bin/../lib/gcc/arm-none-eabi/12.3.1/../../../../arm-none-eabi/lib/thumb/v7-m/nofp\libc_nano.a(libc_a-memmove.o)
                0x0800b5ec                memmove
 .text._sbrk_r  0x0800b620       0x20 I:/STM32CubeIDE_1.14.0/STM32CubeIDE/plugins/com.st.stm32cube.ide.mcu.externaltools.gnu-tools-for-stm32.12.3.rel1.win32_1.1.0.202410251130/tools/bin/../lib/gcc/arm-none-eabi/12.3.1/../../../../arm-none-eabi/lib/thumb/v7-m/nofp\libc_nano.a(libc_a-sbrkr.o)
                0x0800b620                _sbrk_r
 .text.memchr   0x0800b640       0x1c I:/STM32CubeIDE_1.14.0/STM32CubeIDE/plugins/com.st.stm32cube.ide.mcu.externaltools.gnu-tools-for-stm32.12.3.rel1.win32_1.1.0.202410251130/tools/bin/../lib/gcc/arm-none-eabi/12.3.1/../../../../arm-none-eabi/lib/thumb/v7-m/nofp\libc_nano.a(libc_a-memchr-stub.o)
                0x0800b640                memchr
 .text.memcpy   0x0800b65c       0x1c I:/STM32CubeIDE_1.14.0/STM32CubeIDE/plugins/com.st.stm32cube.ide.mcu.externaltools.gnu-tools-for-stm32.12.3.rel1.win32_1.1.0.202410251130/tools/bin/../lib/gcc/arm-none-eabi/12.3.1/../../../../arm-none-eabi/lib/thumb/v7-m/nofp\libc_nano.a(libc_a-memcpy-stub.o)
                0x0800b65c                memcpy
 .text._realloc_r
                0x0800b678       0x5c I:/STM32CubeIDE_1.14.0/STM32CubeIDE/plugins/com.st.stm32cube.ide.mcu.externaltools.gnu-tools-for-stm32.12.3.rel1.win32_1.1.0.202410251130/tools/bin/../lib/gcc/arm-none-eabi/12.3.1/../../../../arm-none-eabi/lib/thumb/v7-m/nofp\libc_nano.a(libc_a-reallocr.o)
                0x0800b678                _realloc_r
 .text._malloc_usable_size_r
                0x0800b6d4       0x10 I:/STM32CubeIDE_1.14.0/STM32CubeIDE/plugins/com.st.stm32cube.ide.mcu.externaltools.gnu-tools-for-stm32.12.3.rel1.win32_1.1.0.202410251130/tools/bin/../lib/gcc/arm-none-eabi/12.3.1/../../../../arm-none-eabi/lib/thumb/v7-m/nofp\libc_nano.a(libc_a-msizer.o)
                0x0800b6d4                _malloc_usable_size_r
 *(.glue_7)
 .glue_7        0x0800b6e4        0x0 linker stubs
 *(.glue_7t)
 .glue_7t       0x0800b6e4        0x0 linker stubs
 *(.eh_frame)
 .eh_frame      0x0800b6e4        0x0 I:/STM32CubeIDE_1.14.0/STM32CubeIDE/plugins/com.st.stm32cube.ide.mcu.externaltools.gnu-tools-for-stm32.12.3.rel1.win32_1.1.0.202410251130/tools/bin/../lib/gcc/arm-none-eabi/12.3.1/thumb/v7-m/nofp/crtbegin.o
 *(.init)
 .init          0x0800b6e4        0x4 I:/STM32CubeIDE_1.14.0/STM32CubeIDE/plugins/com.st.stm32cube.ide.mcu.externaltools.gnu-tools-for-stm32.12.3.rel1.win32_1.1.0.202410251130/tools/bin/../lib/gcc/arm-none-eabi/12.3.1/thumb/v7-m/nofp/crti.o
                0x0800b6e4                _init
 .init          0x0800b6e8        0x8 I:/STM32CubeIDE_1.14.0/STM32CubeIDE/plugins/com.st.stm32cube.ide.mcu.externaltools.gnu-tools-for-stm32.12.3.rel1.win32_1.1.0.202410251130/tools/bin/../lib/gcc/arm-none-eabi/12.3.1/thumb/v7-m/nofp/crtn.o
 *(.fini)
 .fini          0x0800b6f0        0x4 I:/STM32CubeIDE_1.14.0/STM32CubeIDE/plugins/com.st.stm32cube.ide.mcu.externaltools.gnu-tools-for-stm32.12.3.rel1.win32_1.1.0.202410251130/tools/bin/../lib/gcc/arm-none-eabi/12.3.1/thumb/v7-m/nofp/crti.o
                0x0800b6f0                _fini
 .fini          0x0800b6f4        0x8 I:/STM32CubeIDE_1.14.0/STM32CubeIDE/plugins/com.st.stm32cube.ide.mcu.externaltools.gnu-tools-for-stm32.12.3.rel1.win32_1.1.0.202410251130/tools/bin/../lib/gcc/arm-none-eabi/12.3.1/thumb/v7-m/nofp/crtn.o
                0x0800b6fc                        . = ALIGN (0x4)
                0x0800b6fc                        _etext = .

.vfp11_veneer   0x0800b6fc        0x0
 .vfp11_veneer  0x0800b6fc        0x0 linker stubs

.v4_bx          0x0800b6fc        0x0
 .v4_bx         0x0800b6fc        0x0 linker stubs

.iplt           0x0800b6fc        0x0
 .iplt          0x0800b6fc        0x0 I:/STM32CubeIDE_1.14.0/STM32CubeIDE/plugins/com.st.stm32cube.ide.mcu.externaltools.gnu-tools-for-stm32.12.3.rel1.win32_1.1.0.202410251130/tools/bin/../lib/gcc/arm-none-eabi/12.3.1/thumb/v7-m/nofp/crtbegin.o

.rodata         0x0800b6fc     0x2da8
                0x0800b6fc                        . = ALIGN (0x4)
 *(.rodata)
 .rodata        0x0800b6fc       0x51 ./ADC_Stick/ADCStick.o
 *fill*         0x0800b74d        0x3 
 .rodata        0x0800b750       0x7d ./IT_Process_0.2.1/PalenishIT_Proc.o
 *fill*         0x0800b7cd        0x3 
 .rodata        0x0800b7d0       0x58 ./LoRa_MenuV2/LoRaMenuV2.o
 *(.rodata*)
 .rodata.AHBPrescTable
                0x0800b828       0x10 ./Core/Src/system_stm32f1xx.o
                0x0800b828                AHBPrescTable
 .rodata.APBPrescTable
                0x0800b838        0x8 ./Core/Src/system_stm32f1xx.o
                0x0800b838                APBPrescTable
 .rodata.aPLLMULFactorTable.1
                0x0800b840       0x10 ./Drivers/STM32F1xx_HAL_Driver/Src/stm32f1xx_hal_rcc.o
 .rodata.aPredivFactorTable.0
                0x0800b850        0x2 ./Drivers/STM32F1xx_HAL_Driver/Src/stm32f1xx_hal_rcc.o
 *fill*         0x0800b852        0x2 
 .rodata.aPLLMULFactorTable.1
                0x0800b854       0x10 ./Drivers/STM32F1xx_HAL_Driver/Src/stm32f1xx_hal_rcc_ex.o
 .rodata.aPredivFactorTable.0
                0x0800b864        0x2 ./Drivers/STM32F1xx_HAL_Driver/Src/stm32f1xx_hal_rcc_ex.o
 *fill*         0x0800b866        0x2 
 .rodata.f10x16f_table
                0x0800b868     0x2200 ./display/Src/f10x16f.o
                0x0800b868                f10x16f_table
 .rodata.f6x8m_table
                0x0800da68      0xa00 ./display/Src/f6x8m.o
                0x0800da68                f6x8m_table
 .rodata.font_table_funcs
                0x0800e468        0x8 ./display/Src/font.o
                0x0800e468                font_table_funcs
 .rodata._svfprintf_r.str1.1
                0x0800e470       0x11 I:/STM32CubeIDE_1.14.0/STM32CubeIDE/plugins/com.st.stm32cube.ide.mcu.externaltools.gnu-tools-for-stm32.12.3.rel1.win32_1.1.0.202410251130/tools/bin/../lib/gcc/arm-none-eabi/12.3.1/../../../../arm-none-eabi/lib/thumb/v7-m/nofp\libc_nano.a(libc_a-nano-svfprintf.o)
 .rodata._printf_i.str1.1
                0x0800e481       0x22 I:/STM32CubeIDE_1.14.0/STM32CubeIDE/plugins/com.st.stm32cube.ide.mcu.externaltools.gnu-tools-for-stm32.12.3.rel1.win32_1.1.0.202410251130/tools/bin/../lib/gcc/arm-none-eabi/12.3.1/../../../../arm-none-eabi/lib/thumb/v7-m/nofp\libc_nano.a(libc_a-nano-vfprintf_i.o)
                0x0800e4a4                        . = ALIGN (0x4)
 *fill*         0x0800e4a3        0x1 

.ARM.extab      0x0800e4a4        0x0
                0x0800e4a4                        . = ALIGN (0x4)
 *(.ARM.extab* .gnu.linkonce.armextab.*)
                0x0800e4a4                        . = ALIGN (0x4)

.ARM            0x0800e4a4        0x0
                0x0800e4a4                        . = ALIGN (0x4)
                0x0800e4a4                        __exidx_start = .
 *(.ARM.exidx*)
                0x0800e4a4                        __exidx_end = .
                0x0800e4a4                        . = ALIGN (0x4)

.preinit_array  0x0800e4a4        0x0
                0x0800e4a4                        . = ALIGN (0x4)
                0x0800e4a4                        PROVIDE (__preinit_array_start = .)
 *(.preinit_array*)
                0x0800e4a4                        PROVIDE (__preinit_array_end = .)
                0x0800e4a4                        . = ALIGN (0x4)

.init_array     0x0800e4a4        0x4
                0x0800e4a4                        . = ALIGN (0x4)
                0x0800e4a4                        PROVIDE (__init_array_start = .)
 *(SORT_BY_NAME(.init_array.*))
 *(.init_array*)
 .init_array    0x0800e4a4        0x4 I:/STM32CubeIDE_1.14.0/STM32CubeIDE/plugins/com.st.stm32cube.ide.mcu.externaltools.gnu-tools-for-stm32.12.3.rel1.win32_1.1.0.202410251130/tools/bin/../lib/gcc/arm-none-eabi/12.3.1/thumb/v7-m/nofp/crtbegin.o
                0x0800e4a8                        PROVIDE (__init_array_end = .)
                0x0800e4a8                        . = ALIGN (0x4)

.fini_array     0x0800e4a8        0x4
                0x0800e4a8                        . = ALIGN (0x4)
                [!provide]                        PROVIDE (__fini_array_start = .)
 *(SORT_BY_NAME(.fini_array.*))
 *(.fini_array*)
 .fini_array    0x0800e4a8        0x4 I:/STM32CubeIDE_1.14.0/STM32CubeIDE/plugins/com.st.stm32cube.ide.mcu.externaltools.gnu-tools-for-stm32.12.3.rel1.win32_1.1.0.202410251130/tools/bin/../lib/gcc/arm-none-eabi/12.3.1/thumb/v7-m/nofp/crtbegin.o
                [!provide]                        PROVIDE (__fini_array_end = .)
                0x0800e4ac                        . = ALIGN (0x4)
                0x0800e4ac                        _sidata = LOADADDR (.data)

.rel.dyn        0x0800e4ac        0x0
 .rel.iplt      0x0800e4ac        0x0 I:/STM32CubeIDE_1.14.0/STM32CubeIDE/plugins/com.st.stm32cube.ide.mcu.externaltools.gnu-tools-for-stm32.12.3.rel1.win32_1.1.0.202410251130/tools/bin/../lib/gcc/arm-none-eabi/12.3.1/thumb/v7-m/nofp/crtbegin.o

.data           0x20000000      0x138 load address 0x0800e4ac
                0x20000000                        . = ALIGN (0x4)
                0x20000000                        _sdata = .
 *(.data)
 *(.data*)
 .data.SystemCoreClock
                0x20000000        0x4 ./Core/Src/system_stm32f1xx.o
                0x20000000                SystemCoreClock
 .data.uwTickPrio
                0x20000004        0x4 ./Drivers/STM32F1xx_HAL_Driver/Src/stm32f1xx_hal.o
                0x20000004                uwTickPrio
 .data.uwTickFreq
                0x20000008        0x1 ./Drivers/STM32F1xx_HAL_Driver/Src/stm32f1xx_hal.o
                0x20000008                uwTickFreq
 .data.TrimStep.1
                0x20000009        0x1 ./IT_Process_0.2.1/PalenishIT_Proc.o
 *fill*         0x2000000a        0x2 
 .data.CommMatr8418
                0x2000000c        0x6 ./KeyPad/22keypadTCA8418.o
                0x2000000c                CommMatr8418
 *fill*         0x20000012        0x2 
 .data.freq.9   0x20000014        0x6 ./LoRa_MenuV2/LoRaMenuV2.o
 *fill*         0x2000001a        0x2 
 .data.ext.8    0x2000001c        0x4 ./LoRa_MenuV2/LoRaMenuV2.o
 .data.menu.7   0x20000020        0x7 ./LoRa_MenuV2/LoRaMenuV2.o
 *fill*         0x20000027        0x1 
 .data.exten.6  0x20000028        0x4 ./LoRa_MenuV2/LoRaMenuV2.o
 .data.BwMenu.5
                0x2000002c        0x4 ./LoRa_MenuV2/LoRaMenuV2.o
 .data.Exten2.4
                0x20000030       0x2c ./LoRa_MenuV2/LoRaMenuV2.o
 .data.CharSF.3
                0x2000005c        0x4 ./LoRa_MenuV2/LoRaMenuV2.o
 .data.Exten3.2
                0x20000060        0x6 ./LoRa_MenuV2/LoRaMenuV2.o
 *fill*         0x20000066        0x2 
 .data.ErrCodStr.1
                0x20000068        0x8 ./LoRa_MenuV2/LoRaMenuV2.o
 .data.Exten4.0
                0x20000070       0x10 ./LoRa_MenuV2/LoRaMenuV2.o
 .data.LoRaSettings
                0x20000080       0x1c ./SX12xxDrivers-V2.1.0/src/radio/sx1276-Lora.o
                0x20000080                LoRaSettings
 .data.opModePrev.1
                0x2000009c        0x1 ./SX12xxDrivers-V2.1.0/src/radio/sx1276.o
 .data.antennaSwitchTxOnPrev.0
                0x2000009d        0x1 ./SX12xxDrivers-V2.1.0/src/radio/sx1276.o
 *fill*         0x2000009e        0x2 
 .data.ComArrSet
                0x200000a0        0xb ./display/Src/disp1color.o
                0x200000a0                ComArrSet
 *fill*         0x200000ab        0x1 
 .data.ComArr   0x200000ac       0x3c ./display/Src/disp1color.o
                0x200000ac                ComArr
 .data._impure_ptr
                0x200000e8        0x4 I:/STM32CubeIDE_1.14.0/STM32CubeIDE/plugins/com.st.stm32cube.ide.mcu.externaltools.gnu-tools-for-stm32.12.3.rel1.win32_1.1.0.202410251130/tools/bin/../lib/gcc/arm-none-eabi/12.3.1/../../../../arm-none-eabi/lib/thumb/v7-m/nofp\libc_nano.a(libc_a-impure.o)
                0x200000e8                _impure_ptr
 .data._impure_data
                0x200000ec       0x4c I:/STM32CubeIDE_1.14.0/STM32CubeIDE/plugins/com.st.stm32cube.ide.mcu.externaltools.gnu-tools-for-stm32.12.3.rel1.win32_1.1.0.202410251130/tools/bin/../lib/gcc/arm-none-eabi/12.3.1/../../../../arm-none-eabi/lib/thumb/v7-m/nofp\libc_nano.a(libc_a-impure.o)
                0x200000ec                _impure_data
 *(.RamFunc)
 *(.RamFunc*)
                0x20000138                        . = ALIGN (0x4)
                0x20000138                        _edata = .

.igot.plt       0x20000138        0x0 load address 0x0800e5e4
 .igot.plt      0x20000138        0x0 I:/STM32CubeIDE_1.14.0/STM32CubeIDE/plugins/com.st.stm32cube.ide.mcu.externaltools.gnu-tools-for-stm32.12.3.rel1.win32_1.1.0.202410251130/tools/bin/../lib/gcc/arm-none-eabi/12.3.1/thumb/v7-m/nofp/crtbegin.o
                0x20000138                        . = ALIGN (0x4)

.bss            0x20000138      0x880 load address 0x0800e5e4
                0x20000138                        _sbss = .
                0x20000138                        __bss_start__ = _sbss
 *(.bss)
 .bss           0x20000138       0x1c I:/STM32CubeIDE_1.14.0/STM32CubeIDE/plugins/com.st.stm32cube.ide.mcu.externaltools.gnu-tools-for-stm32.12.3.rel1.win32_1.1.0.202410251130/tools/bin/../lib/gcc/arm-none-eabi/12.3.1/thumb/v7-m/nofp/crtbegin.o
 *(.bss*)
 .bss.Adc1Value
                0x20000154       0x14 ./ADC_Stick/ADCStick.o
                0x20000154                Adc1Value
 .bss.Adc1Null  0x20000168       0x10 ./ADC_Stick/ADCStick.o
                0x20000168                Adc1Null
 .bss.Adc1Calc  0x20000178        0x4 ./ADC_Stick/ADCStick.o
                0x20000178                Adc1Calc
 .bss.ConvPerSec
                0x2000017c        0x4 ./ADC_Stick/ADCStick.o
                0x2000017c                ConvPerSec
 .bss.i.1       0x20000180        0x4 ./ADC_Stick/ADCStick.o
 .bss.AdcSqr.0  0x20000184       0x10 ./ADC_Stick/ADCStick.o
 .bss.hadc1     0x20000194       0x30 ./Core/Src/main.o
                0x20000194                hadc1
 .bss.hdma_adc1
                0x200001c4       0x44 ./Core/Src/main.o
                0x200001c4                hdma_adc1
 .bss.hi2c1     0x20000208       0x54 ./Core/Src/main.o
                0x20000208                hi2c1
 .bss.hi2c2     0x2000025c       0x54 ./Core/Src/main.o
                0x2000025c                hi2c2
 .bss.hrtc      0x200002b0       0x14 ./Core/Src/main.o
                0x200002b0                hrtc
 .bss.hspi2     0x200002c4       0x58 ./Core/Src/main.o
                0x200002c4                hspi2
 .bss.__sbrk_heap_end
                0x2000031c        0x4 ./Core/Src/sysmem.o
 .bss.uwTick    0x20000320        0x4 ./Drivers/STM32F1xx_HAL_Driver/Src/stm32f1xx_hal.o
                0x20000320                uwTick
 *fill*         0x20000324        0x4 
 .bss.pFlash    0x20000328       0x20 ./Drivers/STM32F1xx_HAL_Driver/Src/stm32f1xx_hal_flash.o
                0x20000328                pFlash
 .bss.MenuStructOld
                0x20000348       0x28 ./IT_Process_0.2.1/PalenishIT_Proc.o
                0x20000348                MenuStructOld
 .bss.CalibrValues
                0x20000370       0x30 ./IT_Process_0.2.1/PalenishIT_Proc.o
                0x20000370                CalibrValues
 .bss.NumberOfPackets
                0x200003a0        0x4 ./IT_Process_0.2.1/PalenishIT_Proc.o
                0x200003a0                NumberOfPackets
 .bss.SteerTrim
                0x200003a4        0x2 ./IT_Process_0.2.1/PalenishIT_Proc.o
                0x200003a4                SteerTrim
 .bss.CamTrimHoriz
                0x200003a6        0x2 ./IT_Process_0.2.1/PalenishIT_Proc.o
                0x200003a6                CamTrimHoriz
 .bss.CamTrimVert
                0x200003a8        0x2 ./IT_Process_0.2.1/PalenishIT_Proc.o
                0x200003a8                CamTrimVert
 .bss.Headlights
                0x200003aa        0x2 ./IT_Process_0.2.1/PalenishIT_Proc.o
                0x200003aa                Headlights
 .bss.Load1     0x200003ac        0x2 ./IT_Process_0.2.1/PalenishIT_Proc.o
                0x200003ac                Load1
 .bss.Load2     0x200003ae        0x2 ./IT_Process_0.2.1/PalenishIT_Proc.o
                0x200003ae                Load2
 .bss.SoundSignal
                0x200003b0        0x2 ./IT_Process_0.2.1/PalenishIT_Proc.o
                0x200003b0                SoundSignal
 *fill*         0x200003b2        0x2 
 .bss.CalStruct.0
                0x200003b4        0x8 ./IT_Process_0.2.1/PalenishIT_Proc.o
 .bss.AdrrComm8418
                0x200003bc        0x4 ./KeyPad/22keypadTCA8418.o
                0x200003bc                AdrrComm8418
 .bss.MassPressKey
                0x200003c0        0xa ./KeyPad/22keypadTCA8418.o
                0x200003c0                MassPressKey
 .bss.FlagPress
                0x200003ca        0x1 ./KeyPad/22keypadTCA8418.o
                0x200003ca                FlagPress
 *fill*         0x200003cb        0x1 
 .bss.digitNum  0x200003cc        0x7 ./LoRa_MenuV2/LoRaMenuV2.o
                0x200003cc                digitNum
 .bss.LoRaPower
                0x200003d3        0x1 ./LoRa_MenuV2/LoRaMenuV2.o
                0x200003d3                LoRaPower
 .bss.LoRaBw    0x200003d4        0x1 ./LoRa_MenuV2/LoRaMenuV2.o
                0x200003d4                LoRaBw
 .bss.LoRaSf    0x200003d5        0x1 ./LoRa_MenuV2/LoRaMenuV2.o
                0x200003d5                LoRaSf
 .bss.LoRaErrCode
                0x200003d6        0x1 ./LoRa_MenuV2/LoRaMenuV2.o
                0x200003d6                LoRaErrCode
 *fill*         0x200003d7        0x1 
 .bss.ComArr1   0x200003d8        0xb ./SX12xxDrivers-V2.1.0/src/RxTx/DataProcess.o
                0x200003d8                ComArr1
 *fill*         0x200003e3        0x1 
 .bss.SX1276LR  0x200003e4        0x4 ./SX12xxDrivers-V2.1.0/src/radio/sx1276-Lora.o
                0x200003e4                SX1276LR
 .bss.RFLRState
                0x200003e8        0x1 ./SX12xxDrivers-V2.1.0/src/radio/sx1276-Lora.o
 *fill*         0x200003e9        0x3 
 .bss.SX1276Regs
                0x200003ec       0x70 ./SX12xxDrivers-V2.1.0/src/radio/sx1276.o
                0x200003ec                SX1276Regs
 .bss.LoRaOn    0x2000045c        0x1 ./SX12xxDrivers-V2.1.0/src/radio/sx1276.o
 .bss.LoRaOnState
                0x2000045d        0x1 ./SX12xxDrivers-V2.1.0/src/radio/sx1276.o
 *fill*         0x2000045e        0x2 
 .bss.buff      0x20000460      0x401 ./display/Src/disp1color.o
 *fill*         0x20000861        0x3 
 .bss.ptrCom    0x20000864        0x4 ./display/Src/disp1color.o
                0x20000864                ptrCom
 .bss.ptrNexCom
                0x20000868        0x4 ./display/Src/disp1color.o
                0x20000868                ptrNexCom
 .bss.Size      0x2000086c        0x2 ./display/Src/disp1color.o
                0x2000086c                Size
 *fill*         0x2000086e        0x2 
 .bss.__sf      0x20000870      0x138 I:/STM32CubeIDE_1.14.0/STM32CubeIDE/plugins/com.st.stm32cube.ide.mcu.externaltools.gnu-tools-for-stm32.12.3.rel1.win32_1.1.0.202410251130/tools/bin/../lib/gcc/arm-none-eabi/12.3.1/../../../../arm-none-eabi/lib/thumb/v7-m/nofp\libc_nano.a(libc_a-findfp.o)
                0x20000870                __sf
 .bss.errno     0x200009a8        0x4 I:/STM32CubeIDE_1.14.0/STM32CubeIDE/plugins/com.st.stm32cube.ide.mcu.externaltools.gnu-tools-for-stm32.12.3.rel1.win32_1.1.0.202410251130/tools/bin/../lib/gcc/arm-none-eabi/12.3.1/../../../../arm-none-eabi/lib/thumb/v7-m/nofp\libc_nano.a(libc_a-reent.o)
                0x200009a8                errno
 .bss.__lock___malloc_recursive_mutex
                0x200009ac        0x1 I:/STM32CubeIDE_1.14.0/STM32CubeIDE/plugins/com.st.stm32cube.ide.mcu.externaltools.gnu-tools-for-stm32.12.3.rel1.win32_1.1.0.202410251130/tools/bin/../lib/gcc/arm-none-eabi/12.3.1/../../../../arm-none-eabi/lib/thumb/v7-m/nofp\libc_nano.a(libc_a-lock.o)
                0x200009ac                __lock___malloc_recursive_mutex
 *fill*         0x200009ad        0x3 
 .bss.__malloc_sbrk_start
                0x200009b0        0x4 I:/STM32CubeIDE_1.14.0/STM32CubeIDE/plugins/com.st.stm32cube.ide.mcu.externaltools.gnu-tools-for-stm32.12.3.rel1.win32_1.1.0.202410251130/tools/bin/../lib/gcc/arm-none-eabi/12.3.1/../../../../arm-none-eabi/lib/thumb/v7-m/nofp\libc_nano.a(libc_a-mallocr.o)
                0x200009b0                __malloc_sbrk_start
 .bss.__malloc_free_list
                0x200009b4        0x4 I:/STM32CubeIDE_1.14.0/STM32CubeIDE/plugins/com.st.stm32cube.ide.mcu.externaltools.gnu-tools-for-stm32.12.3.rel1.win32_1.1.0.202410251130/tools/bin/../lib/gcc/arm-none-eabi/12.3.1/../../../../arm-none-eabi/lib/thumb/v7-m/nofp\libc_nano.a(libc_a-mallocr.o)
                0x200009b4                __malloc_free_list
 *(COMMON)
                0x200009b8                        . = ALIGN (0x4)
                0x200009b8                        _ebss = .
                0x200009b8                        __bss_end__ = _ebss

._user_heap_stack
                0x200009b8      0x600 load address 0x0800e5e4
                0x200009b8                        . = ALIGN (0x8)
                [!provide]                        PROVIDE (end = .)
                0x200009b8                        PROVIDE (_end = .)
                0x20000bb8                        . = (. + _Min_Heap_Size)
 *fill*         0x200009b8      0x200 
                0x20000fb8                        . = (. + _Min_Stack_Size)
 *fill*         0x20000bb8      0x400 
                0x20000fb8                        . = ALIGN (0x8)

/DISCARD/
 libc.a(*)
 libm.a(*)
 libgcc.a(*)

.ARM.attributes
                0x00000000       0x29
 *(.ARM.attributes)
 .ARM.attributes
                0x00000000       0x1d I:/STM32CubeIDE_1.14.0/STM32CubeIDE/plugins/com.st.stm32cube.ide.mcu.externaltools.gnu-tools-for-stm32.12.3.rel1.win32_1.1.0.202410251130/tools/bin/../lib/gcc/arm-none-eabi/12.3.1/thumb/v7-m/nofp/crti.o
 .ARM.attributes
                0x0000001d       0x2d I:/STM32CubeIDE_1.14.0/STM32CubeIDE/plugins/com.st.stm32cube.ide.mcu.externaltools.gnu-tools-for-stm32.12.3.rel1.win32_1.1.0.202410251130/tools/bin/../lib/gcc/arm-none-eabi/12.3.1/thumb/v7-m/nofp/crtbegin.o
 .ARM.attributes
                0x0000004a       0x2d ./ADC_Stick/ADCStick.o
 .ARM.attributes
                0x00000077       0x2d ./Core/Src/main.o
 .ARM.attributes
                0x000000a4       0x2d ./Core/Src/stm32f1xx_hal_msp.o
 .ARM.attributes
                0x000000d1       0x2d ./Core/Src/stm32f1xx_it.o
 .ARM.attributes
                0x000000fe       0x2d ./Core/Src/sysmem.o
 .ARM.attributes
                0x0000012b       0x2d ./Core/Src/system_stm32f1xx.o
 .ARM.attributes
                0x00000158       0x21 ./Core/Startup/startup_stm32f103c8tx.o
 .ARM.attributes
                0x00000179       0x2d ./Drivers/STM32F1xx_HAL_Driver/Src/stm32f1xx_hal.o
 .ARM.attributes
                0x000001a6       0x2d ./Drivers/STM32F1xx_HAL_Driver/Src/stm32f1xx_hal_adc.o
 .ARM.attributes
                0x000001d3       0x2d ./Drivers/STM32F1xx_HAL_Driver/Src/stm32f1xx_hal_adc_ex.o
 .ARM.attributes
                0x00000200       0x2d ./Drivers/STM32F1xx_HAL_Driver/Src/stm32f1xx_hal_cortex.o
 .ARM.attributes
                0x0000022d       0x2d ./Drivers/STM32F1xx_HAL_Driver/Src/stm32f1xx_hal_dma.o
 .ARM.attributes
                0x0000025a       0x2d ./Drivers/STM32F1xx_HAL_Driver/Src/stm32f1xx_hal_flash.o
 .ARM.attributes
                0x00000287       0x2d ./Drivers/STM32F1xx_HAL_Driver/Src/stm32f1xx_hal_flash_ex.o
 .ARM.attributes
                0x000002b4       0x2d ./Drivers/STM32F1xx_HAL_Driver/Src/stm32f1xx_hal_gpio.o
 .ARM.attributes
                0x000002e1       0x2d ./Drivers/STM32F1xx_HAL_Driver/Src/stm32f1xx_hal_i2c.o
 .ARM.attributes
                0x0000030e       0x2d ./Drivers/STM32F1xx_HAL_Driver/Src/stm32f1xx_hal_pwr.o
 .ARM.attributes
                0x0000033b       0x2d ./Drivers/STM32F1xx_HAL_Driver/Src/stm32f1xx_hal_rcc.o
 .ARM.attributes
                0x00000368       0x2d ./Drivers/STM32F1xx_HAL_Driver/Src/stm32f1xx_hal_rcc_ex.o
 .ARM.attributes
                0x00000395       0x2d ./Drivers/STM32F1xx_HAL_Driver/Src/stm32f1xx_hal_rtc.o
 .ARM.attributes
                0x000003c2       0x2d ./Drivers/STM32F1xx_HAL_Driver/Src/stm32f1xx_hal_rtc_ex.o
 .ARM.attributes
                0x000003ef       0x2d ./Drivers/STM32F1xx_HAL_Driver/Src/stm32f1xx_hal_spi.o
 .ARM.attributes
                0x0000041c       0x2d ./IT_Process_0.2.1/PalenishIT_Proc.o
 .ARM.attributes
                0x00000449       0x2d ./KeyPad/22keypadTCA8418.o
 .ARM.attributes
                0x00000476       0x2d ./LoRa_MenuV2/LoRaMenuV2.o
 .ARM.attributes
                0x000004a3       0x2d ./ProgMem/ProgMem.o
 .ARM.attributes
                0x000004d0       0x2d ./SX12xxDrivers-V2.1.0/src/RxTx/DataProcess.o
 .ARM.attributes
                0x000004fd       0x2d ./SX12xxDrivers-V2.1.0/src/radio/spi.o
 .ARM.attributes
                0x0000052a       0x2d ./SX12xxDrivers-V2.1.0/src/radio/sx1276-Hal.o
 .ARM.attributes
                0x00000557       0x2d ./SX12xxDrivers-V2.1.0/src/radio/sx1276-LoRaMisk.o
 .ARM.attributes
                0x00000584       0x2d ./SX12xxDrivers-V2.1.0/src/radio/sx1276-Lora.o
 .ARM.attributes
                0x000005b1       0x2d ./SX12xxDrivers-V2.1.0/src/radio/sx1276.o
 .ARM.attributes
                0x000005de       0x2d ./display/Src/disp1color.o
 .ARM.attributes
                0x0000060b       0x2d ./display/Src/f10x16f.o
 .ARM.attributes
                0x00000638       0x2d ./display/Src/f6x8m.o
 .ARM.attributes
                0x00000665       0x2d ./display/Src/font.o
 .ARM.attributes
                0x00000692       0x2d ./display/Src/ssd1306.o
 .ARM.attributes
                0x000006bf       0x2d I:/STM32CubeIDE_1.14.0/STM32CubeIDE/plugins/com.st.stm32cube.ide.mcu.externaltools.gnu-tools-for-stm32.12.3.rel1.win32_1.1.0.202410251130/tools/bin/../lib/gcc/arm-none-eabi/12.3.1/../../../../arm-none-eabi/lib/thumb/v7-m/nofp\libc_nano.a(libc_a-findfp.o)
 .ARM.attributes
                0x000006ec       0x2d I:/STM32CubeIDE_1.14.0/STM32CubeIDE/plugins/com.st.stm32cube.ide.mcu.externaltools.gnu-tools-for-stm32.12.3.rel1.win32_1.1.0.202410251130/tools/bin/../lib/gcc/arm-none-eabi/12.3.1/../../../../arm-none-eabi/lib/thumb/v7-m/nofp\libc_nano.a(libc_a-sprintf.o)
 .ARM.attributes
                0x00000719       0x2d I:/STM32CubeIDE_1.14.0/STM32CubeIDE/plugins/com.st.stm32cube.ide.mcu.externaltools.gnu-tools-for-stm32.12.3.rel1.win32_1.1.0.202410251130/tools/bin/../lib/gcc/arm-none-eabi/12.3.1/../../../../arm-none-eabi/lib/thumb/v7-m/nofp\libc_nano.a(libc_a-vsnprintf.o)
 .ARM.attributes
                0x00000746       0x2d I:/STM32CubeIDE_1.14.0/STM32CubeIDE/plugins/com.st.stm32cube.ide.mcu.externaltools.gnu-tools-for-stm32.12.3.rel1.win32_1.1.0.202410251130/tools/bin/../lib/gcc/arm-none-eabi/12.3.1/../../../../arm-none-eabi/lib/thumb/v7-m/nofp\libc_nano.a(libc_a-memset.o)
 .ARM.attributes
                0x00000773       0x2d I:/STM32CubeIDE_1.14.0/STM32CubeIDE/plugins/com.st.stm32cube.ide.mcu.externaltools.gnu-tools-for-stm32.12.3.rel1.win32_1.1.0.202410251130/tools/bin/../lib/gcc/arm-none-eabi/12.3.1/../../../../arm-none-eabi/lib/thumb/v7-m/nofp\libc_nano.a(libc_a-reent.o)
 .ARM.attributes
                0x000007a0       0x2d I:/STM32CubeIDE_1.14.0/STM32CubeIDE/plugins/com.st.stm32cube.ide.mcu.externaltools.gnu-tools-for-stm32.12.3.rel1.win32_1.1.0.202410251130/tools/bin/../lib/gcc/arm-none-eabi/12.3.1/../../../../arm-none-eabi/lib/thumb/v7-m/nofp\libc_nano.a(libc_a-impure.o)
 .ARM.attributes
                0x000007cd       0x2d I:/STM32CubeIDE_1.14.0/STM32CubeIDE/plugins/com.st.stm32cube.ide.mcu.externaltools.gnu-tools-for-stm32.12.3.rel1.win32_1.1.0.202410251130/tools/bin/../lib/gcc/arm-none-eabi/12.3.1/../../../../arm-none-eabi/lib/thumb/v7-m/nofp\libc_nano.a(libc_a-errno.o)
 .ARM.attributes
                0x000007fa       0x2d I:/STM32CubeIDE_1.14.0/STM32CubeIDE/plugins/com.st.stm32cube.ide.mcu.externaltools.gnu-tools-for-stm32.12.3.rel1.win32_1.1.0.202410251130/tools/bin/../lib/gcc/arm-none-eabi/12.3.1/../../../../arm-none-eabi/lib/thumb/v7-m/nofp\libc_nano.a(libc_a-init.o)
 .ARM.attributes
                0x00000827       0x2d I:/STM32CubeIDE_1.14.0/STM32CubeIDE/plugins/com.st.stm32cube.ide.mcu.externaltools.gnu-tools-for-stm32.12.3.rel1.win32_1.1.0.202410251130/tools/bin/../lib/gcc/arm-none-eabi/12.3.1/../../../../arm-none-eabi/lib/thumb/v7-m/nofp\libc_nano.a(libc_a-lock.o)
 .ARM.attributes
                0x00000854       0x2d I:/STM32CubeIDE_1.14.0/STM32CubeIDE/plugins/com.st.stm32cube.ide.mcu.externaltools.gnu-tools-for-stm32.12.3.rel1.win32_1.1.0.202410251130/tools/bin/../lib/gcc/arm-none-eabi/12.3.1/../../../../arm-none-eabi/lib/thumb/v7-m/nofp\libc_nano.a(libc_a-freer.o)
 .ARM.attributes
                0x00000881       0x2d I:/STM32CubeIDE_1.14.0/STM32CubeIDE/plugins/com.st.stm32cube.ide.mcu.externaltools.gnu-tools-for-stm32.12.3.rel1.win32_1.1.0.202410251130/tools/bin/../lib/gcc/arm-none-eabi/12.3.1/../../../../arm-none-eabi/lib/thumb/v7-m/nofp\libc_nano.a(libc_a-mallocr.o)
 .ARM.attributes
                0x000008ae       0x2d I:/STM32CubeIDE_1.14.0/STM32CubeIDE/plugins/com.st.stm32cube.ide.mcu.externaltools.gnu-tools-for-stm32.12.3.rel1.win32_1.1.0.202410251130/tools/bin/../lib/gcc/arm-none-eabi/12.3.1/../../../../arm-none-eabi/lib/thumb/v7-m/nofp\libc_nano.a(libc_a-mlock.o)
 .ARM.attributes
                0x000008db       0x2d I:/STM32CubeIDE_1.14.0/STM32CubeIDE/plugins/com.st.stm32cube.ide.mcu.externaltools.gnu-tools-for-stm32.12.3.rel1.win32_1.1.0.202410251130/tools/bin/../lib/gcc/arm-none-eabi/12.3.1/../../../../arm-none-eabi/lib/thumb/v7-m/nofp\libc_nano.a(libc_a-nano-svfprintf.o)
 .ARM.attributes
                0x00000908       0x2d I:/STM32CubeIDE_1.14.0/STM32CubeIDE/plugins/com.st.stm32cube.ide.mcu.externaltools.gnu-tools-for-stm32.12.3.rel1.win32_1.1.0.202410251130/tools/bin/../lib/gcc/arm-none-eabi/12.3.1/../../../../arm-none-eabi/lib/thumb/v7-m/nofp\libc_nano.a(libc_a-nano-vfprintf_i.o)
 .ARM.attributes
                0x00000935       0x2d I:/STM32CubeIDE_1.14.0/STM32CubeIDE/plugins/com.st.stm32cube.ide.mcu.externaltools.gnu-tools-for-stm32.12.3.rel1.win32_1.1.0.202410251130/tools/bin/../lib/gcc/arm-none-eabi/12.3.1/../../../../arm-none-eabi/lib/thumb/v7-m/nofp\libc_nano.a(libc_a-memmove.o)
 .ARM.attributes
                0x00000962       0x2d I:/STM32CubeIDE_1.14.0/STM32CubeIDE/plugins/com.st.stm32cube.ide.mcu.externaltools.gnu-tools-for-stm32.12.3.rel1.win32_1.1.0.202410251130/tools/bin/../lib/gcc/arm-none-eabi/12.3.1/../../../../arm-none-eabi/lib/thumb/v7-m/nofp\libc_nano.a(libc_a-sbrkr.o)
 .ARM.attributes
                0x0000098f       0x2d I:/STM32CubeIDE_1.14.0/STM32CubeIDE/plugins/com.st.stm32cube.ide.mcu.externaltools.gnu-tools-for-stm32.12.3.rel1.win32_1.1.0.202410251130/tools/bin/../lib/gcc/arm-none-eabi/12.3.1/../../../../arm-none-eabi/lib/thumb/v7-m/nofp\libc_nano.a(libc_a-memchr-stub.o)
 .ARM.attributes
                0x000009bc       0x2d I:/STM32CubeIDE_1.14.0/STM32CubeIDE/plugins/com.st.stm32cube.ide.mcu.externaltools.gnu-tools-for-stm32.12.3.rel1.win32_1.1.0.202410251130/tools/bin/../lib/gcc/arm-none-eabi/12.3.1/../../../../arm-none-eabi/lib/thumb/v7-m/nofp\libc_nano.a(libc_a-memcpy-stub.o)
 .ARM.attributes
                0x000009e9       0x2d I:/STM32CubeIDE_1.14.0/STM32CubeIDE/plugins/com.st.stm32cube.ide.mcu.externaltools.gnu-tools-for-stm32.12.3.rel1.win32_1.1.0.202410251130/tools/bin/../lib/gcc/arm-none-eabi/12.3.1/../../../../arm-none-eabi/lib/thumb/v7-m/nofp\libc_nano.a(libc_a-reallocr.o)
 .ARM.attributes
                0x00000a16       0x2d I:/STM32CubeIDE_1.14.0/STM32CubeIDE/plugins/com.st.stm32cube.ide.mcu.externaltools.gnu-tools-for-stm32.12.3.rel1.win32_1.1.0.202410251130/tools/bin/../lib/gcc/arm-none-eabi/12.3.1/../../../../arm-none-eabi/lib/thumb/v7-m/nofp\libc_nano.a(libc_a-msizer.o)
 .ARM.attributes
                0x00000a43       0x1d I:/STM32CubeIDE_1.14.0/STM32CubeIDE/plugins/com.st.stm32cube.ide.mcu.externaltools.gnu-tools-for-stm32.12.3.rel1.win32_1.1.0.202410251130/tools/bin/../lib/gcc/arm-none-eabi/12.3.1/thumb/v7-m/nofp\libgcc.a(_arm_addsubdf3.o)
 .ARM.attributes
                0x00000a60       0x1d I:/STM32CubeIDE_1.14.0/STM32CubeIDE/plugins/com.st.stm32cube.ide.mcu.externaltools.gnu-tools-for-stm32.12.3.rel1.win32_1.1.0.202410251130/tools/bin/../lib/gcc/arm-none-eabi/12.3.1/thumb/v7-m/nofp\libgcc.a(_arm_muldivdf3.o)
 .ARM.attributes
                0x00000a7d       0x1d I:/STM32CubeIDE_1.14.0/STM32CubeIDE/plugins/com.st.stm32cube.ide.mcu.externaltools.gnu-tools-for-stm32.12.3.rel1.win32_1.1.0.202410251130/tools/bin/../lib/gcc/arm-none-eabi/12.3.1/thumb/v7-m/nofp\libgcc.a(_arm_fixunsdfsi.o)
 .ARM.attributes
                0x00000a9a       0x1d I:/STM32CubeIDE_1.14.0/STM32CubeIDE/plugins/com.st.stm32cube.ide.mcu.externaltools.gnu-tools-for-stm32.12.3.rel1.win32_1.1.0.202410251130/tools/bin/../lib/gcc/arm-none-eabi/12.3.1/thumb/v7-m/nofp\libgcc.a(_arm_addsubsf3.o)
 .ARM.attributes
                0x00000ab7       0x1d I:/STM32CubeIDE_1.14.0/STM32CubeIDE/plugins/com.st.stm32cube.ide.mcu.externaltools.gnu-tools-for-stm32.12.3.rel1.win32_1.1.0.202410251130/tools/bin/../lib/gcc/arm-none-eabi/12.3.1/thumb/v7-m/nofp\libgcc.a(_arm_muldivsf3.o)
 .ARM.attributes
                0x00000ad4       0x1d I:/STM32CubeIDE_1.14.0/STM32CubeIDE/plugins/com.st.stm32cube.ide.mcu.externaltools.gnu-tools-for-stm32.12.3.rel1.win32_1.1.0.202410251130/tools/bin/../lib/gcc/arm-none-eabi/12.3.1/thumb/v7-m/nofp\libgcc.a(_arm_cmpsf2.o)
 .ARM.attributes
                0x00000af1       0x1d I:/STM32CubeIDE_1.14.0/STM32CubeIDE/plugins/com.st.stm32cube.ide.mcu.externaltools.gnu-tools-for-stm32.12.3.rel1.win32_1.1.0.202410251130/tools/bin/../lib/gcc/arm-none-eabi/12.3.1/thumb/v7-m/nofp\libgcc.a(_arm_fixsfsi.o)
 .ARM.attributes
                0x00000b0e       0x1d I:/STM32CubeIDE_1.14.0/STM32CubeIDE/plugins/com.st.stm32cube.ide.mcu.externaltools.gnu-tools-for-stm32.12.3.rel1.win32_1.1.0.202410251130/tools/bin/../lib/gcc/arm-none-eabi/12.3.1/thumb/v7-m/nofp/crtn.o
OUTPUT(Palenish_RC.elf elf32-littlearm)
LOAD linker stubs
LOAD I:/STM32CubeIDE_1.14.0/STM32CubeIDE/plugins/com.st.stm32cube.ide.mcu.externaltools.gnu-tools-for-stm32.12.3.rel1.win32_1.1.0.202410251130/tools/bin/../lib/gcc/arm-none-eabi/12.3.1/../../../../arm-none-eabi/lib/thumb/v7-m/nofp\libc.a
LOAD I:/STM32CubeIDE_1.14.0/STM32CubeIDE/plugins/com.st.stm32cube.ide.mcu.externaltools.gnu-tools-for-stm32.12.3.rel1.win32_1.1.0.202410251130/tools/bin/../lib/gcc/arm-none-eabi/12.3.1/../../../../arm-none-eabi/lib/thumb/v7-m/nofp\libm.a