../Core/Src/main.c:112:5:main	312	static
../Core/Src/main.c:253:6:SystemClock_Config	88	static
../Core/Src/main.c:300:13:MX_ADC1_Init	24	static
../Core/Src/main.c:355:13:MX_SPI1_Init	8	static
../Core/Src/main.c:393:13:MX_TIM1_Init	32	static
../Core/Src/main.c:439:13:MX_TIM2_Init	48	static
../Core/Src/main.c:500:13:MX_TIM3_Init	48	static
../Core/Src/main.c:553:13:MX_USART1_UART_Init	8	static
../Core/Src/main.c:584:13:MX_DMA_Init	16	static
../Core/Src/main.c:605:13:MX_GPIO_Init	40	static
../Core/Src/main.c:704:6:StartServo	32	static
../Core/Src/main.c:741:6:StartServo2	40	static
../Core/Src/main.c:778:6:StartEngineTest	32	static
../Core/Src/main.c:876:6:StartLoRaRx	16	static
../Core/Src/main.c:905:6:StartOutUart	16	static
../Core/Src/main.c:930:6:StartRxError	16	static
../Core/Src/main.c:964:6:StartVoltMeas	24	static
../Core/Src/main.c:1025:6:StartLightSignal	16	static
../Core/Src/main.c:1047:6:StartSoundAlarm	16	static
../Core/Src/main.c:1069:6:StartControlTask	16	static
../Core/Src/main.c:1088:6:Error_Handler	4	static,ignoring_inline_asm
