../Core/Src/main.c:85:5:main	56	static
../Core/Src/main.c:179:6:SystemClock_Config	72	static
../Core/Src/main.c:219:13:MX_SPI1_Init	8	static
../Core/Src/main.c:257:13:MX_TIM2_Init	48	static
../Core/Src/main.c:318:13:MX_TIM3_Init	48	static
../Core/Src/main.c:371:13:MX_USART1_UART_Init	8	static
../Core/Src/main.c:404:13:MX_GPIO_Init	40	static
../Core/Src/main.c:483:6:StartServo	32	static
../Core/Src/main.c:520:6:StartServo2	40	static
../Core/Src/main.c:557:6:StartEngineTest	32	static
../Core/Src/main.c:655:6:StartLoRaRx	16	static
../Core/Src/main.c:678:6:Error_Handler	4	static,ignoring_inline_asm
