../Core/Src/stm32f1xx_it.c:73:6:NMI_Handler	4	static
../Core/Src/stm32f1xx_it.c:88:6:HardFault_Handler	4	static
../Core/Src/stm32f1xx_it.c:103:6:MemManage_Handler	4	static
../Core/Src/stm32f1xx_it.c:118:6:BusFault_Handler	4	static
../Core/Src/stm32f1xx_it.c:133:6:UsageFault_Handler	4	static
../Core/Src/stm32f1xx_it.c:148:6:DebugMon_Handler	4	static
../Core/Src/stm32f1xx_it.c:161:6:SysTick_Handler	8	static
../Core/Src/stm32f1xx_it.c:190:6:DMA1_Channel1_IRQHandler	8	static
../Core/Src/stm32f1xx_it.c:204:6:EXTI9_5_IRQHandler	8	static
../Core/Src/stm32f1xx_it.c:218:6:TIM1_UP_IRQHandler	8	static
../Core/Src/stm32f1xx_it.c:232:6:USART1_IRQHandler	8	static
