../Core/Src/main.c:86:5:main	152	static
../Core/Src/main.c:188:6:SystemClock_Config	72	static
../Core/Src/main.c:228:13:MX_SPI1_Init	8	static
../Core/Src/main.c:266:13:MX_TIM2_Init	48	static
../Core/Src/main.c:319:13:MX_USART1_UART_Init	8	static
../Core/Src/main.c:352:13:MX_GPIO_Init	40	static
../Core/Src/main.c:439:6:StartLoRaRx	16	static
../Core/Src/main.c:466:6:StartConsole	88	static
../Core/Src/main.c:488:6:StartMotor1_2	64	static
../Core/Src/main.c:527:6:StartUARTOut	16	static
../Core/Src/main.c:568:6:Error_Handler	4	static,ignoring_inline_asm
