../Drivers/SX12xxDrivers-V2.1.0/src/RxTx/DataProcess.c:22:10:WriteArrFIFO	16	static
../Drivers/SX12xxDrivers-V2.1.0/src/RxTx/DataProcess.c:39:6:InitTxLoRa	8	static
../Drivers/SX12xxDrivers-V2.1.0/src/RxTx/DataProcess.c:61:6:StartTxLoRa	8	static
../Drivers/SX12xxDrivers-V2.1.0/src/RxTx/DataProcess.c:76:6:TxInterHandl	8	static
../Drivers/SX12xxDrivers-V2.1.0/src/RxTx/DataProcess.c:84:6:InitRxContLoRa	8	static
../Drivers/SX12xxDrivers-V2.1.0/src/RxTx/DataProcess.c:117:6:StartRxContLoRa	8	static
../Drivers/SX12xxDrivers-V2.1.0/src/RxTx/DataProcess.c:129:10:RxContLoRaCmpl	16	static
../Drivers/SX12xxDrivers-V2.1.0/src/RxTx/DataProcess.c:186:10:RxContLoRaCmplV2	16	static
../Drivers/SX12xxDrivers-V2.1.0/src/RxTx/DataProcess.c:217:10:ReadArrFIFO	16	static
../Drivers/SX12xxDrivers-V2.1.0/src/RxTx/DataProcess.c:236:6:TxArrWriteFiFo	16	static
../Drivers/SX12xxDrivers-V2.1.0/src/RxTx/DataProcess.c:245:6:TxArrWriteKey	24	static
