Archive member included to satisfy reference by file (symbol)

I:/STM32CubeIDE_1.14.0/STM32CubeIDE/plugins/com.st.stm32cube.ide.mcu.externaltools.gnu-tools-for-stm32.12.3.rel1.win32_1.1.0.202410251130/tools/bin/../lib/gcc/arm-none-eabi/12.3.1/../../../../arm-none-eabi/lib/thumb/v7-m/nofp\libc_nano.a(libc_a-exit.o)
                              I:/STM32CubeIDE_1.14.0/STM32CubeIDE/plugins/com.st.stm32cube.ide.mcu.externaltools.gnu-tools-for-stm32.12.3.rel1.win32_1.1.0.202410251130/tools/bin/../lib/gcc/arm-none-eabi/12.3.1/../../../../arm-none-eabi/lib/thumb/v7-m/nofp/crt0.o (exit)
I:/STM32CubeIDE_1.14.0/STM32CubeIDE/plugins/com.st.stm32cube.ide.mcu.externaltools.gnu-tools-for-stm32.12.3.rel1.win32_1.1.0.202410251130/tools/bin/../lib/gcc/arm-none-eabi/12.3.1/../../../../arm-none-eabi/lib/thumb/v7-m/nofp\libc_nano.a(libc_a-strtol.o)
                              ./Drivers/console/console.o (strtol)
I:/STM32CubeIDE_1.14.0/STM32CubeIDE/plugins/com.st.stm32cube.ide.mcu.externaltools.gnu-tools-for-stm32.12.3.rel1.win32_1.1.0.202410251130/tools/bin/../lib/gcc/arm-none-eabi/12.3.1/../../../../arm-none-eabi/lib/thumb/v7-m/nofp\libc_nano.a(libc_a-ctype_.o)
                              I:/STM32CubeIDE_1.14.0/STM32CubeIDE/plugins/com.st.stm32cube.ide.mcu.externaltools.gnu-tools-for-stm32.12.3.rel1.win32_1.1.0.202410251130/tools/bin/../lib/gcc/arm-none-eabi/12.3.1/../../../../arm-none-eabi/lib/thumb/v7-m/nofp\libc_nano.a(libc_a-strtol.o) (_ctype_)
I:/STM32CubeIDE_1.14.0/STM32CubeIDE/plugins/com.st.stm32cube.ide.mcu.externaltools.gnu-tools-for-stm32.12.3.rel1.win32_1.1.0.202410251130/tools/bin/../lib/gcc/arm-none-eabi/12.3.1/../../../../arm-none-eabi/lib/thumb/v7-m/nofp\libc_nano.a(libc_a-nano-vfprintf_float.o)
                              (_printf_float)
I:/STM32CubeIDE_1.14.0/STM32CubeIDE/plugins/com.st.stm32cube.ide.mcu.externaltools.gnu-tools-for-stm32.12.3.rel1.win32_1.1.0.202410251130/tools/bin/../lib/gcc/arm-none-eabi/12.3.1/../../../../arm-none-eabi/lib/thumb/v7-m/nofp\libc_nano.a(libc_a-nano-vfprintf_i.o)
                              I:/STM32CubeIDE_1.14.0/STM32CubeIDE/plugins/com.st.stm32cube.ide.mcu.externaltools.gnu-tools-for-stm32.12.3.rel1.win32_1.1.0.202410251130/tools/bin/../lib/gcc/arm-none-eabi/12.3.1/../../../../arm-none-eabi/lib/thumb/v7-m/nofp\libc_nano.a(libc_a-nano-vfprintf_float.o) (_printf_common)
I:/STM32CubeIDE_1.14.0/STM32CubeIDE/plugins/com.st.stm32cube.ide.mcu.externaltools.gnu-tools-for-stm32.12.3.rel1.win32_1.1.0.202410251130/tools/bin/../lib/gcc/arm-none-eabi/12.3.1/../../../../arm-none-eabi/lib/thumb/v7-m/nofp\libc_nano.a(libc_a-findfp.o)
                              ./Middlewares/Third_Party/FreeRTOS/Source/tasks.o (__sf)
I:/STM32CubeIDE_1.14.0/STM32CubeIDE/plugins/com.st.stm32cube.ide.mcu.externaltools.gnu-tools-for-stm32.12.3.rel1.win32_1.1.0.202410251130/tools/bin/../lib/gcc/arm-none-eabi/12.3.1/../../../../arm-none-eabi/lib/thumb/v7-m/nofp\libc_nano.a(libc_a-fwalk.o)
                              I:/STM32CubeIDE_1.14.0/STM32CubeIDE/plugins/com.st.stm32cube.ide.mcu.externaltools.gnu-tools-for-stm32.12.3.rel1.win32_1.1.0.202410251130/tools/bin/../lib/gcc/arm-none-eabi/12.3.1/../../../../arm-none-eabi/lib/thumb/v7-m/nofp\libc_nano.a(libc_a-findfp.o) (_fwalk_sglue)
I:/STM32CubeIDE_1.14.0/STM32CubeIDE/plugins/com.st.stm32cube.ide.mcu.externaltools.gnu-tools-for-stm32.12.3.rel1.win32_1.1.0.202410251130/tools/bin/../lib/gcc/arm-none-eabi/12.3.1/../../../../arm-none-eabi/lib/thumb/v7-m/nofp\libc_nano.a(libc_a-sprintf.o)
                              ./Drivers/UART_Output/UART_Output.o (sprintf)
I:/STM32CubeIDE_1.14.0/STM32CubeIDE/plugins/com.st.stm32cube.ide.mcu.externaltools.gnu-tools-for-stm32.12.3.rel1.win32_1.1.0.202410251130/tools/bin/../lib/gcc/arm-none-eabi/12.3.1/../../../../arm-none-eabi/lib/thumb/v7-m/nofp\libc_nano.a(libc_a-stdio.o)
                              I:/STM32CubeIDE_1.14.0/STM32CubeIDE/plugins/com.st.stm32cube.ide.mcu.externaltools.gnu-tools-for-stm32.12.3.rel1.win32_1.1.0.202410251130/tools/bin/../lib/gcc/arm-none-eabi/12.3.1/../../../../arm-none-eabi/lib/thumb/v7-m/nofp\libc_nano.a(libc_a-findfp.o) (__sread)
I:/STM32CubeIDE_1.14.0/STM32CubeIDE/plugins/com.st.stm32cube.ide.mcu.externaltools.gnu-tools-for-stm32.12.3.rel1.win32_1.1.0.202410251130/tools/bin/../lib/gcc/arm-none-eabi/12.3.1/../../../../arm-none-eabi/lib/thumb/v7-m/nofp\libc_nano.a(libc_a-memmove.o)
                              ./Drivers/console/console.o (memmove)
I:/STM32CubeIDE_1.14.0/STM32CubeIDE/plugins/com.st.stm32cube.ide.mcu.externaltools.gnu-tools-for-stm32.12.3.rel1.win32_1.1.0.202410251130/tools/bin/../lib/gcc/arm-none-eabi/12.3.1/../../../../arm-none-eabi/lib/thumb/v7-m/nofp\libc_nano.a(libc_a-memset.o)
[...]
Memory Configuration

Name             Origin             Length             Attributes
RAM              0x20000000         0x00005000         xrw
FLASH            0x08000000         0x00010000         xr
*default*        0x00000000         0xffffffff

Linker script and memory map

LOAD I:/STM32CubeIDE_1.14.0/STM32CubeIDE/plugins/com.st.stm32cube.ide.mcu.externaltools.gnu-tools-for-stm32.12.3.rel1.win32_1.1.0.202410251130/tools/bin/../lib/gcc/arm-none-eabi/12.3.1/thumb/v7-m/nofp/crti.o
LOAD I:/STM32CubeIDE_1.14.0/STM32CubeIDE/plugins/com.st.stm32cube.ide.mcu.externaltools.gnu-tools-for-stm32.12.3.rel1.win32_1.1.0.202410251130/tools/bin/../lib/gcc/arm-none-eabi/12.3.1/thumb/v7-m/nofp/crtbegin.o
LOAD I:/STM32CubeIDE_1.14.0/STM32CubeIDE/plugins/com.st.stm32cube.ide.mcu.externaltools.gnu-tools-for-stm32.12.3.rel1.win32_1.1.0.202410251130/tools/bin/../lib/gcc/arm-none-eabi/12.3.1/../../../../arm-none-eabi/lib/thumb/v7-m/nofp/crt0.o
LOAD ./Core/Src/freertos.o
LOAD ./Core/Src/main.o
LOAD ./Core/Src/stm32f1xx_hal_msp.o
LOAD ./Core/Src/stm32f1xx_it.o
LOAD ./Core/Src/syscalls.o
LOAD ./Core/Src/sysmem.o
LOAD ./Core/Src/system_stm32f1xx.o
LOAD ./Core/Startup/startup_stm32f103c8tx.o
LOAD ./Drivers/ADC_LoadCell/ADC_LoadCell.o
LOAD ./Drivers/BrushedDC/BrushedDC.o
LOAD ./Drivers/ChaeburatorIT_Proc/ChaeburatorIT_Proc.o
LOAD ./Drivers/STM32F1xx_HAL_Driver/Src/stm32f1xx_hal.o
LOAD ./Drivers/STM32F1xx_HAL_Driver/Src/stm32f1xx_hal_adc.o
LOAD ./Drivers/STM32F1xx_HAL_Driver/Src/stm32f1xx_hal_adc_ex.o
LOAD ./Drivers/STM32F1xx_HAL_Driver/Src/stm32f1xx_hal_cortex.o
LOAD ./Drivers/STM32F1xx_HAL_Driver/Src/stm32f1xx_hal_dma.o
LOAD ./Drivers/STM32F1xx_HAL_Driver/Src/stm32f1xx_hal_exti.o
LOAD ./Drivers/STM32F1xx_HAL_Driver/Src/stm32f1xx_hal_flash.o
LOAD ./Drivers/STM32F1xx_HAL_Driver/Src/stm32f1xx_hal_flash_ex.o
LOAD ./Drivers/STM32F1xx_HAL_Driver/Src/stm32f1xx_hal_gpio.o
LOAD ./Drivers/STM32F1xx_HAL_Driver/Src/stm32f1xx_hal_gpio_ex.o
LOAD ./Drivers/STM32F1xx_HAL_Driver/Src/stm32f1xx_hal_pwr.o
LOAD ./Drivers/STM32F1xx_HAL_Driver/Src/stm32f1xx_hal_rcc.o
LOAD ./Drivers/STM32F1xx_HAL_Driver/Src/stm32f1xx_hal_rcc_ex.o
LOAD ./Drivers/STM32F1xx_HAL_Driver/Src/stm32f1xx_hal_spi.o
LOAD ./Drivers/STM32F1xx_HAL_Driver/Src/stm32f1xx_hal_tim.o
LOAD ./Drivers/STM32F1xx_HAL_Driver/Src/stm32f1xx_hal_tim_ex.o
LOAD ./Drivers/STM32F1xx_HAL_Driver/Src/stm32f1xx_hal_uart.o
LOAD ./Drivers/SX12xxDrivers-V2.1.0/src/RxTx/DataProcess.o
LOAD ./Drivers/SX12xxDrivers-V2.1.0/src/RxTx/LinkIndication.o
LOAD ./Drivers/SX12xxDrivers-V2.1.0/src/radio/radio.o
LOAD ./Drivers/SX12xxDrivers-V2.1.0/src/radio/spi.o
LOAD ./Drivers/SX12xxDrivers-V2.1.0/src/radio/sx1276-Hal.o
LOAD ./Drivers/SX12xxDrivers-V2.1.0/src/radio/sx1276-LoRaMisk.o
LOAD ./Drivers/SX12xxDrivers-V2.1.0/src/radio/sx1276-Lora.o
LOAD ./Drivers/SX12xxDrivers-V2.1.0/src/radio/sx1276.o
LOAD ./Drivers/Servo/Servo.o
LOAD ./Drivers/UART_Output/UART_Output.o
LOAD ./Drivers/UART_Terminal/Console_Func.o
LOAD ./Drivers/UART_Terminal/UART_Terminal.o
LOAD ./Drivers/console/console.o
LOAD ./Middlewares/Third_Party/FreeRTOS/Source/CMSIS_RTOS/cmsis_os.o
LOAD ./Middlewares/Third_Party/FreeRTOS/Source/croutine.o
LOAD ./Middlewares/Third_Party/FreeRTOS/Source/event_groups.o
LOAD ./Middlewares/Third_Party/FreeRTOS/Source/list.o
LOAD ./Middlewares/Third_Party/FreeRTOS/Source/queue.o
LOAD ./Middlewares/Third_Party/FreeRTOS/Source/stream_buffer.o
LOAD ./Middlewares/Third_Party/FreeRTOS/Source/tasks.o
LOAD ./Middlewares/Third_Party/FreeRTOS/Source/timers.o
LOAD ./Middlewares/Third_Party/FreeRTOS/Source/portable/GCC/ARM_CM3/port.o
LOAD ./Middlewares/Third_Party/FreeRTOS/Source/portable/MemMang/heap_4.o
START GROUP
LOAD I:/STM32CubeIDE_1.14.0/STM32CubeIDE/plugins/com.st.stm32cube.ide.mcu.externaltools.gnu-tools-for-stm32.12.3.rel1.win32_1.1.0.202410251130/tools/bin/../lib/gcc/arm-none-eabi/12.3.1/../../../../arm-none-eabi/lib/thumb/v7-m/nofp\libc_nano.a
LOAD I:/STM32CubeIDE_1.14.0/STM32CubeIDE/plugins/com.st.stm32cube.ide.mcu.externaltools.gnu-tools-for-stm32.12.3.rel1.win32_1.1.0.202410251130/tools/bin/../lib/gcc/arm-none-eabi/12.3.1/../../../../arm-none-eabi/lib/thumb/v7-m/nofp\libm.a
END GROUP
START GROUP
LOAD I:/STM32CubeIDE_1.14.0/STM32CubeIDE/plugins/com.st.stm32cube.ide.mcu.externaltools.gnu-tools-for-stm32.12.3.rel1.win32_1.1.0.202410251130/tools/bin/../lib/gcc/arm-none-eabi/12.3.1/thumb/v7-m/nofp\libgcc.a
LOAD I:/STM32CubeIDE_1.14.0/STM32CubeIDE/plugins/com.st.stm32cube.ide.mcu.externaltools.gnu-tools-for-stm32.12.3.rel1.win32_1.1.0.202410251130/tools/bin/../lib/gcc/arm-none-eabi/12.3.1/../../../../arm-none-eabi/lib/thumb/v7-m/nofp\libc_nano.a
END GROUP
START GROUP
LOAD I:/STM32CubeIDE_1.14.0/STM32CubeIDE/plugins/com.st.stm32cube.ide.mcu.externaltools.gnu-tools-for-stm32.12.3.rel1.win32_1.1.0.202410251130/tools/bin/../lib/gcc/arm-none-eabi/12.3.1/thumb/v7-m/nofp\libgcc.a
LOAD I:/STM32CubeIDE_1.14.0/STM32CubeIDE/plugins/com.st.stm32cube.ide.mcu.externaltools.gnu-tools-for-stm32.12.3.rel1.win32_1.1.0.202410251130/tools/bin/../lib/gcc/arm-none-eabi/12.3.1/../../../../arm-none-eabi/lib/thumb/v7-m/nofp\libc_nano.a
LOAD I:/STM32CubeIDE_1.14.0/STM32CubeIDE/plugins/com.st.stm32cube.ide.mcu.externaltools.gnu-tools-for-stm32.12.3.rel1.win32_1.1.0.202410251130/tools/bin/../lib/gcc/arm-none-eabi/12.3.1/../../../../arm-none-eabi/lib/thumb/v7-m/nofp\libnosys.a
END GROUP
START GROUP
LOAD I:/STM32CubeIDE_1.14.0/STM32CubeIDE/plugins/com.st.stm32cube.ide.mcu.externaltools.gnu-tools-for-stm32.12.3.rel1.win32_1.1.0.202410251130/tools/bin/../lib/gcc/arm-none-eabi/12.3.1/thumb/v7-m/nofp\libgcc.a
LOAD I:/STM32CubeIDE_1.14.0/STM32CubeIDE/plugins/com.st.stm32cube.ide.mcu.externaltools.gnu-tools-for-stm32.12.3.rel1.win32_1.1.0.202410251130/tools/bin/../lib/gcc/arm-none-eabi/12.3.1/../../../../arm-none-eabi/lib/thumb/v7-m/nofp\libc_nano.a
LOAD I:/STM32CubeIDE_1.14.0/STM32CubeIDE/plugins/com.st.stm32cube.ide.mcu.externaltools.gnu-tools-for-stm32.12.3.rel1.win32_1.1.0.202410251130/tools/bin/../lib/gcc/arm-none-eabi/12.3.1/../../../../arm-none-eabi/lib/thumb/v7-m/nofp\libnosys.a
END GROUP
LOAD I:/STM32CubeIDE_1.14.0/STM32CubeIDE/plugins/com.st.stm32cube.ide.mcu.externaltools.gnu-tools-for-stm32.12.3.rel1.win32_1.1.0.202410251130/tools/bin/../lib/gcc/arm-none-eabi/12.3.1/thumb/v7-m/nofp/crtend.o
LOAD I:/STM32CubeIDE_1.14.0/STM32CubeIDE/plugins/com.st.stm32cube.ide.mcu.externaltools.gnu-tools-for-stm32.12.3.rel1.win32_1.1.0.202410251130/tools/bin/../lib/gcc/arm-none-eabi/12.3.1/thumb/v7-m/nofp/crtn.o
                0x20005000                        _estack = (ORIGIN (RAM) + LENGTH (RAM))
                0x00000200                        _Min_Heap_Size = 0x200
                0x00000400                        _Min_Stack_Size = 0x400

.isr_vector     0x08000000      0x10c
                0x08000000                        . = ALIGN (0x4)
 *(.isr_vector)
 .isr_vector    0x08000000      0x10c ./Core/Startup/startup_stm32f103c8tx.o
                0x08000000                g_pfnVectors
                0x0800010c                        . = ALIGN (0x4)

.text           0x08000110     0xd100
                0x08000110                        . = ALIGN (0x4)
 *(.text)
 .text          0x08000110       0x40 I:/STM32CubeIDE_1.14.0/STM32CubeIDE/plugins/com.st.stm32cube.ide.mcu.externaltools.gnu-tools-for-stm32.12.3.rel1.win32_1.1.0.202410251130/tools/bin/../lib/gcc/arm-none-eabi/12.3.1/thumb/v7-m/nofp/crtbegin.o
 .text          0x08000150       0x10 I:/STM32CubeIDE_1.14.0/STM32CubeIDE/plugins/com.st.stm32cube.ide.mcu.externaltools.gnu-tools-for-stm32.12.3.rel1.win32_1.1.0.202410251130/tools/bin/../lib/gcc/arm-none-eabi/12.3.1/../../../../arm-none-eabi/lib/thumb/v7-m/nofp\libc_nano.a(libc_a-strlen.o)
                0x08000150                strlen
 .text          0x08000160      0x378 I:/STM32CubeIDE_1.14.0/STM32CubeIDE/plugins/com.st.stm32cube.ide.mcu.externaltools.gnu-tools-for-stm32.12.3.rel1.win32_1.1.0.202410251130/tools/bin/../lib/gcc/arm-none-eabi/12.3.1/thumb/v7-m/nofp\libgcc.a(_arm_addsubdf3.o)
                0x08000160                __aeabi_drsub
                0x08000168                __aeabi_dsub
                0x08000168                __subdf3
                0x0800016c                __aeabi_dadd
                0x0800016c                __adddf3
                0x080003e4                __floatunsidf
                0x080003e4                __aeabi_ui2d
                0x08000404                __floatsidf
                0x08000404                __aeabi_i2d
                0x08000428                __aeabi_f2d
                0x08000428                __extendsfdf2
                0x0800046c                __floatundidf
                0x0800046c                __aeabi_ul2d
                0x0800047c                __floatdidf
                0x0800047c                __aeabi_l2d
 .text          0x080004d8      0x424 I:/STM32CubeIDE_1.14.0/STM32CubeIDE/plugins/com.st.stm32cube.ide.mcu.externaltools.gnu-tools-for-stm32.12.3.rel1.win32_1.1.0.202410251130/tools/bin/../lib/gcc/arm-none-eabi/12.3.1/thumb/v7-m/nofp\libgcc.a(_arm_muldivdf3.o)
                0x080004d8                __aeabi_dmul
                0x080004d8                __muldf3
                0x0800072c                __divdf3
                0x0800072c                __aeabi_ddiv
 .text          0x080008fc      0x110 I:/STM32CubeIDE_1.14.0/STM32CubeIDE/plugins/com.st.stm32cube.ide.mcu.externaltools.gnu-tools-for-stm32.12.3.rel1.win32_1.1.0.202410251130/tools/bin/../lib/gcc/arm-none-eabi/12.3.1/thumb/v7-m/nofp\libgcc.a(_arm_cmpdf2.o)
                0x080008fc                __gtdf2
                0x080008fc                __gedf2
                0x08000904                __ltdf2
                0x08000904                __ledf2
                0x0800090c                __nedf2
                0x0800090c                __eqdf2
                0x0800090c                __cmpdf2
                0x08000988                __aeabi_cdrcmple
                0x08000998                __aeabi_cdcmpeq
                0x08000998                __aeabi_cdcmple
                0x080009a8                __aeabi_dcmpeq
                0x080009bc                __aeabi_dcmplt
                0x080009d0                __aeabi_dcmple
                0x080009e4                __aeabi_dcmpge
                0x080009f8                __aeabi_dcmpgt
 .text          0x08000a0c       0x2c I:/STM32CubeIDE_1.14.0/STM32CubeIDE/plugins/com.st.stm32cube.ide.mcu.externaltools.gnu-tools-for-stm32.12.3.rel1.win32_1.1.0.202410251130/tools/bin/../lib/gcc/arm-none-eabi/12.3.1/thumb/v7-m/nofp\libgcc.a(_arm_unorddf2.o)
                0x08000a0c                __unorddf2
                0x08000a0c                __aeabi_dcmpun
 .text          0x08000a38       0x50 I:/STM32CubeIDE_1.14.0/STM32CubeIDE/plugins/com.st.stm32cube.ide.mcu.externaltools.gnu-tools-for-stm32.12.3.rel1.win32_1.1.0.202410251130/tools/bin/../lib/gcc/arm-none-eabi/12.3.1/thumb/v7-m/nofp\libgcc.a(_arm_fixdfsi.o)
                0x08000a38                __aeabi_d2iz
                0x08000a38                __fixdfsi
 .text          0x08000a88       0x40 I:/STM32CubeIDE_1.14.0/STM32CubeIDE/plugins/com.st.stm32cube.ide.mcu.externaltools.gnu-tools-for-stm32.12.3.rel1.win32_1.1.0.202410251130/tools/bin/../lib/gcc/arm-none-eabi/12.3.1/thumb/v7-m/nofp\libgcc.a(_arm_fixunsdfsi.o)
                0x08000a88                __aeabi_d2uiz
                0x08000a88                __fixunsdfsi
 .text          0x08000ac8      0x21c I:/STM32CubeIDE_1.14.0/STM32CubeIDE/plugins/com.st.stm32cube.ide.mcu.externaltools.gnu-tools-for-stm32.12.3.rel1.win32_1.1.0.202410251130/tools/bin/../lib/gcc/arm-none-eabi/12.3.1/thumb/v7-m/nofp\libgcc.a(_arm_addsubsf3.o)
                0x08000ac8                __aeabi_frsub
                0x08000ad0                __subsf3
                0x08000ad0                __aeabi_fsub
                0x08000ad4                __aeabi_fadd
                0x08000ad4                __addsf3
                0x08000c34                __aeabi_ui2f
                0x08000c34                __floatunsisf
                0x08000c3c                __aeabi_i2f
                0x08000c3c                __floatsisf
                0x08000c58                __aeabi_ul2f
                0x08000c58                __floatundisf
                0x08000c68                __aeabi_l2f
                0x08000c68                __floatdisf
 .text          0x08000ce4      0x2a0 I:/STM32CubeIDE_1.14.0/STM32CubeIDE/plugins/com.st.stm32cube.ide.mcu.externaltools.gnu-tools-for-stm32.12.3.rel1.win32_1.1.0.202410251130/tools/bin/../lib/gcc/arm-none-eabi/12.3.1/thumb/v7-m/nofp\libgcc.a(_arm_muldivsf3.o)
                0x08000ce4                __mulsf3
                0x08000ce4                __aeabi_fmul
                0x08000e4c                __aeabi_fdiv
                0x08000e4c                __divsf3
 .text          0x08000f84       0xec I:/STM32CubeIDE_1.14.0/STM32CubeIDE/plugins/com.st.stm32cube.ide.mcu.externaltools.gnu-tools-for-stm32.12.3.rel1.win32_1.1.0.202410251130/tools/bin/../lib/gcc/arm-none-eabi/12.3.1/thumb/v7-m/nofp\libgcc.a(_arm_cmpsf2.o)
                0x08000f84                __gesf2
                0x08000f84                __gtsf2
                0x08000f8c                __lesf2
                0x08000f8c                __ltsf2
                0x08000f94                __nesf2
                0x08000f94                __eqsf2
                0x08000f94                __cmpsf2
                0x08000ff4                __aeabi_cfrcmple
                0x08000ffc                __aeabi_cfcmpeq
                0x08000ffc                __aeabi_cfcmple
                0x0800100c                __aeabi_fcmpeq
                0x08001020                __aeabi_fcmplt
                0x08001034                __aeabi_fcmple
                0x08001048                __aeabi_fcmpge
                0x0800105c                __aeabi_fcmpgt
 .text          0x08001070       0x4c I:/STM32CubeIDE_1.14.0/STM32CubeIDE/plugins/com.st.stm32cube.ide.mcu.externaltools.gnu-tools-for-stm32.12.3.rel1.win32_1.1.0.202410251130/tools/bin/../lib/gcc/arm-none-eabi/12.3.1/thumb/v7-m/nofp\libgcc.a(_arm_fixsfsi.o)
                0x08001070                __aeabi_f2iz
                0x08001070                __fixsfsi
 *(.text*)
 .text.vApplicationGetIdleTaskMemory
                0x080010bc       0x30 ./Core/Src/freertos.o
                0x080010bc                vApplicationGetIdleTaskMemory
 .text.main     0x080010ec      0x23c ./Core/Src/main.o
                0x080010ec                main
 .text.SystemClock_Config
                0x08001328       0xb6 ./Core/Src/main.o
                0x08001328                SystemClock_Config
 *fill*         0x080013de        0x2 
 .text.MX_ADC1_Init
                0x080013e0       0x98 ./Core/Src/main.o
 .text.MX_SPI1_Init
                0x08001478       0x6c ./Core/Src/main.o
 .text.MX_TIM1_Init
                0x080014e4       0xa4 ./Core/Src/main.o
 .text.MX_TIM2_Init
                0x08001588       0xdc ./Core/Src/main.o
 .text.MX_TIM3_Init
                0x08001664       0xc8 ./Core/Src/main.o
 .text.MX_USART1_UART_Init
                0x0800172c       0x58 ./Core/Src/main.o
 .text.MX_DMA_Init
                0x08001784       0x3c ./Core/Src/main.o
 .text.MX_GPIO_Init
                0x080017c0      0x190 ./Core/Src/main.o
 .text.StartLoRaRx
                0x08001950       0x5c ./Core/Src/main.o
                0x08001950                StartLoRaRx
 .text.StartMotor1_2
                0x080019ac       0xdc ./Core/Src/main.o
                0x080019ac                StartMotor1_2
 .text.Servo_Cam_Steer
                0x08001a88       0x5c ./Core/Src/main.o
                0x08001a88                Servo_Cam_Steer
 .text.StartMotor3
                0x08001ae4       0x70 ./Core/Src/main.o
                0x08001ae4                StartMotor3
 .text.StartVoltProtect
                0x08001b54       0xa8 ./Core/Src/main.o
                0x08001b54                StartVoltProtect
 .text.StartLightSignal
                0x08001bfc       0x3c ./Core/Src/main.o
                0x08001bfc                StartLightSignal
 .text.StartSoundAlarm
                0x08001c38       0x4c ./Core/Src/main.o
                0x08001c38                StartSoundAlarm
 .text.StartDataProtect
                0x08001c84      0x104 ./Core/Src/main.o
                0x08001c84                StartDataProtect
 .text.Error_Handler
                0x08001d88        0xc ./Core/Src/main.o
                0x08001d88                Error_Handler
 .text.HAL_MspInit
                0x08001d94       0x70 ./Core/Src/stm32f1xx_hal_msp.o
                0x08001d94                HAL_MspInit
 .text.HAL_ADC_MspInit
                0x08001e04       0xd0 ./Core/Src/stm32f1xx_hal_msp.o
                0x08001e04                HAL_ADC_MspInit
 .text.HAL_SPI_MspInit
                0x08001ed4       0xb4 ./Core/Src/stm32f1xx_hal_msp.o
                0x08001ed4                HAL_SPI_MspInit
 .text.HAL_TIM_Base_MspInit
                0x08001f88       0x4c ./Core/Src/stm32f1xx_hal_msp.o
                0x08001f88                HAL_TIM_Base_MspInit
 .text.HAL_TIM_PWM_MspInit
                0x08001fd4       0x60 ./Core/Src/stm32f1xx_hal_msp.o
                0x08001fd4                HAL_TIM_PWM_MspInit
 .text.HAL_TIM_MspPostInit
                0x08002034       0xa0 ./Core/Src/stm32f1xx_hal_msp.o
                0x08002034                HAL_TIM_MspPostInit
 .text.HAL_UART_MspInit
                0x080020d4       0xa8 ./Core/Src/stm32f1xx_hal_msp.o
                0x080020d4                HAL_UART_MspInit
 .text.NMI_Handler
                0x0800217c        0x8 ./Core/Src/stm32f1xx_it.o
                0x0800217c                NMI_Handler
 .text.HardFault_Handler
                0x08002184        0x8 ./Core/Src/stm32f1xx_it.o
                0x08002184                HardFault_Handler
 .text.MemManage_Handler
                0x0800218c        0x8 ./Core/Src/stm32f1xx_it.o
                0x0800218c                MemManage_Handler
 .text.BusFault_Handler
                0x08002194        0x8 ./Core/Src/stm32f1xx_it.o
                0x08002194                BusFault_Handler
 .text.UsageFault_Handler
                0x0800219c        0x8 ./Core/Src/stm32f1xx_it.o
                0x0800219c                UsageFault_Handler
 .text.DebugMon_Handler
                0x080021a4        0xc ./Core/Src/stm32f1xx_it.o
                0x080021a4                DebugMon_Handler
 .text.SysTick_Handler
                0x080021b0       0x1a ./Core/Src/stm32f1xx_it.o
                0x080021b0                SysTick_Handler
 *fill*         0x080021ca        0x2 
 .text.DMA1_Channel1_IRQHandler
                0x080021cc       0x14 ./Core/Src/stm32f1xx_it.o
                0x080021cc                DMA1_Channel1_IRQHandler
 .text.EXTI9_5_IRQHandler
                0x080021e0        0xe ./Core/Src/stm32f1xx_it.o
                0x080021e0                EXTI9_5_IRQHandler
 *fill*         0x080021ee        0x2 
 .text.TIM1_UP_IRQHandler
                0x080021f0       0x14 ./Core/Src/stm32f1xx_it.o
                0x080021f0                TIM1_UP_IRQHandler
 .text.USART1_IRQHandler
                0x08002204       0x14 ./Core/Src/stm32f1xx_it.o
                0x08002204                USART1_IRQHandler
 .text._getpid  0x08002218        0xe ./Core/Src/syscalls.o
                0x08002218                _getpid
 .text._kill    0x08002226       0x20 ./Core/Src/syscalls.o
                0x08002226                _kill
 .text._exit    0x08002246       0x16 ./Core/Src/syscalls.o
                0x08002246                _exit
 .text._read    0x0800225c       0x3a ./Core/Src/syscalls.o
                0x0800225c                _read
 .text._write   0x08002296       0x38 ./Core/Src/syscalls.o
                0x08002296                _write
 .text._close   0x080022ce       0x16 ./Core/Src/syscalls.o
                0x080022ce                _close
 .text._fstat   0x080022e4       0x1e ./Core/Src/syscalls.o
                0x080022e4                _fstat
 .text._isatty  0x08002302       0x14 ./Core/Src/syscalls.o
                0x08002302                _isatty
 .text._lseek   0x08002316       0x18 ./Core/Src/syscalls.o
                0x08002316                _lseek
 *fill*         0x0800232e        0x2 
 .text._sbrk    0x08002330       0x6c ./Core/Src/sysmem.o
                0x08002330                _sbrk
 .text.SystemInit
                0x0800239c        0xc ./Core/Src/system_stm32f1xx.o
                0x0800239c                SystemInit
 .text.Reset_Handler
                0x080023a8       0x48 ./Core/Startup/startup_stm32f103c8tx.o
                0x080023a8                Reset_Handler
 .text.Default_Handler
                0x080023f0        0x2 ./Core/Startup/startup_stm32f103c8tx.o
                0x080023f0                RTC_Alarm_IRQHandler
                0x080023f0                EXTI2_IRQHandler
                0x080023f0                TIM1_CC_IRQHandler
                0x080023f0                PVD_IRQHandler
                0x080023f0                EXTI3_IRQHandler
                0x080023f0                EXTI0_IRQHandler
                0x080023f0                I2C2_EV_IRQHandler
                0x080023f0                ADC1_2_IRQHandler
                0x080023f0                SPI1_IRQHandler
                0x080023f0                TAMPER_IRQHandler
                0x080023f0                DMA1_Channel4_IRQHandler
                0x080023f0                USART3_IRQHandler
                0x080023f0                RTC_IRQHandler
                0x080023f0                DMA1_Channel7_IRQHandler
                0x080023f0                CAN1_RX1_IRQHandler
                0x080023f0                TIM4_IRQHandler
                0x080023f0                I2C1_EV_IRQHandler
                0x080023f0                DMA1_Channel6_IRQHandler
                0x080023f0                TIM3_IRQHandler
                0x080023f0                RCC_IRQHandler
                0x080023f0                TIM1_TRG_COM_IRQHandler
                0x080023f0                Default_Handler
                0x080023f0                EXTI15_10_IRQHandler
                0x080023f0                SPI2_IRQHandler
                0x080023f0                DMA1_Channel5_IRQHandler
                0x080023f0                EXTI4_IRQHandler
                0x080023f0                USB_LP_CAN1_RX0_IRQHandler
                0x080023f0                USB_HP_CAN1_TX_IRQHandler
                0x080023f0                DMA1_Channel3_IRQHandler
                0x080023f0                WWDG_IRQHandler
                0x080023f0                TIM2_IRQHandler
                0x080023f0                TIM1_BRK_IRQHandler
                0x080023f0                EXTI1_IRQHandler
                0x080023f0                USART2_IRQHandler
                0x080023f0                I2C2_ER_IRQHandler
                0x080023f0                DMA1_Channel2_IRQHandler
                0x080023f0                CAN1_SCE_IRQHandler
                0x080023f0                FLASH_IRQHandler
                0x080023f0                I2C1_ER_IRQHandler
                0x080023f0                USBWakeUp_IRQHandler
 *fill*         0x080023f2        0x2 
 .text.StartMeasure
                0x080023f4       0x20 ./Drivers/ADC_LoadCell/ADC_LoadCell.o
                0x080023f4                StartMeasure
 .text.VoltageCalc
                0x08002414       0x68 ./Drivers/ADC_LoadCell/ADC_LoadCell.o
                0x08002414                VoltageCalc
 .text.HAL_ADC_ConvCpltCallback
                0x0800247c       0x38 ./Drivers/ADC_LoadCell/ADC_LoadCell.o
                0x0800247c                HAL_ADC_ConvCpltCallback
 .text.DC_Control
                0x080024b4       0xa8 ./Drivers/BrushedDC/BrushedDC.o
                0x080024b4                DC_Control
 .text.Engine_Control
                0x0800255c       0x6c ./Drivers/BrushedDC/BrushedDC.o
                0x0800255c                Engine_Control
 .text.Engine1_Control
                0x080025c8       0x5c ./Drivers/BrushedDC/BrushedDC.o
                0x080025c8                Engine1_Control
 .text.AccelerationIncr
                0x08002624       0x3a ./Drivers/BrushedDC/BrushedDC.o
                0x08002624                AccelerationIncr
 *fill*         0x0800265e        0x2 
 .text.HAL_GPIO_EXTI_Callback
                0x08002660       0x58 ./Drivers/ChaeburatorIT_Proc/ChaeburatorIT_Proc.o
                0x08002660                HAL_GPIO_EXTI_Callback
 .text.CalcRxCommands
                0x080026b8      0x118 ./Drivers/ChaeburatorIT_Proc/ChaeburatorIT_Proc.o
                0x080026b8                CalcRxCommands
 .text.CheckRange
                0x080027d0       0x40 ./Drivers/ChaeburatorIT_Proc/ChaeburatorIT_Proc.o
                0x080027d0                CheckRange
 .text.ZeroCommArr
                0x08002810       0x64 ./Drivers/ChaeburatorIT_Proc/ChaeburatorIT_Proc.o
                0x08002810                ZeroCommArr
 .text.CheckBatVolt
                0x08002874       0x40 ./Drivers/ChaeburatorIT_Proc/ChaeburatorIT_Proc.o
                0x08002874                CheckBatVolt
 .text.Caution  0x080028b4       0x18 ./Drivers/ChaeburatorIT_Proc/ChaeburatorIT_Proc.o
                0x080028b4                Caution
 .text.EmergMode
                0x080028cc       0x54 ./Drivers/ChaeburatorIT_Proc/ChaeburatorIT_Proc.o
                0x080028cc                EmergMode
 .text.HAL_Init
                0x08002920       0x2c ./Drivers/STM32F1xx_HAL_Driver/Src/stm32f1xx_hal.o
                0x08002920                HAL_Init
 .text.HAL_InitTick
                0x0800294c       0x60 ./Drivers/STM32F1xx_HAL_Driver/Src/stm32f1xx_hal.o
                0x0800294c                HAL_InitTick
 .text.HAL_IncTick
                0x080029ac       0x24 ./Drivers/STM32F1xx_HAL_Driver/Src/stm32f1xx_hal.o
                0x080029ac                HAL_IncTick
 .text.HAL_GetTick
                0x080029d0       0x14 ./Drivers/STM32F1xx_HAL_Driver/Src/stm32f1xx_hal.o
                0x080029d0                HAL_GetTick
 .text.HAL_Delay
                0x080029e4       0x48 ./Drivers/STM32F1xx_HAL_Driver/Src/stm32f1xx_hal.o
                0x080029e4                HAL_Delay
 .text.HAL_ADC_Init
                0x08002a2c      0x1b0 ./Drivers/STM32F1xx_HAL_Driver/Src/stm32f1xx_hal_adc.o
                0x08002a2c                HAL_ADC_Init
 .text.HAL_ADC_Start_DMA
                0x08002bdc      0x1bc ./Drivers/STM32F1xx_HAL_Driver/Src/stm32f1xx_hal_adc.o
                0x08002bdc                HAL_ADC_Start_DMA
 .text.HAL_ADC_Stop_DMA
                0x08002d98       0x98 ./Drivers/STM32F1xx_HAL_Driver/Src/stm32f1xx_hal_adc.o
                0x08002d98                HAL_ADC_Stop_DMA
 .text.HAL_ADC_ConvHalfCpltCallback
                0x08002e30       0x12 ./Drivers/STM32F1xx_HAL_Driver/Src/stm32f1xx_hal_adc.o
                0x08002e30                HAL_ADC_ConvHalfCpltCallback
 .text.HAL_ADC_ErrorCallback
                0x08002e42       0x12 ./Drivers/STM32F1xx_HAL_Driver/Src/stm32f1xx_hal_adc.o
                0x08002e42                HAL_ADC_ErrorCallback
 .text.HAL_ADC_ConfigChannel
                0x08002e54      0x1f0 ./Drivers/STM32F1xx_HAL_Driver/Src/stm32f1xx_hal_adc.o
                0x08002e54                HAL_ADC_ConfigChannel
 .text.ADC_Enable
                0x08003044       0xb4 ./Drivers/STM32F1xx_HAL_Driver/Src/stm32f1xx_hal_adc.o
                0x08003044                ADC_Enable
 .text.ADC_ConversionStop_Disable
                0x080030f8       0x82 ./Drivers/STM32F1xx_HAL_Driver/Src/stm32f1xx_hal_adc.o
                0x080030f8                ADC_ConversionStop_Disable
 .text.ADC_DMAConvCplt
                0x0800317a       0x7c ./Drivers/STM32F1xx_HAL_Driver/Src/stm32f1xx_hal_adc.o
                0x0800317a                ADC_DMAConvCplt
 .text.ADC_DMAHalfConvCplt
                0x080031f6       0x1c ./Drivers/STM32F1xx_HAL_Driver/Src/stm32f1xx_hal_adc.o
                0x080031f6                ADC_DMAHalfConvCplt
 .text.ADC_DMAError
                0x08003212       0x34 ./Drivers/STM32F1xx_HAL_Driver/Src/stm32f1xx_hal_adc.o
                0x08003212                ADC_DMAError
 *fill*         0x08003246        0x2 
 .text.HAL_ADCEx_Calibration_Start
                0x08003248      0x15c ./Drivers/STM32F1xx_HAL_Driver/Src/stm32f1xx_hal_adc_ex.o
                0x08003248                HAL_ADCEx_Calibration_Start
 .text.__NVIC_SetPriorityGrouping
                0x080033a4       0x48 ./Drivers/STM32F1xx_HAL_Driver/Src/stm32f1xx_hal_cortex.o
 .text.__NVIC_GetPriorityGrouping
                0x080033ec       0x1c ./Drivers/STM32F1xx_HAL_Driver/Src/stm32f1xx_hal_cortex.o
 .text.__NVIC_EnableIRQ
                0x08003408       0x38 ./Drivers/STM32F1xx_HAL_Driver/Src/stm32f1xx_hal_cortex.o
 .text.__NVIC_SetPriority
                0x08003440       0x54 ./Drivers/STM32F1xx_HAL_Driver/Src/stm32f1xx_hal_cortex.o
 .text.NVIC_EncodePriority
                0x08003494       0x64 ./Drivers/STM32F1xx_HAL_Driver/Src/stm32f1xx_hal_cortex.o
 .text.SysTick_Config
                0x080034f8       0x44 ./Drivers/STM32F1xx_HAL_Driver/Src/stm32f1xx_hal_cortex.o
 .text.HAL_NVIC_SetPriorityGrouping
                0x0800353c       0x16 ./Drivers/STM32F1xx_HAL_Driver/Src/stm32f1xx_hal_cortex.o
                0x0800353c                HAL_NVIC_SetPriorityGrouping
 .text.HAL_NVIC_SetPriority
                0x08003552       0x38 ./Drivers/STM32F1xx_HAL_Driver/Src/stm32f1xx_hal_cortex.o
                0x08003552                HAL_NVIC_SetPriority
 .text.HAL_NVIC_EnableIRQ
                0x0800358a       0x1c ./Drivers/STM32F1xx_HAL_Driver/Src/stm32f1xx_hal_cortex.o
                0x0800358a                HAL_NVIC_EnableIRQ
 .text.HAL_SYSTICK_Config
                0x080035a6       0x18 ./Drivers/STM32F1xx_HAL_Driver/Src/stm32f1xx_hal_cortex.o
                0x080035a6                HAL_SYSTICK_Config
 *fill*         0x080035be        0x2 
 .text.HAL_DMA_Init
                0x080035c0       0xb4 ./Drivers/STM32F1xx_HAL_Driver/Src/stm32f1xx_hal_dma.o
                0x080035c0                HAL_DMA_Init
 .text.HAL_DMA_Start_IT
                0x08003674       0xc0 ./Drivers/STM32F1xx_HAL_Driver/Src/stm32f1xx_hal_dma.o
                0x08003674                HAL_DMA_Start_IT
 .text.HAL_DMA_Abort
                0x08003734       0x76 ./Drivers/STM32F1xx_HAL_Driver/Src/stm32f1xx_hal_dma.o
                0x08003734                HAL_DMA_Abort
 *fill*         0x080037aa        0x2 
 .text.HAL_DMA_Abort_IT
                0x080037ac       0xf0 ./Drivers/STM32F1xx_HAL_Driver/Src/stm32f1xx_hal_dma.o
                0x080037ac                HAL_DMA_Abort_IT
 .text.HAL_DMA_IRQHandler
                0x0800389c      0x20c ./Drivers/STM32F1xx_HAL_Driver/Src/stm32f1xx_hal_dma.o
                0x0800389c                HAL_DMA_IRQHandler
 .text.DMA_SetConfig
                0x08003aa8       0x5a ./Drivers/STM32F1xx_HAL_Driver/Src/stm32f1xx_hal_dma.o
 *fill*         0x08003b02        0x2 
 .text.HAL_GPIO_Init
                0x08003b04      0x308 ./Drivers/STM32F1xx_HAL_Driver/Src/stm32f1xx_hal_gpio.o
                0x08003b04                HAL_GPIO_Init
 .text.HAL_GPIO_WritePin
                0x08003e0c       0x30 ./Drivers/STM32F1xx_HAL_Driver/Src/stm32f1xx_hal_gpio.o
                0x08003e0c                HAL_GPIO_WritePin
 .text.HAL_GPIO_TogglePin
                0x08003e3c       0x32 ./Drivers/STM32F1xx_HAL_Driver/Src/stm32f1xx_hal_gpio.o
                0x08003e3c                HAL_GPIO_TogglePin
 *fill*         0x08003e6e        0x2 
 .text.HAL_GPIO_EXTI_IRQHandler
                0x08003e70       0x30 ./Drivers/STM32F1xx_HAL_Driver/Src/stm32f1xx_hal_gpio.o
                0x08003e70                HAL_GPIO_EXTI_IRQHandler
 .text.HAL_RCC_OscConfig
                0x08003ea0      0x504 ./Drivers/STM32F1xx_HAL_Driver/Src/stm32f1xx_hal_rcc.o
                0x08003ea0                HAL_RCC_OscConfig
 .text.HAL_RCC_ClockConfig
                0x080043a4      0x1d4 ./Drivers/STM32F1xx_HAL_Driver/Src/stm32f1xx_hal_rcc.o
                0x080043a4                HAL_RCC_ClockConfig
 .text.HAL_RCC_GetSysClockFreq
                0x08004578       0xa8 ./Drivers/STM32F1xx_HAL_Driver/Src/stm32f1xx_hal_rcc.o
                0x08004578                HAL_RCC_GetSysClockFreq
 .text.HAL_RCC_GetHCLKFreq
                0x08004620       0x14 ./Drivers/STM32F1xx_HAL_Driver/Src/stm32f1xx_hal_rcc.o
                0x08004620                HAL_RCC_GetHCLKFreq
 .text.HAL_RCC_GetPCLK1Freq
                0x08004634       0x28 ./Drivers/STM32F1xx_HAL_Driver/Src/stm32f1xx_hal_rcc.o
                0x08004634                HAL_RCC_GetPCLK1Freq
 .text.HAL_RCC_GetPCLK2Freq
                0x0800465c       0x28 ./Drivers/STM32F1xx_HAL_Driver/Src/stm32f1xx_hal_rcc.o
                0x0800465c                HAL_RCC_GetPCLK2Freq
 .text.RCC_Delay
                0x08004684       0x3c ./Drivers/STM32F1xx_HAL_Driver/Src/stm32f1xx_hal_rcc.o
 .text.HAL_RCCEx_PeriphCLKConfig
                0x080046c0      0x16c ./Drivers/STM32F1xx_HAL_Driver/Src/stm32f1xx_hal_rcc_ex.o
                0x080046c0                HAL_RCCEx_PeriphCLKConfig
 .text.HAL_RCCEx_GetPeriphCLKFreq
                0x0800482c      0x16c ./Drivers/STM32F1xx_HAL_Driver/Src/stm32f1xx_hal_rcc_ex.o
                0x0800482c                HAL_RCCEx_GetPeriphCLKFreq
 .text.HAL_SPI_Init
                0x08004998      0x108 ./Drivers/STM32F1xx_HAL_Driver/Src/stm32f1xx_hal_spi.o
                0x08004998                HAL_SPI_Init
 .text.HAL_SPI_Transmit
                0x08004aa0      0x288 ./Drivers/STM32F1xx_HAL_Driver/Src/stm32f1xx_hal_spi.o
                0x08004aa0                HAL_SPI_Transmit
 .text.HAL_SPI_Receive
                0x08004d28      0x232 ./Drivers/STM32F1xx_HAL_Driver/Src/stm32f1xx_hal_spi.o
                0x08004d28                HAL_SPI_Receive
 .text.HAL_SPI_TransmitReceive
                0x08004f5a      0x352 ./Drivers/STM32F1xx_HAL_Driver/Src/stm32f1xx_hal_spi.o
                0x08004f5a                HAL_SPI_TransmitReceive
 .text.SPI_WaitFlagStateUntilTimeout
                0x080052ac      0x110 ./Drivers/STM32F1xx_HAL_Driver/Src/stm32f1xx_hal_spi.o
 .text.SPI_EndRxTransaction
                0x080053bc       0xa4 ./Drivers/STM32F1xx_HAL_Driver/Src/stm32f1xx_hal_spi.o
 .text.SPI_EndRxTxTransaction
                0x08005460       0x62 ./Drivers/STM32F1xx_HAL_Driver/Src/stm32f1xx_hal_spi.o
 .text.HAL_TIM_Base_Init
                0x080054c2       0x9e ./Drivers/STM32F1xx_HAL_Driver/Src/stm32f1xx_hal_tim.o
                0x080054c2                HAL_TIM_Base_Init
 .text.HAL_TIM_PWM_Init
                0x08005560       0x9e ./Drivers/STM32F1xx_HAL_Driver/Src/stm32f1xx_hal_tim.o
                0x08005560                HAL_TIM_PWM_Init
 *fill*         0x080055fe        0x2 
 .text.HAL_TIM_PWM_Start
                0x08005600      0x144 ./Drivers/STM32F1xx_HAL_Driver/Src/stm32f1xx_hal_tim.o
                0x08005600                HAL_TIM_PWM_Start
 .text.HAL_TIM_IRQHandler
                0x08005744      0x1e0 ./Drivers/STM32F1xx_HAL_Driver/Src/stm32f1xx_hal_tim.o
                0x08005744                HAL_TIM_IRQHandler
 .text.HAL_TIM_PWM_ConfigChannel
                0x08005924      0x184 ./Drivers/STM32F1xx_HAL_Driver/Src/stm32f1xx_hal_tim.o
                0x08005924                HAL_TIM_PWM_ConfigChannel
 .text.HAL_TIM_ConfigClockSource
                0x08005aa8      0x18e ./Drivers/STM32F1xx_HAL_Driver/Src/stm32f1xx_hal_tim.o
                0x08005aa8                HAL_TIM_ConfigClockSource
 .text.HAL_TIM_PeriodElapsedCallback
                0x08005c36       0x12 ./Drivers/STM32F1xx_HAL_Driver/Src/stm32f1xx_hal_tim.o
                0x08005c36                HAL_TIM_PeriodElapsedCallback
 .text.HAL_TIM_OC_DelayElapsedCallback
                0x08005c48       0x12 ./Drivers/STM32F1xx_HAL_Driver/Src/stm32f1xx_hal_tim.o
                0x08005c48                HAL_TIM_OC_DelayElapsedCallback
 .text.HAL_TIM_IC_CaptureCallback
                0x08005c5a       0x12 ./Drivers/STM32F1xx_HAL_Driver/Src/stm32f1xx_hal_tim.o
                0x08005c5a                HAL_TIM_IC_CaptureCallback
 .text.HAL_TIM_PWM_PulseFinishedCallback
                0x08005c6c       0x12 ./Drivers/STM32F1xx_HAL_Driver/Src/stm32f1xx_hal_tim.o
                0x08005c6c                HAL_TIM_PWM_PulseFinishedCallback
 .text.HAL_TIM_TriggerCallback
                0x08005c7e       0x12 ./Drivers/STM32F1xx_HAL_Driver/Src/stm32f1xx_hal_tim.o
                0x08005c7e                HAL_TIM_TriggerCallback
 .text.TIM_Base_SetConfig
                0x08005c90       0xdc ./Drivers/STM32F1xx_HAL_Driver/Src/stm32f1xx_hal_tim.o
                0x08005c90                TIM_Base_SetConfig
 .text.TIM_OC1_SetConfig
                0x08005d6c       0xcc ./Drivers/STM32F1xx_HAL_Driver/Src/stm32f1xx_hal_tim.o
 .text.TIM_OC2_SetConfig
                0x08005e38       0xd4 ./Drivers/STM32F1xx_HAL_Driver/Src/stm32f1xx_hal_tim.o
                0x08005e38                TIM_OC2_SetConfig
 .text.TIM_OC3_SetConfig
                0x08005f0c       0xd4 ./Drivers/STM32F1xx_HAL_Driver/Src/stm32f1xx_hal_tim.o
 .text.TIM_OC4_SetConfig
                0x08005fe0       0x9c ./Drivers/STM32F1xx_HAL_Driver/Src/stm32f1xx_hal_tim.o
 .text.TIM_TI1_ConfigInputStage
                0x0800607c       0x5c ./Drivers/STM32F1xx_HAL_Driver/Src/stm32f1xx_hal_tim.o
 .text.TIM_TI2_ConfigInputStage
                0x080060d8       0x5e ./Drivers/STM32F1xx_HAL_Driver/Src/stm32f1xx_hal_tim.o
 .text.TIM_ITRx_SetConfig
                0x08006136       0x34 ./Drivers/STM32F1xx_HAL_Driver/Src/stm32f1xx_hal_tim.o
 .text.TIM_ETR_SetConfig
                0x0800616a       0x3e ./Drivers/STM32F1xx_HAL_Driver/Src/stm32f1xx_hal_tim.o
                0x0800616a                TIM_ETR_SetConfig
 .text.TIM_CCxChannelCmd
                0x080061a8       0x48 ./Drivers/STM32F1xx_HAL_Driver/Src/stm32f1xx_hal_tim.o
                0x080061a8                TIM_CCxChannelCmd
 .text.HAL_TIMEx_MasterConfigSynchronization
                0x080061f0       0xbc ./Drivers/STM32F1xx_HAL_Driver/Src/stm32f1xx_hal_tim_ex.o
                0x080061f0                HAL_TIMEx_MasterConfigSynchronization
 .text.HAL_TIMEx_CommutCallback
                0x080062ac       0x12 ./Drivers/STM32F1xx_HAL_Driver/Src/stm32f1xx_hal_tim_ex.o
                0x080062ac                HAL_TIMEx_CommutCallback
 .text.HAL_TIMEx_BreakCallback
                0x080062be       0x12 ./Drivers/STM32F1xx_HAL_Driver/Src/stm32f1xx_hal_tim_ex.o
                0x080062be                HAL_TIMEx_BreakCallback
 .text.HAL_UART_Init
                0x080062d0       0xa0 ./Drivers/STM32F1xx_HAL_Driver/Src/stm32f1xx_hal_uart.o
                0x080062d0                HAL_UART_Init
 .text.HAL_UART_Receive_IT
                0x08006370       0x4a ./Drivers/STM32F1xx_HAL_Driver/Src/stm32f1xx_hal_uart.o
                0x08006370                HAL_UART_Receive_IT
 *fill*         0x080063ba        0x2 
 .text.HAL_UART_IRQHandler
                0x080063bc      0x524 ./Drivers/STM32F1xx_HAL_Driver/Src/stm32f1xx_hal_uart.o
                0x080063bc                HAL_UART_IRQHandler
 .text.HAL_UART_TxCpltCallback
                0x080068e0       0x12 ./Drivers/STM32F1xx_HAL_Driver/Src/stm32f1xx_hal_uart.o
                0x080068e0                HAL_UART_TxCpltCallback
 .text.HAL_UART_ErrorCallback
                0x080068f2       0x12 ./Drivers/STM32F1xx_HAL_Driver/Src/stm32f1xx_hal_uart.o
                0x080068f2                HAL_UART_ErrorCallback
 .text.HAL_UARTEx_RxEventCallback
                0x08006904       0x16 ./Drivers/STM32F1xx_HAL_Driver/Src/stm32f1xx_hal_uart.o
                0x08006904                HAL_UARTEx_RxEventCallback
 .text.UART_Start_Receive_IT
                0x0800691a       0x72 ./Drivers/STM32F1xx_HAL_Driver/Src/stm32f1xx_hal_uart.o
                0x0800691a                UART_Start_Receive_IT
 .text.UART_EndRxTransfer
                0x0800698c       0xc4 ./Drivers/STM32F1xx_HAL_Driver/Src/stm32f1xx_hal_uart.o
 .text.UART_DMAAbortOnError
                0x08006a50       0x28 ./Drivers/STM32F1xx_HAL_Driver/Src/stm32f1xx_hal_uart.o
 .text.UART_Transmit_IT
                0x08006a78       0x9e ./Drivers/STM32F1xx_HAL_Driver/Src/stm32f1xx_hal_uart.o
 .text.UART_EndTransmit_IT
                0x08006b16       0x30 ./Drivers/STM32F1xx_HAL_Driver/Src/stm32f1xx_hal_uart.o
 .text.UART_Receive_IT
                0x08006b46      0x17c ./Drivers/STM32F1xx_HAL_Driver/Src/stm32f1xx_hal_uart.o
 *fill*         0x08006cc2        0x2 
 .text.UART_SetConfig
                0x08006cc4      0x11c ./Drivers/STM32F1xx_HAL_Driver/Src/stm32f1xx_hal_uart.o
 .text.InitRxContLoRa
                0x08006de0       0x68 ./Drivers/SX12xxDrivers-V2.1.0/src/RxTx/DataProcess.o
                0x08006de0                InitRxContLoRa
 .text.StartRxContLoRa
                0x08006e48       0x44 ./Drivers/SX12xxDrivers-V2.1.0/src/RxTx/DataProcess.o
                0x08006e48                StartRxContLoRa
 .text.RxContLoRaCmpl
                0x08006e8c       0xc8 ./Drivers/SX12xxDrivers-V2.1.0/src/RxTx/DataProcess.o
                0x08006e8c                RxContLoRaCmpl
 .text.SpiInOut
                0x08006f54       0x2c ./Drivers/SX12xxDrivers-V2.1.0/src/radio/spi.o
                0x08006f54                SpiInOut
 .text.SpiReceive
                0x08006f80       0x2c ./Drivers/SX12xxDrivers-V2.1.0/src/radio/spi.o
                0x08006f80                SpiReceive
 .text.SX1276SetReset
                0x08006fac       0x34 ./Drivers/SX12xxDrivers-V2.1.0/src/radio/sx1276-Hal.o
                0x08006fac                SX1276SetReset
 .text.SX1276Write
                0x08006fe0       0x24 ./Drivers/SX12xxDrivers-V2.1.0/src/radio/sx1276-Hal.o
                0x08006fe0                SX1276Write
 .text.SX1276WriteBuffer
                0x08007004       0x54 ./Drivers/SX12xxDrivers-V2.1.0/src/radio/sx1276-Hal.o
                0x08007004                SX1276WriteBuffer
 .text.SX1276ReadBuffer
                0x08007058       0x54 ./Drivers/SX12xxDrivers-V2.1.0/src/radio/sx1276-Hal.o
                0x08007058                SX1276ReadBuffer
 .text.SX1276Read
                0x080070ac       0x20 ./Drivers/SX12xxDrivers-V2.1.0/src/radio/sx1276-Hal.o
                0x080070ac                SX1276Read
 *fill*         0x080070cc        0x4 
 .text.SX1276LoRaSetRFFrequency
                0x080070d0       0x78 ./Drivers/SX12xxDrivers-V2.1.0/src/radio/sx1276-LoRaMisk.o
                0x080070d0                SX1276LoRaSetRFFrequency
 .text.SX1276LoRaSetSpreadingFactor
                0x08007148       0x88 ./Drivers/SX12xxDrivers-V2.1.0/src/radio/sx1276-LoRaMisk.o
                0x08007148                SX1276LoRaSetSpreadingFactor
 .text.SX1276LoRaSetNbTrigPeaks
                0x080071d0       0x58 ./Drivers/SX12xxDrivers-V2.1.0/src/radio/sx1276-LoRaMisk.o
                0x080071d0                SX1276LoRaSetNbTrigPeaks
 .text.SX1276LoRaSetErrorCoding
                0x08007228       0x5c ./Drivers/SX12xxDrivers-V2.1.0/src/radio/sx1276-LoRaMisk.o
                0x08007228                SX1276LoRaSetErrorCoding
 .text.SX1276LoRaSetPacketCrcOn
                0x08007284       0x5c ./Drivers/SX12xxDrivers-V2.1.0/src/radio/sx1276-LoRaMisk.o
                0x08007284                SX1276LoRaSetPacketCrcOn
 .text.SX1276LoRaSetSignalBandwidth
                0x080072e0       0x5c ./Drivers/SX12xxDrivers-V2.1.0/src/radio/sx1276-LoRaMisk.o
                0x080072e0                SX1276LoRaSetSignalBandwidth
 .text.SX1276LoRaSetImplicitHeaderOn
                0x0800733c       0x5c ./Drivers/SX12xxDrivers-V2.1.0/src/radio/sx1276-LoRaMisk.o
                0x0800733c                SX1276LoRaSetImplicitHeaderOn
 .text.SX1276LoRaSetSymbTimeout
                0x08007398       0x68 ./Drivers/SX12xxDrivers-V2.1.0/src/radio/sx1276-LoRaMisk.o
                0x08007398                SX1276LoRaSetSymbTimeout
 .text.SX1276LoRaSetPayloadLength
                0x08007400       0x3c ./Drivers/SX12xxDrivers-V2.1.0/src/radio/sx1276-LoRaMisk.o
                0x08007400                SX1276LoRaSetPayloadLength
 .text.SX1276LoRaSetLowDatarateOptimize
                0x0800743c       0x58 ./Drivers/SX12xxDrivers-V2.1.0/src/radio/sx1276-LoRaMisk.o
                0x0800743c                SX1276LoRaSetLowDatarateOptimize
 .text.SX1276LoRaSetPAOutput
                0x08007494       0x50 ./Drivers/SX12xxDrivers-V2.1.0/src/radio/sx1276-LoRaMisk.o
                0x08007494                SX1276LoRaSetPAOutput
 .text.SX1276LoRaSetPa20dBm
                0x080074e4       0x6c ./Drivers/SX12xxDrivers-V2.1.0/src/radio/sx1276-LoRaMisk.o
                0x080074e4                SX1276LoRaSetPa20dBm
 .text.SX1276LoRaSetRFPower
                0x08007550      0x164 ./Drivers/SX12xxDrivers-V2.1.0/src/radio/sx1276-LoRaMisk.o
                0x08007550                SX1276LoRaSetRFPower
 .text.SX1276LoRaInit
                0x080076b4       0xdc ./Drivers/SX12xxDrivers-V2.1.0/src/radio/sx1276-Lora.o
                0x080076b4                SX1276LoRaInit
 .text.SX1276LoRaSetDefaults
                0x08007790       0x1c ./Drivers/SX12xxDrivers-V2.1.0/src/radio/sx1276-Lora.o
                0x08007790                SX1276LoRaSetDefaults
 .text.SX1276Init
                0x080077ac       0x34 ./Drivers/SX12xxDrivers-V2.1.0/src/radio/sx1276.o
                0x080077ac                SX1276Init
 .text.SX1276Reset
                0x080077e0       0x20 ./Drivers/SX12xxDrivers-V2.1.0/src/radio/sx1276.o
                0x080077e0                SX1276Reset
 .text.SX1276SetLoRaOn
                0x08007800       0xcc ./Drivers/SX12xxDrivers-V2.1.0/src/radio/sx1276.o
                0x08007800                SX1276SetLoRaOn
 .text.SX1276LoRaSetOpMode
                0x080078cc       0x88 ./Drivers/SX12xxDrivers-V2.1.0/src/radio/sx1276.o
                0x080078cc                SX1276LoRaSetOpMode
 .text.ServoStartInit
                0x08007954       0x84 ./Drivers/Servo/Servo.o
                0x08007954                ServoStartInit
 .text.ServRot  0x080079d8       0xa0 ./Drivers/Servo/Servo.o
                0x080079d8                ServRot
 .text.HAL_UART_RxCpltCallback
                0x08007a78       0x4c ./Drivers/UART_Terminal/UART_Terminal.o
                0x08007a78                HAL_UART_RxCpltCallback
 .text.makeFreeRtosPriority
                0x08007ac4       0x2e ./Middlewares/Third_Party/FreeRTOS/Source/CMSIS_RTOS/cmsis_os.o
 .text.inHandlerMode
                0x08007af2       0x22 ./Middlewares/Third_Party/FreeRTOS/Source/CMSIS_RTOS/cmsis_os.o
 .text.osKernelStart
                0x08007b14        0xe ./Middlewares/Third_Party/FreeRTOS/Source/CMSIS_RTOS/cmsis_os.o
                0x08007b14                osKernelStart
 .text.osThreadCreate
                0x08007b22       0x98 ./Middlewares/Third_Party/FreeRTOS/Source/CMSIS_RTOS/cmsis_os.o
                0x08007b22                osThreadCreate
 .text.osDelay  0x08007bba       0x28 ./Middlewares/Third_Party/FreeRTOS/Source/CMSIS_RTOS/cmsis_os.o
                0x08007bba                osDelay
 .text.osSemaphoreCreate
                0x08007be2       0x64 ./Middlewares/Third_Party/FreeRTOS/Source/CMSIS_RTOS/cmsis_os.o
                0x08007be2                osSemaphoreCreate
 *fill*         0x08007c46        0x2 
 .text.osSemaphoreWait
                0x08007c48       0x9c ./Middlewares/Third_Party/FreeRTOS/Source/CMSIS_RTOS/cmsis_os.o
                0x08007c48                osSemaphoreWait
 .text.osMessageCreate
                0x08007ce4       0x50 ./Middlewares/Third_Party/FreeRTOS/Source/CMSIS_RTOS/cmsis_os.o
                0x08007ce4                osMessageCreate
 .text.xEventGroupCreate
                0x08007d34       0x34 ./Middlewares/Third_Party/FreeRTOS/Source/event_groups.o
                0x08007d34                xEventGroupCreate
 .text.xEventGroupWaitBits
                0x08007d68      0x1a4 ./Middlewares/Third_Party/FreeRTOS/Source/event_groups.o
                0x08007d68                xEventGroupWaitBits
 .text.xEventGroupClearBits
                0x08007f0c       0x72 ./Middlewares/Third_Party/FreeRTOS/Source/event_groups.o
                0x08007f0c                xEventGroupClearBits
 .text.xEventGroupSetBits
                0x08007f7e      0x118 ./Middlewares/Third_Party/FreeRTOS/Source/event_groups.o
                0x08007f7e                xEventGroupSetBits
 .text.prvTestWaitCondition
                0x08008096       0x42 ./Middlewares/Third_Party/FreeRTOS/Source/event_groups.o
 .text.vListInitialise
                0x080080d8       0x3e ./Middlewares/Third_Party/FreeRTOS/Source/list.o
                0x080080d8                vListInitialise
 .text.vListInitialiseItem
                0x08008116       0x18 ./Middlewares/Third_Party/FreeRTOS/Source/list.o
                0x08008116                vListInitialiseItem
 .text.vListInsertEnd
                0x0800812e       0x46 ./Middlewares/Third_Party/FreeRTOS/Source/list.o
                0x0800812e                vListInsertEnd
 .text.vListInsert
                0x08008174       0x70 ./Middlewares/Third_Party/FreeRTOS/Source/list.o
                0x08008174                vListInsert
 .text.uxListRemove
                0x080081e4       0x52 ./Middlewares/Third_Party/FreeRTOS/Source/list.o
                0x080081e4                uxListRemove
 *fill*         0x08008236        0x2 
 .text.xQueueGenericReset
                0x08008238       0xd4 ./Middlewares/Third_Party/FreeRTOS/Source/queue.o
                0x08008238                xQueueGenericReset
 .text.xQueueGenericCreateStatic
                0x0800830c       0xfa ./Middlewares/Third_Party/FreeRTOS/Source/queue.o
                0x0800830c                xQueueGenericCreateStatic
 .text.xQueueGenericCreate
                0x08008406       0x76 ./Middlewares/Third_Party/FreeRTOS/Source/queue.o
                0x08008406                xQueueGenericCreate
 .text.prvInitialiseNewQueue
                0x0800847c       0x46 ./Middlewares/Third_Party/FreeRTOS/Source/queue.o
 *fill*         0x080084c2        0x2 
 .text.xQueueGenericSend
                0x080084c4      0x204 ./Middlewares/Third_Party/FreeRTOS/Source/queue.o
                0x080084c4                xQueueGenericSend
 .text.xQueueGenericSendFromISR
                0x080086c8      0x13c ./Middlewares/Third_Party/FreeRTOS/Source/queue.o
                0x080086c8                xQueueGenericSendFromISR
 .text.xQueueGiveFromISR
                0x08008804      0x120 ./Middlewares/Third_Party/FreeRTOS/Source/queue.o
                0x08008804                xQueueGiveFromISR
 .text.xQueueSemaphoreTake
                0x08008924      0x220 ./Middlewares/Third_Party/FreeRTOS/Source/queue.o
                0x08008924                xQueueSemaphoreTake
 .text.xQueueReceiveFromISR
                0x08008b44      0x104 ./Middlewares/Third_Party/FreeRTOS/Source/queue.o
                0x08008b44                xQueueReceiveFromISR
 .text.prvGetDisinheritPriorityAfterTimeout
                0x08008c48       0x2e ./Middlewares/Third_Party/FreeRTOS/Source/queue.o
 .text.prvCopyDataToQueue
                0x08008c76       0xd4 ./Middlewares/Third_Party/FreeRTOS/Source/queue.o
 .text.prvCopyDataFromQueue
                0x08008d4a       0x4c ./Middlewares/Third_Party/FreeRTOS/Source/queue.o
 .text.prvUnlockQueue
                0x08008d96       0xa4 ./Middlewares/Third_Party/FreeRTOS/Source/queue.o
 .text.prvIsQueueEmpty
                0x08008e3a       0x2c ./Middlewares/Third_Party/FreeRTOS/Source/queue.o
 .text.prvIsQueueFull
                0x08008e66       0x30 ./Middlewares/Third_Party/FreeRTOS/Source/queue.o
 .text.xTaskCreateStatic
                0x08008e96       0xc0 ./Middlewares/Third_Party/FreeRTOS/Source/tasks.o
                0x08008e96                xTaskCreateStatic
 .text.xTaskCreate
                0x08008f56       0x8a ./Middlewares/Third_Party/FreeRTOS/Source/tasks.o
                0x08008f56                xTaskCreate
 .text.prvInitialiseNewTask
                0x08008fe0      0x150 ./Middlewares/Third_Party/FreeRTOS/Source/tasks.o
 .text.prvAddNewTaskToReadyList
                0x08009130       0xdc ./Middlewares/Third_Party/FreeRTOS/Source/tasks.o
 .text.vTaskDelay
                0x0800920c       0x6c ./Middlewares/Third_Party/FreeRTOS/Source/tasks.o
                0x0800920c                vTaskDelay
 .text.vTaskStartScheduler
                0x08009278       0xd4 ./Middlewares/Third_Party/FreeRTOS/Source/tasks.o
                0x08009278                vTaskStartScheduler
 .text.vTaskSuspendAll
                0x0800934c       0x1c ./Middlewares/Third_Party/FreeRTOS/Source/tasks.o
                0x0800934c                vTaskSuspendAll
 .text.xTaskResumeAll
                0x08009368      0x13c ./Middlewares/Third_Party/FreeRTOS/Source/tasks.o
                0x08009368                xTaskResumeAll
 .text.xTaskIncrementTick
                0x080094a4      0x174 ./Middlewares/Third_Party/FreeRTOS/Source/tasks.o
                0x080094a4                xTaskIncrementTick
 .text.vTaskSwitchContext
                0x08009618       0xc4 ./Middlewares/Third_Party/FreeRTOS/Source/tasks.o
                0x08009618                vTaskSwitchContext
 .text.vTaskPlaceOnEventList
                0x080096dc       0x4c ./Middlewares/Third_Party/FreeRTOS/Source/tasks.o
                0x080096dc                vTaskPlaceOnEventList
 .text.vTaskPlaceOnUnorderedEventList
                0x08009728       0x7c ./Middlewares/Third_Party/FreeRTOS/Source/tasks.o
                0x08009728                vTaskPlaceOnUnorderedEventList
 .text.xTaskRemoveFromEventList
                0x080097a4       0xc8 ./Middlewares/Third_Party/FreeRTOS/Source/tasks.o
                0x080097a4                xTaskRemoveFromEventList
 .text.vTaskRemoveFromUnorderedEventList
                0x0800986c       0xc8 ./Middlewares/Third_Party/FreeRTOS/Source/tasks.o
                0x0800986c                vTaskRemoveFromUnorderedEventList
 .text.vTaskInternalSetTimeOutState
                0x08009934       0x2c ./Middlewares/Third_Party/FreeRTOS/Source/tasks.o
                0x08009934                vTaskInternalSetTimeOutState
 .text.xTaskCheckForTimeOut
                0x08009960       0xc8 ./Middlewares/Third_Party/FreeRTOS/Source/tasks.o
                0x08009960                xTaskCheckForTimeOut
 .text.vTaskMissedYield
                0x08009a28       0x18 ./Middlewares/Third_Party/FreeRTOS/Source/tasks.o
                0x08009a28                vTaskMissedYield
 .text.prvIdleTask
                0x08009a40       0x30 ./Middlewares/Third_Party/FreeRTOS/Source/tasks.o
 .text.prvInitialiseTaskLists
                0x08009a70       0x80 ./Middlewares/Third_Party/FreeRTOS/Source/tasks.o
 .text.prvCheckTasksWaitingTermination
                0x08009af0       0x5c ./Middlewares/Third_Party/FreeRTOS/Source/tasks.o
 .text.prvDeleteTCB
                0x08009b4c       0x6a ./Middlewares/Third_Party/FreeRTOS/Source/tasks.o
 *fill*         0x08009bb6        0x2 
 .text.prvResetNextTaskUnblockTime
                0x08009bb8       0x40 ./Middlewares/Third_Party/FreeRTOS/Source/tasks.o
 .text.xTaskGetSchedulerState
                0x08009bf8       0x3c ./Middlewares/Third_Party/FreeRTOS/Source/tasks.o
                0x08009bf8                xTaskGetSchedulerState
 .text.xTaskPriorityInherit
                0x08009c34       0xec ./Middlewares/Third_Party/FreeRTOS/Source/tasks.o
                0x08009c34                xTaskPriorityInherit
 .text.xTaskPriorityDisinherit
                0x08009d20      0x110 ./Middlewares/Third_Party/FreeRTOS/Source/tasks.o
                0x08009d20                xTaskPriorityDisinherit
 .text.vTaskPriorityDisinheritAfterTimeout
                0x08009e30      0x120 ./Middlewares/Third_Party/FreeRTOS/Source/tasks.o
                0x08009e30                vTaskPriorityDisinheritAfterTimeout
 .text.uxTaskResetEventItemValue
                0x08009f50       0x30 ./Middlewares/Third_Party/FreeRTOS/Source/tasks.o
                0x08009f50                uxTaskResetEventItemValue
 .text.pvTaskIncrementMutexHeldCount
                0x08009f80       0x28 ./Middlewares/Third_Party/FreeRTOS/Source/tasks.o
                0x08009f80                pvTaskIncrementMutexHeldCount
 .text.prvAddCurrentTaskToDelayedList
                0x08009fa8       0xcc ./Middlewares/Third_Party/FreeRTOS/Source/tasks.o
 .text.pxPortInitialiseStack
                0x0800a074       0x58 ./Middlewares/Third_Party/FreeRTOS/Source/portable/GCC/ARM_CM3/port.o
                0x0800a074                pxPortInitialiseStack
 .text.prvTaskExitError
                0x0800a0cc       0x58 ./Middlewares/Third_Party/FreeRTOS/Source/portable/GCC/ARM_CM3/port.o
 *fill*         0x0800a124        0xc 
 .text.SVC_Handler
                0x0800a130       0x28 ./Middlewares/Third_Party/FreeRTOS/Source/portable/GCC/ARM_CM3/port.o
                0x0800a130                SVC_Handler
 .text.prvPortStartFirstTask
                0x0800a158       0x20 ./Middlewares/Third_Party/FreeRTOS/Source/portable/GCC/ARM_CM3/port.o
 .text.xPortStartScheduler
                0x0800a178       0xe4 ./Middlewares/Third_Party/FreeRTOS/Source/portable/GCC/ARM_CM3/port.o
                0x0800a178                xPortStartScheduler
 .text.vPortEnterCritical
                0x0800a25c       0x60 ./Middlewares/Third_Party/FreeRTOS/Source/portable/GCC/ARM_CM3/port.o
                0x0800a25c                vPortEnterCritical
 .text.vPortExitCritical
                0x0800a2bc       0x54 ./Middlewares/Third_Party/FreeRTOS/Source/portable/GCC/ARM_CM3/port.o
                0x0800a2bc                vPortExitCritical
 .text.PendSV_Handler
                0x0800a310       0x48 ./Middlewares/Third_Party/FreeRTOS/Source/portable/GCC/ARM_CM3/port.o
                0x0800a310                PendSV_Handler
 .text.xPortSysTickHandler
                0x0800a358       0x44 ./Middlewares/Third_Party/FreeRTOS/Source/portable/GCC/ARM_CM3/port.o
                0x0800a358                xPortSysTickHandler
 .text.vPortSetupTimerInterrupt
                0x0800a39c       0x44 ./Middlewares/Third_Party/FreeRTOS/Source/portable/GCC/ARM_CM3/port.o
                0x0800a39c                vPortSetupTimerInterrupt
 .text.vPortValidateInterruptPriority
                0x0800a3e0       0x80 ./Middlewares/Third_Party/FreeRTOS/Source/portable/GCC/ARM_CM3/port.o
                0x0800a3e0                vPortValidateInterruptPriority
 .text.pvPortMalloc
                0x0800a460      0x19c ./Middlewares/Third_Party/FreeRTOS/Source/portable/MemMang/heap_4.o
                0x0800a460                pvPortMalloc
 .text.vPortFree
                0x0800a5fc       0xc8 ./Middlewares/Third_Party/FreeRTOS/Source/portable/MemMang/heap_4.o
                0x0800a5fc                vPortFree
 .text.prvHeapInit
                0x0800a6c4       0xc4 ./Middlewares/Third_Party/FreeRTOS/Source/portable/MemMang/heap_4.o
 .text.prvInsertBlockIntoFreeList
                0x0800a788       0xb0 ./Middlewares/Third_Party/FreeRTOS/Source/portable/MemMang/heap_4.o
 .text.__cvt    0x0800a838       0xc8 I:/STM32CubeIDE_1.14.0/STM32CubeIDE/plugins/com.st.stm32cube.ide.mcu.externaltools.gnu-tools-for-stm32.12.3.rel1.win32_1.1.0.202410251130/tools/bin/../lib/gcc/arm-none-eabi/12.3.1/../../../../arm-none-eabi/lib/thumb/v7-m/nofp\libc_nano.a(libc_a-nano-vfprintf_float.o)
                0x0800a838                __cvt
 .text.__exponent
                0x0800a900       0x74 I:/STM32CubeIDE_1.14.0/STM32CubeIDE/plugins/com.st.stm32cube.ide.mcu.externaltools.gnu-tools-for-stm32.12.3.rel1.win32_1.1.0.202410251130/tools/bin/../lib/gcc/arm-none-eabi/12.3.1/../../../../arm-none-eabi/lib/thumb/v7-m/nofp\libc_nano.a(libc_a-nano-vfprintf_float.o)
                0x0800a900                __exponent
 .text._printf_float
                0x0800a974      0x458 I:/STM32CubeIDE_1.14.0/STM32CubeIDE/plugins/com.st.stm32cube.ide.mcu.externaltools.gnu-tools-for-stm32.12.3.rel1.win32_1.1.0.202410251130/tools/bin/../lib/gcc/arm-none-eabi/12.3.1/../../../../arm-none-eabi/lib/thumb/v7-m/nofp\libc_nano.a(libc_a-nano-vfprintf_float.o)
                0x0800a974                _printf_float
 .text._printf_common
                0x0800adcc       0xe4 I:/STM32CubeIDE_1.14.0/STM32CubeIDE/plugins/com.st.stm32cube.ide.mcu.externaltools.gnu-tools-for-stm32.12.3.rel1.win32_1.1.0.202410251130/tools/bin/../lib/gcc/arm-none-eabi/12.3.1/../../../../arm-none-eabi/lib/thumb/v7-m/nofp\libc_nano.a(libc_a-nano-vfprintf_i.o)
                0x0800adcc                _printf_common
 .text._printf_i
                0x0800aeb0      0x240 I:/STM32CubeIDE_1.14.0/STM32CubeIDE/plugins/com.st.stm32cube.ide.mcu.externaltools.gnu-tools-for-stm32.12.3.rel1.win32_1.1.0.202410251130/tools/bin/../lib/gcc/arm-none-eabi/12.3.1/../../../../arm-none-eabi/lib/thumb/v7-m/nofp\libc_nano.a(libc_a-nano-vfprintf_i.o)
                0x0800aeb0                _printf_i
 .text.std      0x0800b0f0       0x6c I:/STM32CubeIDE_1.14.0/STM32CubeIDE/plugins/com.st.stm32cube.ide.mcu.externaltools.gnu-tools-for-stm32.12.3.rel1.win32_1.1.0.202410251130/tools/bin/../lib/gcc/arm-none-eabi/12.3.1/../../../../arm-none-eabi/lib/thumb/v7-m/nofp\libc_nano.a(libc_a-findfp.o)
 .text.stdio_exit_handler
                0x0800b15c       0x18 I:/STM32CubeIDE_1.14.0/STM32CubeIDE/plugins/com.st.stm32cube.ide.mcu.externaltools.gnu-tools-for-stm32.12.3.rel1.win32_1.1.0.202410251130/tools/bin/../lib/gcc/arm-none-eabi/12.3.1/../../../../arm-none-eabi/lib/thumb/v7-m/nofp\libc_nano.a(libc_a-findfp.o)
 .text.cleanup_stdio
                0x0800b174       0x40 I:/STM32CubeIDE_1.14.0/STM32CubeIDE/plugins/com.st.stm32cube.ide.mcu.externaltools.gnu-tools-for-stm32.12.3.rel1.win32_1.1.0.202410251130/tools/bin/../lib/gcc/arm-none-eabi/12.3.1/../../../../arm-none-eabi/lib/thumb/v7-m/nofp\libc_nano.a(libc_a-findfp.o)
 .text.global_stdio_init.part.0
                0x0800b1b4       0x3c I:/STM32CubeIDE_1.14.0/STM32CubeIDE/plugins/com.st.stm32cube.ide.mcu.externaltools.gnu-tools-for-stm32.12.3.rel1.win32_1.1.0.202410251130/tools/bin/../lib/gcc/arm-none-eabi/12.3.1/../../../../arm-none-eabi/lib/thumb/v7-m/nofp\libc_nano.a(libc_a-findfp.o)
 .text.__sfp_lock_acquire
                0x0800b1f0        0xc I:/STM32CubeIDE_1.14.0/STM32CubeIDE/plugins/com.st.stm32cube.ide.mcu.externaltools.gnu-tools-for-stm32.12.3.rel1.win32_1.1.0.202410251130/tools/bin/../lib/gcc/arm-none-eabi/12.3.1/../../../../arm-none-eabi/lib/thumb/v7-m/nofp\libc_nano.a(libc_a-findfp.o)
                0x0800b1f0                __sfp_lock_acquire
 .text.__sfp_lock_release
                0x0800b1fc        0xc I:/STM32CubeIDE_1.14.0/STM32CubeIDE/plugins/com.st.stm32cube.ide.mcu.externaltools.gnu-tools-for-stm32.12.3.rel1.win32_1.1.0.202410251130/tools/bin/../lib/gcc/arm-none-eabi/12.3.1/../../../../arm-none-eabi/lib/thumb/v7-m/nofp\libc_nano.a(libc_a-findfp.o)
                0x0800b1fc                __sfp_lock_release
 .text.__sinit  0x0800b208       0x30 I:/STM32CubeIDE_1.14.0/STM32CubeIDE/plugins/com.st.stm32cube.ide.mcu.externaltools.gnu-tools-for-stm32.12.3.rel1.win32_1.1.0.202410251130/tools/bin/../lib/gcc/arm-none-eabi/12.3.1/../../../../arm-none-eabi/lib/thumb/v7-m/nofp\libc_nano.a(libc_a-findfp.o)
                0x0800b208                __sinit
 .text._fwalk_sglue
                0x0800b238       0x3c I:/STM32CubeIDE_1.14.0/STM32CubeIDE/plugins/com.st.stm32cube.ide.mcu.externaltools.gnu-tools-for-stm32.12.3.rel1.win32_1.1.0.202410251130/tools/bin/../lib/gcc/arm-none-eabi/12.3.1/../../../../arm-none-eabi/lib/thumb/v7-m/nofp\libc_nano.a(libc_a-fwalk.o)
                0x0800b238                _fwalk_sglue
 .text.__sread  0x0800b274       0x22 I:/STM32CubeIDE_1.14.0/STM32CubeIDE/plugins/com.st.stm32cube.ide.mcu.externaltools.gnu-tools-for-stm32.12.3.rel1.win32_1.1.0.202410251130/tools/bin/../lib/gcc/arm-none-eabi/12.3.1/../../../../arm-none-eabi/lib/thumb/v7-m/nofp\libc_nano.a(libc_a-stdio.o)
                0x0800b274                __sread
 .text.__swrite
                0x0800b296       0x38 I:/STM32CubeIDE_1.14.0/STM32CubeIDE/plugins/com.st.stm32cube.ide.mcu.externaltools.gnu-tools-for-stm32.12.3.rel1.win32_1.1.0.202410251130/tools/bin/../lib/gcc/arm-none-eabi/12.3.1/../../../../arm-none-eabi/lib/thumb/v7-m/nofp\libc_nano.a(libc_a-stdio.o)
                0x0800b296                __swrite
 .text.__sseek  0x0800b2ce       0x24 I:/STM32CubeIDE_1.14.0/STM32CubeIDE/plugins/com.st.stm32cube.ide.mcu.externaltools.gnu-tools-for-stm32.12.3.rel1.win32_1.1.0.202410251130/tools/bin/../lib/gcc/arm-none-eabi/12.3.1/../../../../arm-none-eabi/lib/thumb/v7-m/nofp\libc_nano.a(libc_a-stdio.o)
                0x0800b2ce                __sseek
 .text.__sclose
                0x0800b2f2        0x8 I:/STM32CubeIDE_1.14.0/STM32CubeIDE/plugins/com.st.stm32cube.ide.mcu.externaltools.gnu-tools-for-stm32.12.3.rel1.win32_1.1.0.202410251130/tools/bin/../lib/gcc/arm-none-eabi/12.3.1/../../../../arm-none-eabi/lib/thumb/v7-m/nofp\libc_nano.a(libc_a-stdio.o)
                0x0800b2f2                __sclose
 .text.memset   0x0800b2fa       0x10 I:/STM32CubeIDE_1.14.0/STM32CubeIDE/plugins/com.st.stm32cube.ide.mcu.externaltools.gnu-tools-for-stm32.12.3.rel1.win32_1.1.0.202410251130/tools/bin/../lib/gcc/arm-none-eabi/12.3.1/../../../../arm-none-eabi/lib/thumb/v7-m/nofp\libc_nano.a(libc_a-memset.o)
                0x0800b2fa                memset
 *fill*         0x0800b30a        0x2 
 .text._localeconv_r
                0x0800b30c        0x8 I:/STM32CubeIDE_1.14.0/STM32CubeIDE/plugins/com.st.stm32cube.ide.mcu.externaltools.gnu-tools-for-stm32.12.3.rel1.win32_1.1.0.202410251130/tools/bin/../lib/gcc/arm-none-eabi/12.3.1/../../../../arm-none-eabi/lib/thumb/v7-m/nofp\libc_nano.a(libc_a-localeconv.o)
                0x0800b30c                _localeconv_r
 .text._close_r
                0x0800b314       0x20 I:/STM32CubeIDE_1.14.0/STM32CubeIDE/plugins/com.st.stm32cube.ide.mcu.externaltools.gnu-tools-for-stm32.12.3.rel1.win32_1.1.0.202410251130/tools/bin/../lib/gcc/arm-none-eabi/12.3.1/../../../../arm-none-eabi/lib/thumb/v7-m/nofp\libc_nano.a(libc_a-closer.o)
                0x0800b314                _close_r
 .text._reclaim_reent
                0x0800b334       0xac I:/STM32CubeIDE_1.14.0/STM32CubeIDE/plugins/com.st.stm32cube.ide.mcu.externaltools.gnu-tools-for-stm32.12.3.rel1.win32_1.1.0.202410251130/tools/bin/../lib/gcc/arm-none-eabi/12.3.1/../../../../arm-none-eabi/lib/thumb/v7-m/nofp\libc_nano.a(libc_a-reent.o)
                0x0800b334                _reclaim_reent
 .text._lseek_r
                0x0800b3e0       0x24 I:/STM32CubeIDE_1.14.0/STM32CubeIDE/plugins/com.st.stm32cube.ide.mcu.externaltools.gnu-tools-for-stm32.12.3.rel1.win32_1.1.0.202410251130/tools/bin/../lib/gcc/arm-none-eabi/12.3.1/../../../../arm-none-eabi/lib/thumb/v7-m/nofp\libc_nano.a(libc_a-lseekr.o)
                0x0800b3e0                _lseek_r
 .text._read_r  0x0800b404       0x24 I:/STM32CubeIDE_1.14.0/STM32CubeIDE/plugins/com.st.stm32cube.ide.mcu.externaltools.gnu-tools-for-stm32.12.3.rel1.win32_1.1.0.202410251130/tools/bin/../lib/gcc/arm-none-eabi/12.3.1/../../../../arm-none-eabi/lib/thumb/v7-m/nofp\libc_nano.a(libc_a-readr.o)
                0x0800b404                _read_r
 .text._write_r
                0x0800b428       0x24 I:/STM32CubeIDE_1.14.0/STM32CubeIDE/plugins/com.st.stm32cube.ide.mcu.externaltools.gnu-tools-for-stm32.12.3.rel1.win32_1.1.0.202410251130/tools/bin/../lib/gcc/arm-none-eabi/12.3.1/../../../../arm-none-eabi/lib/thumb/v7-m/nofp\libc_nano.a(libc_a-writer.o)
                0x0800b428                _write_r
 .text.__errno  0x0800b44c        0xc I:/STM32CubeIDE_1.14.0/STM32CubeIDE/plugins/com.st.stm32cube.ide.mcu.externaltools.gnu-tools-for-stm32.12.3.rel1.win32_1.1.0.202410251130/tools/bin/../lib/gcc/arm-none-eabi/12.3.1/../../../../arm-none-eabi/lib/thumb/v7-m/nofp\libc_nano.a(libc_a-errno.o)
                0x0800b44c                __errno
 .text.__libc_init_array
                0x0800b458       0x48 I:/STM32CubeIDE_1.14.0/STM32CubeIDE/plugins/com.st.stm32cube.ide.mcu.externaltools.gnu-tools-for-stm32.12.3.rel1.win32_1.1.0.202410251130/tools/bin/../lib/gcc/arm-none-eabi/12.3.1/../../../../arm-none-eabi/lib/thumb/v7-m/nofp\libc_nano.a(libc_a-init.o)
                0x0800b458                __libc_init_array
 .text.__retarget_lock_init_recursive
                0x0800b4a0        0x2 I:/STM32CubeIDE_1.14.0/STM32CubeIDE/plugins/com.st.stm32cube.ide.mcu.externaltools.gnu-tools-for-stm32.12.3.rel1.win32_1.1.0.202410251130/tools/bin/../lib/gcc/arm-none-eabi/12.3.1/../../../../arm-none-eabi/lib/thumb/v7-m/nofp\libc_nano.a(libc_a-lock.o)
                0x0800b4a0                __retarget_lock_init_recursive
 .text.__retarget_lock_acquire_recursive
                0x0800b4a2        0x2 I:/STM32CubeIDE_1.14.0/STM32CubeIDE/plugins/com.st.stm32cube.ide.mcu.externaltools.gnu-tools-for-stm32.12.3.rel1.win32_1.1.0.202410251130/tools/bin/../lib/gcc/arm-none-eabi/12.3.1/../../../../arm-none-eabi/lib/thumb/v7-m/nofp\libc_nano.a(libc_a-lock.o)
                0x0800b4a2                __retarget_lock_acquire_recursive
 .text.__retarget_lock_release_recursive
                0x0800b4a4        0x2 I:/STM32CubeIDE_1.14.0/STM32CubeIDE/plugins/com.st.stm32cube.ide.mcu.externaltools.gnu-tools-for-stm32.12.3.rel1.win32_1.1.0.202410251130/tools/bin/../lib/gcc/arm-none-eabi/12.3.1/../../../../arm-none-eabi/lib/thumb/v7-m/nofp\libc_nano.a(libc_a-lock.o)
                0x0800b4a4                __retarget_lock_release_recursive
 .text.memchr   0x0800b4a6       0x1c I:/STM32CubeIDE_1.14.0/STM32CubeIDE/plugins/com.st.stm32cube.ide.mcu.externaltools.gnu-tools-for-stm32.12.3.rel1.win32_1.1.0.202410251130/tools/bin/../lib/gcc/arm-none-eabi/12.3.1/../../../../arm-none-eabi/lib/thumb/v7-m/nofp\libc_nano.a(libc_a-memchr-stub.o)
                0x0800b4a6                memchr
 .text.memcpy   0x0800b4c2       0x1c I:/STM32CubeIDE_1.14.0/STM32CubeIDE/plugins/com.st.stm32cube.ide.mcu.externaltools.gnu-tools-for-stm32.12.3.rel1.win32_1.1.0.202410251130/tools/bin/../lib/gcc/arm-none-eabi/12.3.1/../../../../arm-none-eabi/lib/thumb/v7-m/nofp\libc_nano.a(libc_a-memcpy-stub.o)
                0x0800b4c2                memcpy
 .text.quorem   0x0800b4de      0x110 I:/STM32CubeIDE_1.14.0/STM32CubeIDE/plugins/com.st.stm32cube.ide.mcu.externaltools.gnu-tools-for-stm32.12.3.rel1.win32_1.1.0.202410251130/tools/bin/../lib/gcc/arm-none-eabi/12.3.1/../../../../arm-none-eabi/lib/thumb/v7-m/nofp\libc_nano.a(libc_a-dtoa.o)
 *fill*         0x0800b5ee        0x2 
 .text._dtoa_r  0x0800b5f0      0xb90 I:/STM32CubeIDE_1.14.0/STM32CubeIDE/plugins/com.st.stm32cube.ide.mcu.externaltools.gnu-tools-for-stm32.12.3.rel1.win32_1.1.0.202410251130/tools/bin/../lib/gcc/arm-none-eabi/12.3.1/../../../../arm-none-eabi/lib/thumb/v7-m/nofp\libc_nano.a(libc_a-dtoa.o)
                0x0800b5f0                _dtoa_r
 .text._free_r  0x0800c180       0x90 I:/STM32CubeIDE_1.14.0/STM32CubeIDE/plugins/com.st.stm32cube.ide.mcu.externaltools.gnu-tools-for-stm32.12.3.rel1.win32_1.1.0.202410251130/tools/bin/../lib/gcc/arm-none-eabi/12.3.1/../../../../arm-none-eabi/lib/thumb/v7-m/nofp\libc_nano.a(libc_a-freer.o)
                0x0800c180                _free_r
 .text.malloc   0x0800c210       0x10 I:/STM32CubeIDE_1.14.0/STM32CubeIDE/plugins/com.st.stm32cube.ide.mcu.externaltools.gnu-tools-for-stm32.12.3.rel1.win32_1.1.0.202410251130/tools/bin/../lib/gcc/arm-none-eabi/12.3.1/../../../../arm-none-eabi/lib/thumb/v7-m/nofp\libc_nano.a(libc_a-malloc.o)
                0x0800c210                malloc
 .text.sbrk_aligned
                0x0800c220       0x44 I:/STM32CubeIDE_1.14.0/STM32CubeIDE/plugins/com.st.stm32cube.ide.mcu.externaltools.gnu-tools-for-stm32.12.3.rel1.win32_1.1.0.202410251130/tools/bin/../lib/gcc/arm-none-eabi/12.3.1/../../../../arm-none-eabi/lib/thumb/v7-m/nofp\libc_nano.a(libc_a-mallocr.o)
 .text._malloc_r
                0x0800c264      0x100 I:/STM32CubeIDE_1.14.0/STM32CubeIDE/plugins/com.st.stm32cube.ide.mcu.externaltools.gnu-tools-for-stm32.12.3.rel1.win32_1.1.0.202410251130/tools/bin/../lib/gcc/arm-none-eabi/12.3.1/../../../../arm-none-eabi/lib/thumb/v7-m/nofp\libc_nano.a(libc_a-mallocr.o)
                0x0800c264                _malloc_r
 .text.__malloc_lock
                0x0800c364        0xc I:/STM32CubeIDE_1.14.0/STM32CubeIDE/plugins/com.st.stm32cube.ide.mcu.externaltools.gnu-tools-for-stm32.12.3.rel1.win32_1.1.0.202410251130/tools/bin/../lib/gcc/arm-none-eabi/12.3.1/../../../../arm-none-eabi/lib/thumb/v7-m/nofp\libc_nano.a(libc_a-mlock.o)
                0x0800c364                __malloc_lock
 .text.__malloc_unlock
                0x0800c370        0xc I:/STM32CubeIDE_1.14.0/STM32CubeIDE/plugins/com.st.stm32cube.ide.mcu.externaltools.gnu-tools-for-stm32.12.3.rel1.win32_1.1.0.202410251130/tools/bin/../lib/gcc/arm-none-eabi/12.3.1/../../../../arm-none-eabi/lib/thumb/v7-m/nofp\libc_nano.a(libc_a-mlock.o)
                0x0800c370                __malloc_unlock
 .text._Balloc  0x0800c37c       0x80 I:/STM32CubeIDE_1.14.0/STM32CubeIDE/plugins/com.st.stm32cube.ide.mcu.externaltools.gnu-tools-for-stm32.12.3.rel1.win32_1.1.0.202410251130/tools/bin/../lib/gcc/arm-none-eabi/12.3.1/../../../../arm-none-eabi/lib/thumb/v7-m/nofp\libc_nano.a(libc_a-mprec.o)
                0x0800c37c                _Balloc
 .text._Bfree   0x0800c3fc       0x44 I:/STM32CubeIDE_1.14.0/STM32CubeIDE/plugins/com.st.stm32cube.ide.mcu.externaltools.gnu-tools-for-stm32.12.3.rel1.win32_1.1.0.202410251130/tools/bin/../lib/gcc/arm-none-eabi/12.3.1/../../../../arm-none-eabi/lib/thumb/v7-m/nofp\libc_nano.a(libc_a-mprec.o)
                0x0800c3fc                _Bfree
 .text.__multadd
                0x0800c440       0x8c I:/STM32CubeIDE_1.14.0/STM32CubeIDE/plugins/com.st.stm32cube.ide.mcu.externaltools.gnu-tools-for-stm32.12.3.rel1.win32_1.1.0.202410251130/tools/bin/../lib/gcc/arm-none-eabi/12.3.1/../../../../arm-none-eabi/lib/thumb/v7-m/nofp\libc_nano.a(libc_a-mprec.o)
                0x0800c440                __multadd
 .text.__hi0bits
                0x0800c4cc       0x3e I:/STM32CubeIDE_1.14.0/STM32CubeIDE/plugins/com.st.stm32cube.ide.mcu.externaltools.gnu-tools-for-stm32.12.3.rel1.win32_1.1.0.202410251130/tools/bin/../lib/gcc/arm-none-eabi/12.3.1/../../../../arm-none-eabi/lib/thumb/v7-m/nofp\libc_nano.a(libc_a-mprec.o)
                0x0800c4cc                __hi0bits
 .text.__lo0bits
                0x0800c50a       0x5a I:/STM32CubeIDE_1.14.0/STM32CubeIDE/plugins/com.st.stm32cube.ide.mcu.externaltools.gnu-tools-for-stm32.12.3.rel1.win32_1.1.0.202410251130/tools/bin/../lib/gcc/arm-none-eabi/12.3.1/../../../../arm-none-eabi/lib/thumb/v7-m/nofp\libc_nano.a(libc_a-mprec.o)
                0x0800c50a                __lo0bits
 .text.__i2b    0x0800c564       0x2c I:/STM32CubeIDE_1.14.0/STM32CubeIDE/plugins/com.st.stm32cube.ide.mcu.externaltools.gnu-tools-for-stm32.12.3.rel1.win32_1.1.0.202410251130/tools/bin/../lib/gcc/arm-none-eabi/12.3.1/../../../../arm-none-eabi/lib/thumb/v7-m/nofp\libc_nano.a(libc_a-mprec.o)
                0x0800c564                __i2b
 .text.__multiply
                0x0800c590      0x150 I:/STM32CubeIDE_1.14.0/STM32CubeIDE/plugins/com.st.stm32cube.ide.mcu.externaltools.gnu-tools-for-stm32.12.3.rel1.win32_1.1.0.202410251130/tools/bin/../lib/gcc/arm-none-eabi/12.3.1/../../../../arm-none-eabi/lib/thumb/v7-m/nofp\libc_nano.a(libc_a-mprec.o)
                0x0800c590                __multiply
 .text.__pow5mult
                0x0800c6e0       0xb4 I:/STM32CubeIDE_1.14.0/STM32CubeIDE/plugins/com.st.stm32cube.ide.mcu.externaltools.gnu-tools-for-stm32.12.3.rel1.win32_1.1.0.202410251130/tools/bin/../lib/gcc/arm-none-eabi/12.3.1/../../../../arm-none-eabi/lib/thumb/v7-m/nofp\libc_nano.a(libc_a-mprec.o)
                0x0800c6e0                __pow5mult
 .text.__lshift
                0x0800c794       0xd8 I:/STM32CubeIDE_1.14.0/STM32CubeIDE/plugins/com.st.stm32cube.ide.mcu.externaltools.gnu-tools-for-stm32.12.3.rel1.win32_1.1.0.202410251130/tools/bin/../lib/gcc/arm-none-eabi/12.3.1/../../../../arm-none-eabi/lib/thumb/v7-m/nofp\libc_nano.a(libc_a-mprec.o)
                0x0800c794                __lshift
 .text.__mcmp   0x0800c86c       0x36 I:/STM32CubeIDE_1.14.0/STM32CubeIDE/plugins/com.st.stm32cube.ide.mcu.externaltools.gnu-tools-for-stm32.12.3.rel1.win32_1.1.0.202410251130/tools/bin/../lib/gcc/arm-none-eabi/12.3.1/../../../../arm-none-eabi/lib/thumb/v7-m/nofp\libc_nano.a(libc_a-mprec.o)
                0x0800c86c                __mcmp
 *fill*         0x0800c8a2        0x2 
 .text.__mdiff  0x0800c8a4      0x128 I:/STM32CubeIDE_1.14.0/STM32CubeIDE/plugins/com.st.stm32cube.ide.mcu.externaltools.gnu-tools-for-stm32.12.3.rel1.win32_1.1.0.202410251130/tools/bin/../lib/gcc/arm-none-eabi/12.3.1/../../../../arm-none-eabi/lib/thumb/v7-m/nofp\libc_nano.a(libc_a-mprec.o)
                0x0800c8a4                __mdiff
 .text.__d2b    0x0800c9cc       0xb0 I:/STM32CubeIDE_1.14.0/STM32CubeIDE/plugins/com.st.stm32cube.ide.mcu.externaltools.gnu-tools-for-stm32.12.3.rel1.win32_1.1.0.202410251130/tools/bin/../lib/gcc/arm-none-eabi/12.3.1/../../../../arm-none-eabi/lib/thumb/v7-m/nofp\libc_nano.a(libc_a-mprec.o)
                0x0800c9cc                __d2b
 .text.__sflush_r
                0x0800ca7c      0x100 I:/STM32CubeIDE_1.14.0/STM32CubeIDE/plugins/com.st.stm32cube.ide.mcu.externaltools.gnu-tools-for-stm32.12.3.rel1.win32_1.1.0.202410251130/tools/bin/../lib/gcc/arm-none-eabi/12.3.1/../../../../arm-none-eabi/lib/thumb/v7-m/nofp\libc_nano.a(libc_a-fflush.o)
                0x0800ca7c                __sflush_r
 .text._fflush_r
                0x0800cb7c       0x50 I:/STM32CubeIDE_1.14.0/STM32CubeIDE/plugins/com.st.stm32cube.ide.mcu.externaltools.gnu-tools-for-stm32.12.3.rel1.win32_1.1.0.202410251130/tools/bin/../lib/gcc/arm-none-eabi/12.3.1/../../../../arm-none-eabi/lib/thumb/v7-m/nofp\libc_nano.a(libc_a-fflush.o)
                0x0800cb7c                _fflush_r
 .text._sbrk_r  0x0800cbcc       0x20 I:/STM32CubeIDE_1.14.0/STM32CubeIDE/plugins/com.st.stm32cube.ide.mcu.externaltools.gnu-tools-for-stm32.12.3.rel1.win32_1.1.0.202410251130/tools/bin/../lib/gcc/arm-none-eabi/12.3.1/../../../../arm-none-eabi/lib/thumb/v7-m/nofp\libc_nano.a(libc_a-sbrkr.o)
                0x0800cbcc                _sbrk_r
 .text.__assert_func
                0x0800cbec       0x3c I:/STM32CubeIDE_1.14.0/STM32CubeIDE/plugins/com.st.stm32cube.ide.mcu.externaltools.gnu-tools-for-stm32.12.3.rel1.win32_1.1.0.202410251130/tools/bin/../lib/gcc/arm-none-eabi/12.3.1/../../../../arm-none-eabi/lib/thumb/v7-m/nofp\libc_nano.a(libc_a-assert.o)
                0x0800cbec                __assert_func
 .text._calloc_r
                0x0800cc28       0x28 I:/STM32CubeIDE_1.14.0/STM32CubeIDE/plugins/com.st.stm32cube.ide.mcu.externaltools.gnu-tools-for-stm32.12.3.rel1.win32_1.1.0.202410251130/tools/bin/../lib/gcc/arm-none-eabi/12.3.1/../../../../arm-none-eabi/lib/thumb/v7-m/nofp\libc_nano.a(libc_a-callocr.o)
                0x0800cc28                _calloc_r
 .text.__ascii_mbtowc
                0x0800cc50       0x24 I:/STM32CubeIDE_1.14.0/STM32CubeIDE/plugins/com.st.stm32cube.ide.mcu.externaltools.gnu-tools-for-stm32.12.3.rel1.win32_1.1.0.202410251130/tools/bin/../lib/gcc/arm-none-eabi/12.3.1/../../../../arm-none-eabi/lib/thumb/v7-m/nofp\libc_nano.a(libc_a-mbtowc_r.o)
                0x0800cc50                __ascii_mbtowc
 .text.__ascii_wctomb
                0x0800cc74       0x1a I:/STM32CubeIDE_1.14.0/STM32CubeIDE/plugins/com.st.stm32cube.ide.mcu.externaltools.gnu-tools-for-stm32.12.3.rel1.win32_1.1.0.202410251130/tools/bin/../lib/gcc/arm-none-eabi/12.3.1/../../../../arm-none-eabi/lib/thumb/v7-m/nofp\libc_nano.a(libc_a-wctomb_r.o)
                0x0800cc74                __ascii_wctomb
 *fill*         0x0800cc8e        0x2 
 .text.fprintf  0x0800cc90       0x24 I:/STM32CubeIDE_1.14.0/STM32CubeIDE/plugins/com.st.stm32cube.ide.mcu.externaltools.gnu-tools-for-stm32.12.3.rel1.win32_1.1.0.202410251130/tools/bin/../lib/gcc/arm-none-eabi/12.3.1/../../../../arm-none-eabi/lib/thumb/v7-m/nofp\libc_nano.a(libc_a-fprintf.o)
                0x0800cc90                fiprintf
                0x0800cc90                fprintf
 .text.abort    0x0800ccb4        0xe I:/STM32CubeIDE_1.14.0/STM32CubeIDE/plugins/com.st.stm32cube.ide.mcu.externaltools.gnu-tools-for-stm32.12.3.rel1.win32_1.1.0.202410251130/tools/bin/../lib/gcc/arm-none-eabi/12.3.1/../../../../arm-none-eabi/lib/thumb/v7-m/nofp\libc_nano.a(libc_a-abort.o)
                0x0800ccb4                abort
 .text.__sfputc_r
                0x0800ccc2       0x2a I:/STM32CubeIDE_1.14.0/STM32CubeIDE/plugins/com.st.stm32cube.ide.mcu.externaltools.gnu-tools-for-stm32.12.3.rel1.win32_1.1.0.202410251130/tools/bin/../lib/gcc/arm-none-eabi/12.3.1/../../../../arm-none-eabi/lib/thumb/v7-m/nofp\libc_nano.a(libc_a-nano-vfprintf.o)
 .text.__sfputs_r
                0x0800ccec       0x24 I:/STM32CubeIDE_1.14.0/STM32CubeIDE/plugins/com.st.stm32cube.ide.mcu.externaltools.gnu-tools-for-stm32.12.3.rel1.win32_1.1.0.202410251130/tools/bin/../lib/gcc/arm-none-eabi/12.3.1/../../../../arm-none-eabi/lib/thumb/v7-m/nofp\libc_nano.a(libc_a-nano-vfprintf.o)
                0x0800ccec                __sfputs_r
 .text._vfprintf_r
                0x0800cd10      0x230 I:/STM32CubeIDE_1.14.0/STM32CubeIDE/plugins/com.st.stm32cube.ide.mcu.externaltools.gnu-tools-for-stm32.12.3.rel1.win32_1.1.0.202410251130/tools/bin/../lib/gcc/arm-none-eabi/12.3.1/../../../../arm-none-eabi/lib/thumb/v7-m/nofp\libc_nano.a(libc_a-nano-vfprintf.o)
                0x0800cd10                _vfprintf_r
                0x0800cd10                _vfiprintf_r
 .text.__swbuf_r
                0x0800cf40       0x7c I:/STM32CubeIDE_1.14.0/STM32CubeIDE/plugins/com.st.stm32cube.ide.mcu.externaltools.gnu-tools-for-stm32.12.3.rel1.win32_1.1.0.202410251130/tools/bin/../lib/gcc/arm-none-eabi/12.3.1/../../../../arm-none-eabi/lib/thumb/v7-m/nofp\libc_nano.a(libc_a-wbuf.o)
                0x0800cf40                __swbuf_r
 .text.__swsetup_r
                0x0800cfbc       0xac I:/STM32CubeIDE_1.14.0/STM32CubeIDE/plugins/com.st.stm32cube.ide.mcu.externaltools.gnu-tools-for-stm32.12.3.rel1.win32_1.1.0.202410251130/tools/bin/../lib/gcc/arm-none-eabi/12.3.1/../../../../arm-none-eabi/lib/thumb/v7-m/nofp\libc_nano.a(libc_a-wsetup.o)
                0x0800cfbc                __swsetup_r
 .text._raise_r
                0x0800d068       0x50 I:/STM32CubeIDE_1.14.0/STM32CubeIDE/plugins/com.st.stm32cube.ide.mcu.externaltools.gnu-tools-for-stm32.12.3.rel1.win32_1.1.0.202410251130/tools/bin/../lib/gcc/arm-none-eabi/12.3.1/../../../../arm-none-eabi/lib/thumb/v7-m/nofp\libc_nano.a(libc_a-signal.o)
                0x0800d068                _raise_r
 .text.raise    0x0800d0b8       0x10 I:/STM32CubeIDE_1.14.0/STM32CubeIDE/plugins/com.st.stm32cube.ide.mcu.externaltools.gnu-tools-for-stm32.12.3.rel1.win32_1.1.0.202410251130/tools/bin/../lib/gcc/arm-none-eabi/12.3.1/../../../../arm-none-eabi/lib/thumb/v7-m/nofp\libc_nano.a(libc_a-signal.o)
                0x0800d0b8                raise
 .text._kill_r  0x0800d0c8       0x24 I:/STM32CubeIDE_1.14.0/STM32CubeIDE/plugins/com.st.stm32cube.ide.mcu.externaltools.gnu-tools-for-stm32.12.3.rel1.win32_1.1.0.202410251130/tools/bin/../lib/gcc/arm-none-eabi/12.3.1/../../../../arm-none-eabi/lib/thumb/v7-m/nofp\libc_nano.a(libc_a-signalr.o)
                0x0800d0c8                _kill_r
 .text._getpid_r
                0x0800d0ec        0x4 I:/STM32CubeIDE_1.14.0/STM32CubeIDE/plugins/com.st.stm32cube.ide.mcu.externaltools.gnu-tools-for-stm32.12.3.rel1.win32_1.1.0.202410251130/tools/bin/../lib/gcc/arm-none-eabi/12.3.1/../../../../arm-none-eabi/lib/thumb/v7-m/nofp\libc_nano.a(libc_a-signalr.o)
                0x0800d0ec                _getpid_r
 .text.__swhatbuf_r
                0x0800d0f0       0x4a I:/STM32CubeIDE_1.14.0/STM32CubeIDE/plugins/com.st.stm32cube.ide.mcu.externaltools.gnu-tools-for-stm32.12.3.rel1.win32_1.1.0.202410251130/tools/bin/../lib/gcc/arm-none-eabi/12.3.1/../../../../arm-none-eabi/lib/thumb/v7-m/nofp\libc_nano.a(libc_a-makebuf.o)
                0x0800d0f0                __swhatbuf_r
 .text.__smakebuf_r
                0x0800d13a       0x78 I:/STM32CubeIDE_1.14.0/STM32CubeIDE/plugins/com.st.stm32cube.ide.mcu.externaltools.gnu-tools-for-stm32.12.3.rel1.win32_1.1.0.202410251130/tools/bin/../lib/gcc/arm-none-eabi/12.3.1/../../../../arm-none-eabi/lib/thumb/v7-m/nofp\libc_nano.a(libc_a-makebuf.o)
                0x0800d13a                __smakebuf_r
 *fill*         0x0800d1b2        0x2 
 .text._fstat_r
                0x0800d1b4       0x24 I:/STM32CubeIDE_1.14.0/STM32CubeIDE/plugins/com.st.stm32cube.ide.mcu.externaltools.gnu-tools-for-stm32.12.3.rel1.win32_1.1.0.202410251130/tools/bin/../lib/gcc/arm-none-eabi/12.3.1/../../../../arm-none-eabi/lib/thumb/v7-m/nofp\libc_nano.a(libc_a-fstatr.o)
                0x0800d1b4                _fstat_r
 .text._isatty_r
                0x0800d1d8       0x20 I:/STM32CubeIDE_1.14.0/STM32CubeIDE/plugins/com.st.stm32cube.ide.mcu.externaltools.gnu-tools-for-stm32.12.3.rel1.win32_1.1.0.202410251130/tools/bin/../lib/gcc/arm-none-eabi/12.3.1/../../../../arm-none-eabi/lib/thumb/v7-m/nofp\libc_nano.a(libc_a-isattyr.o)
                0x0800d1d8                _isatty_r
 *(.glue_7)
 .glue_7        0x0800d1f8        0x0 linker stubs
 *(.glue_7t)
 .glue_7t       0x0800d1f8        0x0 linker stubs
 *(.eh_frame)
 .eh_frame      0x0800d1f8        0x0 I:/STM32CubeIDE_1.14.0/STM32CubeIDE/plugins/com.st.stm32cube.ide.mcu.externaltools.gnu-tools-for-stm32.12.3.rel1.win32_1.1.0.202410251130/tools/bin/../lib/gcc/arm-none-eabi/12.3.1/thumb/v7-m/nofp/crtbegin.o
 *(.init)
 .init          0x0800d1f8        0x4 I:/STM32CubeIDE_1.14.0/STM32CubeIDE/plugins/com.st.stm32cube.ide.mcu.externaltools.gnu-tools-for-stm32.12.3.rel1.win32_1.1.0.202410251130/tools/bin/../lib/gcc/arm-none-eabi/12.3.1/thumb/v7-m/nofp/crti.o
                0x0800d1f8                _init
 .init          0x0800d1fc        0x8 I:/STM32CubeIDE_1.14.0/STM32CubeIDE/plugins/com.st.stm32cube.ide.mcu.externaltools.gnu-tools-for-stm32.12.3.rel1.win32_1.1.0.202410251130/tools/bin/../lib/gcc/arm-none-eabi/12.3.1/thumb/v7-m/nofp/crtn.o
 *(.fini)
 .fini          0x0800d204        0x4 I:/STM32CubeIDE_1.14.0/STM32CubeIDE/plugins/com.st.stm32cube.ide.mcu.externaltools.gnu-tools-for-stm32.12.3.rel1.win32_1.1.0.202410251130/tools/bin/../lib/gcc/arm-none-eabi/12.3.1/thumb/v7-m/nofp/crti.o
                0x0800d204                _fini
 .fini          0x0800d208        0x8 I:/STM32CubeIDE_1.14.0/STM32CubeIDE/plugins/com.st.stm32cube.ide.mcu.externaltools.gnu-tools-for-stm32.12.3.rel1.win32_1.1.0.202410251130/tools/bin/../lib/gcc/arm-none-eabi/12.3.1/thumb/v7-m/nofp/crtn.o
                0x0800d210                        . = ALIGN (0x4)
                0x0800d210                        _etext = .

.vfp11_veneer   0x0800d210        0x0
 .vfp11_veneer  0x0800d210        0x0 linker stubs

.v4_bx          0x0800d210        0x0
 .v4_bx         0x0800d210        0x0 linker stubs

.iplt           0x0800d210        0x0
 .iplt          0x0800d210        0x0 I:/STM32CubeIDE_1.14.0/STM32CubeIDE/plugins/com.st.stm32cube.ide.mcu.externaltools.gnu-tools-for-stm32.12.3.rel1.win32_1.1.0.202410251130/tools/bin/../lib/gcc/arm-none-eabi/12.3.1/thumb/v7-m/nofp/crtbegin.o

.rodata         0x0800d210      0x500
                0x0800d210                        . = ALIGN (0x4)
 *(.rodata)
 .rodata        0x0800d210      0x144 ./Core/Src/main.o
 .rodata        0x0800d354        0x5 ./Middlewares/Third_Party/FreeRTOS/Source/tasks.o
 *(.rodata*)
 *fill*         0x0800d359        0x3 
 .rodata.AHBPrescTable
                0x0800d35c       0x10 ./Core/Src/system_stm32f1xx.o
                0x0800d35c                AHBPrescTable
 .rodata.APBPrescTable
                0x0800d36c        0x8 ./Core/Src/system_stm32f1xx.o
                0x0800d36c                APBPrescTable
 .rodata.aPLLMULFactorTable.1
                0x0800d374       0x10 ./Drivers/STM32F1xx_HAL_Driver/Src/stm32f1xx_hal_rcc.o
 .rodata.aPredivFactorTable.0
                0x0800d384        0x2 ./Drivers/STM32F1xx_HAL_Driver/Src/stm32f1xx_hal_rcc.o
 *fill*         0x0800d386        0x2 
 .rodata.aPLLMULFactorTable.1
                0x0800d388       0x10 ./Drivers/STM32F1xx_HAL_Driver/Src/stm32f1xx_hal_rcc_ex.o
 .rodata.aPredivFactorTable.0
                0x0800d398        0x2 ./Drivers/STM32F1xx_HAL_Driver/Src/stm32f1xx_hal_rcc_ex.o
 .rodata._ctype_
                0x0800d39a      0x101 I:/STM32CubeIDE_1.14.0/STM32CubeIDE/plugins/com.st.stm32cube.ide.mcu.externaltools.gnu-tools-for-stm32.12.3.rel1.win32_1.1.0.202410251130/tools/bin/../lib/gcc/arm-none-eabi/12.3.1/../../../../arm-none-eabi/lib/thumb/v7-m/nofp\libc_nano.a(libc_a-ctype_.o)
                0x0800d39a                _ctype_
 .rodata._printf_float.str1.1
                0x0800d49b       0x12 I:/STM32CubeIDE_1.14.0/STM32CubeIDE/plugins/com.st.stm32cube.ide.mcu.externaltools.gnu-tools-for-stm32.12.3.rel1.win32_1.1.0.202410251130/tools/bin/../lib/gcc/arm-none-eabi/12.3.1/../../../../arm-none-eabi/lib/thumb/v7-m/nofp\libc_nano.a(libc_a-nano-vfprintf_float.o)
 .rodata._printf_i.str1.1
                0x0800d4ad       0x22 I:/STM32CubeIDE_1.14.0/STM32CubeIDE/plugins/com.st.stm32cube.ide.mcu.externaltools.gnu-tools-for-stm32.12.3.rel1.win32_1.1.0.202410251130/tools/bin/../lib/gcc/arm-none-eabi/12.3.1/../../../../arm-none-eabi/lib/thumb/v7-m/nofp\libc_nano.a(libc_a-nano-vfprintf_i.o)
 .rodata._dtoa_r.str1.1
                0x0800d4cf       0x8d I:/STM32CubeIDE_1.14.0/STM32CubeIDE/plugins/com.st.stm32cube.ide.mcu.externaltools.gnu-tools-for-stm32.12.3.rel1.win32_1.1.0.202410251130/tools/bin/../lib/gcc/arm-none-eabi/12.3.1/../../../../arm-none-eabi/lib/thumb/v7-m/nofp\libc_nano.a(libc_a-dtoa.o)
                                 0x8f (size before relaxing)
 .rodata._Balloc.str1.1
                0x0800d55c       0x59 I:/STM32CubeIDE_1.14.0/STM32CubeIDE/plugins/com.st.stm32cube.ide.mcu.externaltools.gnu-tools-for-stm32.12.3.rel1.win32_1.1.0.202410251130/tools/bin/../lib/gcc/arm-none-eabi/12.3.1/../../../../arm-none-eabi/lib/thumb/v7-m/nofp\libc_nano.a(libc_a-mprec.o)
                                 0x70 (size before relaxing)
 .rodata.__multadd.str1.1
                0x0800d5b5       0x11 I:/STM32CubeIDE_1.14.0/STM32CubeIDE/plugins/com.st.stm32cube.ide.mcu.externaltools.gnu-tools-for-stm32.12.3.rel1.win32_1.1.0.202410251130/tools/bin/../lib/gcc/arm-none-eabi/12.3.1/../../../../arm-none-eabi/lib/thumb/v7-m/nofp\libc_nano.a(libc_a-mprec.o)
 *fill*         0x0800d5b5        0x3 
 .rodata.p05.0  0x0800d5b8        0xc I:/STM32CubeIDE_1.14.0/STM32CubeIDE/plugins/com.st.stm32cube.ide.mcu.externaltools.gnu-tools-for-stm32.12.3.rel1.win32_1.1.0.202410251130/tools/bin/../lib/gcc/arm-none-eabi/12.3.1/../../../../arm-none-eabi/lib/thumb/v7-m/nofp\libc_nano.a(libc_a-mprec.o)
 *fill*         0x0800d5c4        0x4 
 .rodata.__mprec_bigtens
                0x0800d5c8       0x28 I:/STM32CubeIDE_1.14.0/STM32CubeIDE/plugins/com.st.stm32cube.ide.mcu.externaltools.gnu-tools-for-stm32.12.3.rel1.win32_1.1.0.202410251130/tools/bin/../lib/gcc/arm-none-eabi/12.3.1/../../../../arm-none-eabi/lib/thumb/v7-m/nofp\libc_nano.a(libc_a-mprec.o)
                0x0800d5c8                __mprec_bigtens
 .rodata.__mprec_tens
                0x0800d5f0       0xc8 I:/STM32CubeIDE_1.14.0/STM32CubeIDE/plugins/com.st.stm32cube.ide.mcu.externaltools.gnu-tools-for-stm32.12.3.rel1.win32_1.1.0.202410251130/tools/bin/../lib/gcc/arm-none-eabi/12.3.1/../../../../arm-none-eabi/lib/thumb/v7-m/nofp\libc_nano.a(libc_a-mprec.o)
                0x0800d5f0                __mprec_tens
 .rodata._setlocale_r.str1.1
                0x0800d6b8        0x8 I:/STM32CubeIDE_1.14.0/STM32CubeIDE/plugins/com.st.stm32cube.ide.mcu.externaltools.gnu-tools-for-stm32.12.3.rel1.win32_1.1.0.202410251130/tools/bin/../lib/gcc/arm-none-eabi/12.3.1/../../../../arm-none-eabi/lib/thumb/v7-m/nofp\libc_nano.a(libc_a-locale.o)
                                  0x9 (size before relaxing)
 .rodata.str1.1
                0x0800d6c0        0x2 I:/STM32CubeIDE_1.14.0/STM32CubeIDE/plugins/com.st.stm32cube.ide.mcu.externaltools.gnu-tools-for-stm32.12.3.rel1.win32_1.1.0.202410251130/tools/bin/../lib/gcc/arm-none-eabi/12.3.1/../../../../arm-none-eabi/lib/thumb/v7-m/nofp\libc_nano.a(libc_a-locale.o)
 .rodata.__assert_func.str1.1
                0x0800d6c2       0x3c I:/STM32CubeIDE_1.14.0/STM32CubeIDE/plugins/com.st.stm32cube.ide.mcu.externaltools.gnu-tools-for-stm32.12.3.rel1.win32_1.1.0.202410251130/tools/bin/../lib/gcc/arm-none-eabi/12.3.1/../../../../arm-none-eabi/lib/thumb/v7-m/nofp\libc_nano.a(libc_a-assert.o)
                                 0x3d (size before relaxing)
 .rodata._vfprintf_r.str1.1
                0x0800d6fe       0x11 I:/STM32CubeIDE_1.14.0/STM32CubeIDE/plugins/com.st.stm32cube.ide.mcu.externaltools.gnu-tools-for-stm32.12.3.rel1.win32_1.1.0.202410251130/tools/bin/../lib/gcc/arm-none-eabi/12.3.1/../../../../arm-none-eabi/lib/thumb/v7-m/nofp\libc_nano.a(libc_a-nano-vfprintf.o)